Archive member included to satisfy reference by file (symbol)

C:/Users/Elias/.pico-sdk/toolchain/14_2_Rel1/bin/../lib/gcc/arm-none-eabi/14.2.1/thumb/v6-m/nofp\libgcc.a(_dvmd_tls.o)
                              CMakeFiles/tocando-com-buzzers.dir/C_/Users/Elias/.pico-sdk/sdk/2.1.1/src/rp2_common/pico_divider/divider_hardware.S.obj (__aeabi_idiv0)
C:/Users/Elias/.pico-sdk/toolchain/14_2_Rel1/bin/../lib/gcc/arm-none-eabi/14.2.1/thumb/v6-m/nofp\libg.a(libc_a-calloc.o)
                              CMakeFiles/tocando-com-buzzers.dir/C_/Users/Elias/.pico-sdk/sdk/2.1.1/src/rp2_common/pico_malloc/malloc.c.obj (calloc)
C:/Users/Elias/.pico-sdk/toolchain/14_2_Rel1/bin/../lib/gcc/arm-none-eabi/14.2.1/thumb/v6-m/nofp\libg.a(libc_a-callocr.o)
                              C:/Users/Elias/.pico-sdk/toolchain/14_2_Rel1/bin/../lib/gcc/arm-none-eabi/14.2.1/thumb/v6-m/nofp\libg.a(libc_a-calloc.o) (_calloc_r)
C:/Users/Elias/.pico-sdk/toolchain/14_2_Rel1/bin/../lib/gcc/arm-none-eabi/14.2.1/thumb/v6-m/nofp\libg.a(libc_a-malloc.o)
                              CMakeFiles/tocando-com-buzzers.dir/C_/Users/Elias/.pico-sdk/sdk/2.1.1/src/rp2_common/pico_malloc/malloc.c.obj (malloc)
C:/Users/Elias/.pico-sdk/toolchain/14_2_Rel1/bin/../lib/gcc/arm-none-eabi/14.2.1/thumb/v6-m/nofp\libg.a(libc_a-mallocr.o)
                              C:/Users/Elias/.pico-sdk/toolchain/14_2_Rel1/bin/../lib/gcc/arm-none-eabi/14.2.1/thumb/v6-m/nofp\libg.a(libc_a-callocr.o) (_malloc_r)
C:/Users/Elias/.pico-sdk/toolchain/14_2_Rel1/bin/../lib/gcc/arm-none-eabi/14.2.1/thumb/v6-m/nofp\libg.a(libc_a-mlock.o)
                              C:/Users/Elias/.pico-sdk/toolchain/14_2_Rel1/bin/../lib/gcc/arm-none-eabi/14.2.1/thumb/v6-m/nofp\libg.a(libc_a-mallocr.o) (__malloc_lock)
C:/Users/Elias/.pico-sdk/toolchain/14_2_Rel1/bin/../lib/gcc/arm-none-eabi/14.2.1/thumb/v6-m/nofp\libg.a(libc_a-realloc.o)
                              CMakeFiles/tocando-com-buzzers.dir/C_/Users/Elias/.pico-sdk/sdk/2.1.1/src/rp2_common/pico_malloc/malloc.c.obj (realloc)
C:/Users/Elias/.pico-sdk/toolchain/14_2_Rel1/bin/../lib/gcc/arm-none-eabi/14.2.1/thumb/v6-m/nofp\libg.a(libc_a-reallocr.o)
                              C:/Users/Elias/.pico-sdk/toolchain/14_2_Rel1/bin/../lib/gcc/arm-none-eabi/14.2.1/thumb/v6-m/nofp\libg.a(libc_a-realloc.o) (_realloc_r)
C:/Users/Elias/.pico-sdk/toolchain/14_2_Rel1/bin/../lib/gcc/arm-none-eabi/14.2.1/thumb/v6-m/nofp\libg.a(libc_a-ctype_.o)
                              CMakeFiles/tocando-com-buzzers.dir/src/led_functions.c.obj (_ctype_)
C:/Users/Elias/.pico-sdk/toolchain/14_2_Rel1/bin/../lib/gcc/arm-none-eabi/14.2.1/thumb/v6-m/nofp\libg.a(libc_a-memcmp.o)
                              CMakeFiles/tocando-com-buzzers.dir/C_/Users/Elias/.pico-sdk/sdk/2.1.1/src/rp2_common/pico_atomic/atomic.c.obj (memcmp)
C:/Users/Elias/.pico-sdk/toolchain/14_2_Rel1/bin/../lib/gcc/arm-none-eabi/14.2.1/thumb/v6-m/nofp\libg.a(libc_a-memmove.o)
                              C:/Users/Elias/.pico-sdk/toolchain/14_2_Rel1/bin/../lib/gcc/arm-none-eabi/14.2.1/thumb/v6-m/nofp\libg.a(libc_a-reallocr.o) (memmove)
C:/Users/Elias/.pico-sdk/toolchain/14_2_Rel1/bin/../lib/gcc/arm-none-eabi/14.2.1/thumb/v6-m/nofp\libg.a(libc_a-lcltime_r.o)
                              CMakeFiles/tocando-com-buzzers.dir/C_/Users/Elias/.pico-sdk/sdk/2.1.1/src/common/pico_util/datetime.c.obj (localtime_r)
C:/Users/Elias/.pico-sdk/toolchain/14_2_Rel1/bin/../lib/gcc/arm-none-eabi/14.2.1/thumb/v6-m/nofp\libg.a(libc_a-mktime.o)
                              CMakeFiles/tocando-com-buzzers.dir/C_/Users/Elias/.pico-sdk/sdk/2.1.1/src/common/pico_util/datetime.c.obj (mktime)
C:/Users/Elias/.pico-sdk/toolchain/14_2_Rel1/bin/../lib/gcc/arm-none-eabi/14.2.1/thumb/v6-m/nofp\libg.a(libc_a-month_lengths.o)
                              C:/Users/Elias/.pico-sdk/toolchain/14_2_Rel1/bin/../lib/gcc/arm-none-eabi/14.2.1/thumb/v6-m/nofp\libg.a(libc_a-lcltime_r.o) (__month_lengths)
C:/Users/Elias/.pico-sdk/toolchain/14_2_Rel1/bin/../lib/gcc/arm-none-eabi/14.2.1/thumb/v6-m/nofp\libg.a(libc_a-tzcalc_limits.o)
                              C:/Users/Elias/.pico-sdk/toolchain/14_2_Rel1/bin/../lib/gcc/arm-none-eabi/14.2.1/thumb/v6-m/nofp\libg.a(libc_a-lcltime_r.o) (__tzcalc_limits)
C:/Users/Elias/.pico-sdk/toolchain/14_2_Rel1/bin/../lib/gcc/arm-none-eabi/14.2.1/thumb/v6-m/nofp\libg.a(libc_a-tzlock.o)
                              C:/Users/Elias/.pico-sdk/toolchain/14_2_Rel1/bin/../lib/gcc/arm-none-eabi/14.2.1/thumb/v6-m/nofp\libg.a(libc_a-lcltime_r.o) (__tz_lock)
C:/Users/Elias/.pico-sdk/toolchain/14_2_Rel1/bin/../lib/gcc/arm-none-eabi/14.2.1/thumb/v6-m/nofp\libg.a(libc_a-tzset.o)
                              C:/Users/Elias/.pico-sdk/toolchain/14_2_Rel1/bin/../lib/gcc/arm-none-eabi/14.2.1/thumb/v6-m/nofp\libg.a(libc_a-lcltime_r.o) (_tzset_unlocked)
C:/Users/Elias/.pico-sdk/toolchain/14_2_Rel1/bin/../lib/gcc/arm-none-eabi/14.2.1/thumb/v6-m/nofp\libg.a(libc_a-tzset_r.o)
[...]
Memory Configuration

Name             Origin             Length             Attributes
FLASH            0x10000000         0x00200000         xr
RAM              0x20000000         0x00040000         xrw
SCRATCH_X        0x20040000         0x00001000         xrw
SCRATCH_Y        0x20041000         0x00001000         xrw
*default*        0x00000000         0xffffffff

Linker script and memory map

LOAD C:/Users/Elias/.pico-sdk/toolchain/14_2_Rel1/bin/../lib/gcc/arm-none-eabi/14.2.1/thumb/v6-m/nofp/crti.o
LOAD C:/Users/Elias/.pico-sdk/toolchain/14_2_Rel1/bin/../lib/gcc/arm-none-eabi/14.2.1/thumb/v6-m/nofp/crtbegin.o
LOAD C:/Users/Elias/.pico-sdk/toolchain/14_2_Rel1/bin/../lib/gcc/arm-none-eabi/14.2.1/thumb/v6-m/nofp/crt0.o

.flash_begin    0x10000000        0x0
                0x10000000                        __flash_binary_start = .

.boot2          0x10000000      0x100
                0x10000000                        __boot2_start__ = .
 *(.boot2)
 .boot2         0x10000000      0x100 pico-sdk/src/rp2040/boot_stage2/CMakeFiles/bs2_default_library.dir/./bs2_default_padded_checksummed.S.obj
                0x10000100                        __boot2_end__ = .
                0x00000001                        ASSERT (((__boot2_end__ - __boot2_start__) == 0x100), ERROR: Pico second stage bootloader must be 256 bytes in size)

.text           0x10000100     0x828c
                0x10000100                        __logical_binary_start = .
 *(.vectors)
 .vectors       0x10000100       0xd4 CMakeFiles/tocando-com-buzzers.dir/C_/Users/Elias/.pico-sdk/sdk/2.1.1/src/rp2_common/pico_crt0/crt0.S.obj
                0x10000100                __VECTOR_TABLE
                0x10000100                __vectors
                0x100001c0                isr_invalid
                0x100001c0                __default_isrs_start
                0x100001c2                isr_nmi
                0x100001c4                isr_hardfault
                0x100001c6                isr_svcall
                0x100001c8                isr_pendsv
                0x100001ca                isr_systick
                0x100001cc                isr_irq23
                0x100001cc                isr_irq18
                0x100001cc                isr_irq11
                0x100001cc                isr_irq28
                0x100001cc                isr_irq19
                0x100001cc                isr_irq0
                0x100001cc                isr_irq6
                0x100001cc                isr_irq5
                0x100001cc                isr_irq12
                0x100001cc                isr_irq22
                0x100001cc                isr_irq31
                0x100001cc                isr_irq17
                0x100001cc                isr_irq27
                0x100001cc                isr_irq30
                0x100001cc                isr_irq2
                0x100001cc                isr_irq10
                0x100001cc                isr_irq8
                0x100001cc                isr_irq24
                0x100001cc                isr_irq1
                0x100001cc                isr_irq7
                0x100001cc                isr_irq21
                0x100001cc                isr_irq20
                0x100001cc                isr_irq15
                0x100001cc                isr_irq25
                0x100001cc                isr_irq13
                0x100001cc                __unhandled_user_irq
                0x100001cc                isr_irq4
                0x100001cc                isr_irq16
                0x100001cc                isr_irq29
                0x100001cc                isr_irq26
                0x100001cc                __default_isrs_end
                0x100001cc                isr_irq3
                0x100001cc                isr_irq14
                0x100001cc                isr_irq9
                0x100001d2                unhandled_user_irq_num_in_r0
 *(.binary_info_header)
 .binary_info_header
                0x100001d4       0x14 CMakeFiles/tocando-com-buzzers.dir/C_/Users/Elias/.pico-sdk/sdk/2.1.1/src/rp2_common/pico_crt0/crt0.S.obj
                0x100001e8                        __binary_info_header_end = .
 *(.embedded_block)
                0x100001e8                        __embedded_block_end = .
 *(.reset)
 .reset         0x100001e8       0x9c CMakeFiles/tocando-com-buzzers.dir/C_/Users/Elias/.pico-sdk/sdk/2.1.1/src/rp2_common/pico_crt0/crt0.S.obj
                0x100001e8                _entry_point
 *(.init)
 .init          0x10000284        0x4 C:/Users/Elias/.pico-sdk/toolchain/14_2_Rel1/bin/../lib/gcc/arm-none-eabi/14.2.1/thumb/v6-m/nofp/crti.o
                0x10000284                _init
 *(EXCLUDE_FILE(*libm.a: *libc.a:*lib_a-mem*.o *libgcc.a:) .text*)
 .text.register_tm_clones
                0x10000288       0x28 C:/Users/Elias/.pico-sdk/toolchain/14_2_Rel1/bin/../lib/gcc/arm-none-eabi/14.2.1/thumb/v6-m/nofp/crtbegin.o
 .text.frame_dummy
                0x100002b0       0x24 C:/Users/Elias/.pico-sdk/toolchain/14_2_Rel1/bin/../lib/gcc/arm-none-eabi/14.2.1/thumb/v6-m/nofp/crtbegin.o
 .text.startup.main
                0x100002d4      0x114 CMakeFiles/tocando-com-buzzers.dir/src/main.c.obj
                0x100002d4                main
 .text.btn_callback
                0x100003e8      0x1e4 CMakeFiles/tocando-com-buzzers.dir/src/timers_callback.c.obj
                0x100003e8                btn_callback
 .text.gpio_pin_init
                0x100005cc       0x30 CMakeFiles/tocando-com-buzzers.dir/src/timers_callback.c.obj
                0x100005cc                gpio_pin_init
 .text.pwm_init_buzzer
                0x100005fc       0x70 CMakeFiles/tocando-com-buzzers.dir/src/ocarina.c.obj
                0x100005fc                pwm_init_buzzer
 .text.play_song_of_storms
                0x1000066c       0xf4 CMakeFiles/tocando-com-buzzers.dir/src/ocarina.c.obj
                0x1000066c                play_song_of_storms
 .text.play_secret_tune
                0x10000760       0xf4 CMakeFiles/tocando-com-buzzers.dir/src/ocarina.c.obj
                0x10000760                play_secret_tune
 .text.play_ocarina_note
                0x10000854       0xa8 CMakeFiles/tocando-com-buzzers.dir/src/ocarina.c.obj
                0x10000854                play_ocarina_note
 .text.stop_ocarina_note
                0x100008fc       0x20 CMakeFiles/tocando-com-buzzers.dir/src/ocarina.c.obj
                0x100008fc                stop_ocarina_note
 .text.reset_player_buffer
                0x1000091c       0x24 CMakeFiles/tocando-com-buzzers.dir/src/ocarina.c.obj
                0x1000091c                reset_player_buffer
 .text.check_note_sequence
                0x10000940       0x74 CMakeFiles/tocando-com-buzzers.dir/src/ocarina.c.obj
                0x10000940                check_note_sequence
 .text.main_program_init
                0x100009b4      0x104 CMakeFiles/tocando-com-buzzers.dir/src/main_pio.c.obj
                0x100009b4                main_program_init
 .text.init_system
                0x10000ab8       0x78 CMakeFiles/tocando-com-buzzers.dir/src/led_functions.c.obj
                0x10000ab8                init_system
 .text.display_frame
                0x10000b30      0x224 CMakeFiles/tocando-com-buzzers.dir/src/led_functions.c.obj
                0x10000b30                display_frame
 .text.display_joystick_frame
                0x10000d54       0xd8 CMakeFiles/tocando-com-buzzers.dir/src/led_functions.c.obj
                0x10000d54                display_joystick_frame
 .text.joystick_init
                0x10000e2c       0x44 CMakeFiles/tocando-com-buzzers.dir/src/joystick.c.obj
                0x10000e2c                joystick_init
 .text.joystick_update
                0x10000e70      0x180 CMakeFiles/tocando-com-buzzers.dir/src/joystick.c.obj
                0x10000e70                joystick_update
 .text.gpio_default_irq_handler
                0x10000ff0      0x2c8 CMakeFiles/tocando-com-buzzers.dir/C_/Users/Elias/.pico-sdk/sdk/2.1.1/src/rp2_common/hardware_gpio/gpio.c.obj
 .text.gpio_set_function
                0x100012b8       0x34 CMakeFiles/tocando-com-buzzers.dir/C_/Users/Elias/.pico-sdk/sdk/2.1.1/src/rp2_common/hardware_gpio/gpio.c.obj
                0x100012b8                gpio_set_function
 .text.gpio_set_pulls
                0x100012ec       0x28 CMakeFiles/tocando-com-buzzers.dir/C_/Users/Elias/.pico-sdk/sdk/2.1.1/src/rp2_common/hardware_gpio/gpio.c.obj
                0x100012ec                gpio_set_pulls
 .text.gpio_set_irq_enabled_with_callback
                0x10001314       0xd0 CMakeFiles/tocando-com-buzzers.dir/C_/Users/Elias/.pico-sdk/sdk/2.1.1/src/rp2_common/hardware_gpio/gpio.c.obj
                0x10001314                gpio_set_irq_enabled_with_callback
 .text.gpio_set_input_enabled
                0x100013e4       0x28 CMakeFiles/tocando-com-buzzers.dir/C_/Users/Elias/.pico-sdk/sdk/2.1.1/src/rp2_common/hardware_gpio/gpio.c.obj
                0x100013e4                gpio_set_input_enabled
 .text.gpio_init
                0x1000140c       0x40 CMakeFiles/tocando-com-buzzers.dir/C_/Users/Elias/.pico-sdk/sdk/2.1.1/src/rp2_common/hardware_gpio/gpio.c.obj
                0x1000140c                gpio_init
 .text.rp2040_chip_version
                0x1000144c        0xc CMakeFiles/tocando-com-buzzers.dir/C_/Users/Elias/.pico-sdk/sdk/2.1.1/src/rp2040/pico_platform/platform.c.obj
                0x1000144c                rp2040_chip_version
 .text.panic    0x10001458       0x30 CMakeFiles/tocando-com-buzzers.dir/C_/Users/Elias/.pico-sdk/sdk/2.1.1/src/rp2_common/pico_platform_panic/panic.c.obj
                0x10001458                panic
 .text.hw_claim_lock
                0x10001488       0x18 CMakeFiles/tocando-com-buzzers.dir/C_/Users/Elias/.pico-sdk/sdk/2.1.1/src/common/hardware_claim/claim.c.obj
                0x10001488                hw_claim_lock
 .text.hw_claim_unlock
                0x100014a0       0x14 CMakeFiles/tocando-com-buzzers.dir/C_/Users/Elias/.pico-sdk/sdk/2.1.1/src/common/hardware_claim/claim.c.obj
                0x100014a0                hw_claim_unlock
 .text.hw_claim_or_assert
                0x100014b4       0x44 CMakeFiles/tocando-com-buzzers.dir/C_/Users/Elias/.pico-sdk/sdk/2.1.1/src/common/hardware_claim/claim.c.obj
                0x100014b4                hw_claim_or_assert
 .text.hw_claim_unused_from_range
                0x100014f8       0x88 CMakeFiles/tocando-com-buzzers.dir/C_/Users/Elias/.pico-sdk/sdk/2.1.1/src/common/hardware_claim/claim.c.obj
                0x100014f8                hw_claim_unused_from_range
 .text.next_striped_spin_lock_num
                0x10001580       0x18 CMakeFiles/tocando-com-buzzers.dir/C_/Users/Elias/.pico-sdk/sdk/2.1.1/src/rp2_common/hardware_sync/sync.c.obj
                0x10001580                next_striped_spin_lock_num
 .text.spin_lock_claim_unused
                0x10001598       0x24 CMakeFiles/tocando-com-buzzers.dir/C_/Users/Elias/.pico-sdk/sdk/2.1.1/src/rp2_common/hardware_sync/sync.c.obj
                0x10001598                spin_lock_claim_unused
 .text.spin_locks_reset
                0x100015bc       0x1c CMakeFiles/tocando-com-buzzers.dir/C_/Users/Elias/.pico-sdk/sdk/2.1.1/src/rp2_common/hardware_sync_spin_lock/sync_spin_lock.c.obj
                0x100015bc                spin_locks_reset
 .text.runtime_init_per_core_irq_priorities
                0x100015d8       0x24 CMakeFiles/tocando-com-buzzers.dir/C_/Users/Elias/.pico-sdk/sdk/2.1.1/src/rp2_common/hardware_irq/irq.c.obj
                0x100015d8                runtime_init_per_core_irq_priorities
 .text.irq_set_enabled
                0x100015fc       0x24 CMakeFiles/tocando-com-buzzers.dir/C_/Users/Elias/.pico-sdk/sdk/2.1.1/src/rp2_common/hardware_irq/irq.c.obj
                0x100015fc                irq_set_enabled
 .text.irq_is_enabled
                0x10001620       0x18 CMakeFiles/tocando-com-buzzers.dir/C_/Users/Elias/.pico-sdk/sdk/2.1.1/src/rp2_common/hardware_irq/irq.c.obj
                0x10001620                irq_is_enabled
 .text.irq_set_pending
                0x10001638       0x10 CMakeFiles/tocando-com-buzzers.dir/C_/Users/Elias/.pico-sdk/sdk/2.1.1/src/rp2_common/hardware_irq/irq.c.obj
                0x10001638                irq_set_pending
 .text.irq_has_shared_handler
                0x10001648       0x24 CMakeFiles/tocando-com-buzzers.dir/C_/Users/Elias/.pico-sdk/sdk/2.1.1/src/rp2_common/hardware_irq/irq.c.obj
                0x10001648                irq_has_shared_handler
 .text.irq_set_exclusive_handler
                0x1000166c       0x54 CMakeFiles/tocando-com-buzzers.dir/C_/Users/Elias/.pico-sdk/sdk/2.1.1/src/rp2_common/hardware_irq/irq.c.obj
                0x1000166c                irq_set_exclusive_handler
 .text.irq_add_shared_handler
                0x100016c0      0x1f4 CMakeFiles/tocando-com-buzzers.dir/C_/Users/Elias/.pico-sdk/sdk/2.1.1/src/rp2_common/hardware_irq/irq.c.obj
                0x100016c0                irq_add_shared_handler
 .text.irq_remove_handler
                0x100018b4      0x1d4 CMakeFiles/tocando-com-buzzers.dir/C_/Users/Elias/.pico-sdk/sdk/2.1.1/src/rp2_common/hardware_irq/irq.c.obj
                0x100018b4                irq_remove_handler
 .text.irq_add_tail_to_free_list
                0x10001a88       0xb4 CMakeFiles/tocando-com-buzzers.dir/C_/Users/Elias/.pico-sdk/sdk/2.1.1/src/rp2_common/hardware_irq/irq.c.obj
                0x10001a88                irq_add_tail_to_free_list
 .text.user_irq_claim_unused
                0x10001b3c       0x2c CMakeFiles/tocando-com-buzzers.dir/C_/Users/Elias/.pico-sdk/sdk/2.1.1/src/rp2_common/hardware_irq/irq.c.obj
                0x10001b3c                user_irq_claim_unused
 .text.lock_init
                0x10001b68       0x10 CMakeFiles/tocando-com-buzzers.dir/C_/Users/Elias/.pico-sdk/sdk/2.1.1/src/common/pico_sync/lock_core.c.obj
                0x10001b68                lock_init
 .text.runtime_init_mutex
                0x10001b78       0x50 CMakeFiles/tocando-com-buzzers.dir/C_/Users/Elias/.pico-sdk/sdk/2.1.1/src/common/pico_sync/mutex.c.obj
                0x10001b78                runtime_init_mutex
 .text.mutex_init
                0x10001bc8       0x1c CMakeFiles/tocando-com-buzzers.dir/C_/Users/Elias/.pico-sdk/sdk/2.1.1/src/common/pico_sync/mutex.c.obj
                0x10001bc8                mutex_init
 .text.critical_section_init
                0x10001be4       0x1c CMakeFiles/tocando-com-buzzers.dir/C_/Users/Elias/.pico-sdk/sdk/2.1.1/src/common/pico_sync/critical_section.c.obj
                0x10001be4                critical_section_init
 .text.critical_section_init_with_lock_num
                0x10001c00       0x14 CMakeFiles/tocando-com-buzzers.dir/C_/Users/Elias/.pico-sdk/sdk/2.1.1/src/common/pico_sync/critical_section.c.obj
                0x10001c00                critical_section_init_with_lock_num
 .text.sleep_until_callback
                0x10001c14       0x30 CMakeFiles/tocando-com-buzzers.dir/C_/Users/Elias/.pico-sdk/sdk/2.1.1/src/common/pico_time/time.c.obj
 .text.alarm_pool_irq_handler
                0x10001c44      0x300 CMakeFiles/tocando-com-buzzers.dir/C_/Users/Elias/.pico-sdk/sdk/2.1.1/src/common/pico_time/time.c.obj
 .text.runtime_init_default_alarm_pool
                0x10001f44       0xdc CMakeFiles/tocando-com-buzzers.dir/C_/Users/Elias/.pico-sdk/sdk/2.1.1/src/common/pico_time/time.c.obj
                0x10001f44                runtime_init_default_alarm_pool
 .text.alarm_pool_get_default
                0x10002020        0x8 CMakeFiles/tocando-com-buzzers.dir/C_/Users/Elias/.pico-sdk/sdk/2.1.1/src/common/pico_time/time.c.obj
                0x10002020                alarm_pool_get_default
 .text.alarm_pool_add_alarm_at
                0x10002028       0xd0 CMakeFiles/tocando-com-buzzers.dir/C_/Users/Elias/.pico-sdk/sdk/2.1.1/src/common/pico_time/time.c.obj
                0x10002028                alarm_pool_add_alarm_at
 .text.alarm_pool_add_alarm_at_force_in_context
                0x100020f8       0xb0 CMakeFiles/tocando-com-buzzers.dir/C_/Users/Elias/.pico-sdk/sdk/2.1.1/src/common/pico_time/time.c.obj
                0x100020f8                alarm_pool_add_alarm_at_force_in_context
 .text.alarm_pool_cancel_alarm
                0x100021a8       0x74 CMakeFiles/tocando-com-buzzers.dir/C_/Users/Elias/.pico-sdk/sdk/2.1.1/src/common/pico_time/time.c.obj
                0x100021a8                alarm_pool_cancel_alarm
 .text.alarm_pool_core_num
                0x1000221c        0x4 CMakeFiles/tocando-com-buzzers.dir/C_/Users/Elias/.pico-sdk/sdk/2.1.1/src/common/pico_time/time.c.obj
                0x1000221c                alarm_pool_core_num
 .text.sleep_us
                0x10002220       0xec CMakeFiles/tocando-com-buzzers.dir/C_/Users/Elias/.pico-sdk/sdk/2.1.1/src/common/pico_time/time.c.obj
                0x10002220                sleep_us
 .text.best_effort_wfe_or_timeout
                0x1000230c      0x10c CMakeFiles/tocando-com-buzzers.dir/C_/Users/Elias/.pico-sdk/sdk/2.1.1/src/common/pico_time/time.c.obj
                0x1000230c                best_effort_wfe_or_timeout
 .text.timer_hardware_alarm_claim
                0x10002418       0x14 CMakeFiles/tocando-com-buzzers.dir/C_/Users/Elias/.pico-sdk/sdk/2.1.1/src/rp2_common/hardware_timer/timer.c.obj
                0x10002418                timer_hardware_alarm_claim
 .text.timer_time_us_64
                0x1000242c       0x10 CMakeFiles/tocando-com-buzzers.dir/C_/Users/Elias/.pico-sdk/sdk/2.1.1/src/rp2_common/hardware_timer/timer.c.obj
                0x1000242c                timer_time_us_64
 .text.time_us_64
                0x1000243c       0x14 CMakeFiles/tocando-com-buzzers.dir/C_/Users/Elias/.pico-sdk/sdk/2.1.1/src/rp2_common/hardware_timer/timer.c.obj
                0x1000243c                time_us_64
 .text.busy_wait_us
                0x10002450       0x68 CMakeFiles/tocando-com-buzzers.dir/C_/Users/Elias/.pico-sdk/sdk/2.1.1/src/rp2_common/hardware_timer/timer.c.obj
                0x10002450                busy_wait_us
 .text.busy_wait_until
                0x100024b8       0x20 CMakeFiles/tocando-com-buzzers.dir/C_/Users/Elias/.pico-sdk/sdk/2.1.1/src/rp2_common/hardware_timer/timer.c.obj
                0x100024b8                busy_wait_until
 .text.uart_init
                0x100024d8      0x120 CMakeFiles/tocando-com-buzzers.dir/C_/Users/Elias/.pico-sdk/sdk/2.1.1/src/rp2_common/hardware_uart/uart.c.obj
                0x100024d8                uart_init
 .text.clock_configure_int_divider
                0x100025f8       0xf4 CMakeFiles/tocando-com-buzzers.dir/C_/Users/Elias/.pico-sdk/sdk/2.1.1/src/rp2_common/hardware_clocks/clocks.c.obj
                0x100025f8                clock_configure_int_divider
 .text.clock_configure_undivided
                0x100026ec       0xe8 CMakeFiles/tocando-com-buzzers.dir/C_/Users/Elias/.pico-sdk/sdk/2.1.1/src/rp2_common/hardware_clocks/clocks.c.obj
                0x100026ec                clock_configure_undivided
 .text.clock_get_hz
                0x100027d4        0xc CMakeFiles/tocando-com-buzzers.dir/C_/Users/Elias/.pico-sdk/sdk/2.1.1/src/rp2_common/hardware_clocks/clocks.c.obj
                0x100027d4                clock_get_hz
 .text.set_sys_clock_pll
                0x100027e0      0x1b8 CMakeFiles/tocando-com-buzzers.dir/C_/Users/Elias/.pico-sdk/sdk/2.1.1/src/rp2_common/hardware_clocks/clocks.c.obj
                0x100027e0                set_sys_clock_pll
 .text.check_sys_clock_khz
                0x10002998      0x26c CMakeFiles/tocando-com-buzzers.dir/C_/Users/Elias/.pico-sdk/sdk/2.1.1/src/rp2_common/hardware_clocks/clocks.c.obj
                0x10002998                check_sys_clock_khz
 .text.pll_init
                0x10002c04       0xa4 CMakeFiles/tocando-com-buzzers.dir/C_/Users/Elias/.pico-sdk/sdk/2.1.1/src/rp2_common/hardware_pll/pll.c.obj
                0x10002c04                pll_init
 .text.watchdog_reboot
                0x10002ca8       0x9c CMakeFiles/tocando-com-buzzers.dir/C_/Users/Elias/.pico-sdk/sdk/2.1.1/src/rp2_common/hardware_watchdog/watchdog.c.obj
                0x10002ca8                watchdog_reboot
 .text.tick_start
                0x10002d44       0x10 CMakeFiles/tocando-com-buzzers.dir/C_/Users/Elias/.pico-sdk/sdk/2.1.1/src/rp2_common/hardware_ticks/ticks.c.obj
                0x10002d44                tick_start
 .text.rom_func_lookup
                0x10002d54       0x10 CMakeFiles/tocando-com-buzzers.dir/C_/Users/Elias/.pico-sdk/sdk/2.1.1/src/rp2_common/pico_bootrom/bootrom.c.obj
                0x10002d54                rom_func_lookup
 .text.rom_data_lookup
                0x10002d64       0x10 CMakeFiles/tocando-com-buzzers.dir/C_/Users/Elias/.pico-sdk/sdk/2.1.1/src/rp2_common/pico_bootrom/bootrom.c.obj
                0x10002d64                rom_data_lookup
 .text.rom_funcs_lookup
                0x10002d74       0x44 CMakeFiles/tocando-com-buzzers.dir/C_/Users/Elias/.pico-sdk/sdk/2.1.1/src/rp2_common/pico_bootrom/bootrom.c.obj
                0x10002d74                rom_funcs_lookup
 .text.rom_reset_usb_boot
                0x10002db8       0x1c CMakeFiles/tocando-com-buzzers.dir/C_/Users/Elias/.pico-sdk/sdk/2.1.1/src/rp2_common/pico_bootrom/bootrom.c.obj
                0x10002db8                rom_reset_usb_boot
 .text.rom_reset_usb_boot_extra
                0x10002dd4       0x24 CMakeFiles/tocando-com-buzzers.dir/C_/Users/Elias/.pico-sdk/sdk/2.1.1/src/rp2_common/pico_bootrom/bootrom.c.obj
                0x10002dd4                rom_reset_usb_boot_extra
 .text.xosc_init
                0x10002df8       0x28 CMakeFiles/tocando-com-buzzers.dir/C_/Users/Elias/.pico-sdk/sdk/2.1.1/src/rp2_common/hardware_xosc/xosc.c.obj
                0x10002df8                xosc_init
 .text.first_per_core_initializer
                0x10002e20        0x4 CMakeFiles/tocando-com-buzzers.dir/C_/Users/Elias/.pico-sdk/sdk/2.1.1/src/rp2_common/pico_runtime/runtime.c.obj
 .text.hard_assertion_failure
                0x10002e24        0xc CMakeFiles/tocando-com-buzzers.dir/C_/Users/Elias/.pico-sdk/sdk/2.1.1/src/rp2_common/pico_runtime/runtime.c.obj
                0x10002e24                hard_assertion_failure
 .text.runtime_run_initializers
                0x10002e30       0x28 CMakeFiles/tocando-com-buzzers.dir/C_/Users/Elias/.pico-sdk/sdk/2.1.1/src/rp2_common/pico_runtime/runtime.c.obj
                0x10002e30                runtime_run_initializers
 .text.runtime_init_early_resets
                0x10002e58       0x2c CMakeFiles/tocando-com-buzzers.dir/C_/Users/Elias/.pico-sdk/sdk/2.1.1/src/rp2_common/pico_runtime_init/runtime_init.c.obj
                0x10002e58                runtime_init_early_resets
 .text.runtime_init_usb_power_down
                0x10002e84       0x1c CMakeFiles/tocando-com-buzzers.dir/C_/Users/Elias/.pico-sdk/sdk/2.1.1/src/rp2_common/pico_runtime_init/runtime_init.c.obj
                0x10002e84                runtime_init_usb_power_down
 .text.runtime_init_post_clock_resets
                0x10002ea0       0x20 CMakeFiles/tocando-com-buzzers.dir/C_/Users/Elias/.pico-sdk/sdk/2.1.1/src/rp2_common/pico_runtime_init/runtime_init.c.obj
                0x10002ea0                runtime_init_post_clock_resets
 .text.runtime_init_rp2040_gpio_ie_disable
                0x10002ec0       0x14 CMakeFiles/tocando-com-buzzers.dir/C_/Users/Elias/.pico-sdk/sdk/2.1.1/src/rp2_common/pico_runtime_init/runtime_init.c.obj
                0x10002ec0                runtime_init_rp2040_gpio_ie_disable
 .text.runtime_init_spin_locks_reset
                0x10002ed4        0x8 CMakeFiles/tocando-com-buzzers.dir/C_/Users/Elias/.pico-sdk/sdk/2.1.1/src/rp2_common/pico_runtime_init/runtime_init.c.obj
                0x10002ed4                runtime_init_spin_locks_reset
 .text.runtime_init_install_ram_vector_table
                0x10002edc       0x1c CMakeFiles/tocando-com-buzzers.dir/C_/Users/Elias/.pico-sdk/sdk/2.1.1/src/rp2_common/pico_runtime_init/runtime_init.c.obj
                0x10002edc                runtime_init_install_ram_vector_table
 .text.runtime_init_clocks
                0x10002ef8       0xd8 CMakeFiles/tocando-com-buzzers.dir/C_/Users/Elias/.pico-sdk/sdk/2.1.1/src/rp2_common/pico_runtime_init/runtime_init_clocks.c.obj
                0x10002ef8                runtime_init_clocks
 .text          0x10002fd0       0x10 CMakeFiles/tocando-com-buzzers.dir/C_/Users/Elias/.pico-sdk/sdk/2.1.1/src/rp2_common/pico_bit_ops/bit_ops_aeabi.S.obj
 .text.__wrap___aeabi_idiv
                0x10002fe0       0x50 CMakeFiles/tocando-com-buzzers.dir/C_/Users/Elias/.pico-sdk/sdk/2.1.1/src/rp2_common/pico_divider/divider_hardware.S.obj
                0x10002fe0                __wrap___aeabi_idivmod
                0x10002fe0                divmod_s32s32
                0x10002fe0                div_s32s32
                0x10002fe0                __wrap___aeabi_idiv
                0x10002fe8                divmod_s32s32_unsafe
                0x10003014                divmod_s32s32_savestate
 .text.__wrap___aeabi_uidiv
                0x10003030       0x4c CMakeFiles/tocando-com-buzzers.dir/C_/Users/Elias/.pico-sdk/sdk/2.1.1/src/rp2_common/pico_divider/divider_hardware.S.obj
                0x10003030                __wrap___aeabi_uidiv
                0x10003030                __wrap___aeabi_uidivmod
                0x10003030                div_u32u32
                0x10003030                divmod_u32u32
                0x10003038                divmod_u32u32_unsafe
                0x10003060                divmod_u32u32_savestate
 .text.__wrap___aeabi_ldiv
                0x1000307c      0x424 CMakeFiles/tocando-com-buzzers.dir/C_/Users/Elias/.pico-sdk/sdk/2.1.1/src/rp2_common/pico_divider/divider_hardware.S.obj
                0x1000307c                div_s64s64
                0x1000307c                divmod_s64s64
                0x1000307c                __wrap___aeabi_ldivmod
                0x100030ac                divmod_u64u64
                0x100030ac                div_u64u64
                0x100030ac                __wrap___aeabi_uldivmod
                0x100030bc                divmod_u64u64_savestate
                0x100030dc                divmod_s64s64_unsafe
                0x10003164                divmod_u64u64_unsafe
 .text.__wrap___aeabi_darithmetic
                0x100034a0       0x60 CMakeFiles/tocando-com-buzzers.dir/C_/Users/Elias/.pico-sdk/sdk/2.1.1/src/rp2_common/pico_double/double_aeabi_rp2040.S.obj
                0x100034a0                __wrap___aeabi_drsub
                0x100034a6                __wrap___aeabi_dsub
                0x100034b0                __wrap___aeabi_dadd
                0x100034ba                __wrap___aeabi_ddiv
                0x100034ee                __wrap___aeabi_dmul
 .text.__wrap___aeabi_cdcmple
                0x10003500       0x6c CMakeFiles/tocando-com-buzzers.dir/C_/Users/Elias/.pico-sdk/sdk/2.1.1/src/rp2_common/pico_double/double_aeabi_rp2040.S.obj
                0x10003500                __wrap___aeabi_cdrcmple
                0x10003510                __wrap___aeabi_cdcmpeq
                0x10003510                __wrap___aeabi_cdcmple
 .text.__wrap___aeabi_dcmplt
                0x1000356c        0xc CMakeFiles/tocando-com-buzzers.dir/C_/Users/Elias/.pico-sdk/sdk/2.1.1/src/rp2_common/pico_double/double_aeabi_rp2040.S.obj
                0x1000356c                __wrap___aeabi_dcmplt
 .text.__wrap___aeabi_dcmple
                0x10003578       0x10 CMakeFiles/tocando-com-buzzers.dir/C_/Users/Elias/.pico-sdk/sdk/2.1.1/src/rp2_common/pico_double/double_aeabi_rp2040.S.obj
                0x10003578                __wrap___aeabi_dcmple
 .text.__wrap___aeabi_dcmpge
                0x10003588       0x10 CMakeFiles/tocando-com-buzzers.dir/C_/Users/Elias/.pico-sdk/sdk/2.1.1/src/rp2_common/pico_double/double_aeabi_rp2040.S.obj
                0x10003588                __wrap___aeabi_dcmpge
 .text.__wrap___aeabi_dcmpgt
                0x10003598        0xa CMakeFiles/tocando-com-buzzers.dir/C_/Users/Elias/.pico-sdk/sdk/2.1.1/src/rp2_common/pico_double/double_aeabi_rp2040.S.obj
                0x10003598                __wrap___aeabi_dcmpgt
 .text.__wrap___aeabi_dcmpun
                0x100035a2       0x18 CMakeFiles/tocando-com-buzzers.dir/C_/Users/Elias/.pico-sdk/sdk/2.1.1/src/rp2_common/pico_double/double_aeabi_rp2040.S.obj
                0x100035a2                __wrap___aeabi_dcmpun
 *fill*         0x100035ba        0x2 
 .text.__wrap___aeabi_i2d
                0x100035bc       0x38 CMakeFiles/tocando-com-buzzers.dir/C_/Users/Elias/.pico-sdk/sdk/2.1.1/src/rp2_common/pico_double/double_aeabi_rp2040.S.obj
                0x100035bc                uint2double
                0x100035bc                __wrap___aeabi_ui2d
                0x100035c4                int2double
                0x100035c4                __wrap___aeabi_i2d
 .text.__wrap___aeabi_d2iz
                0x100035f4       0x48 CMakeFiles/tocando-com-buzzers.dir/C_/Users/Elias/.pico-sdk/sdk/2.1.1/src/rp2_common/pico_double/double_aeabi_rp2040.S.obj
                0x100035f4                double2int_z
                0x100035f4                __wrap___aeabi_d2iz
 .text.__wrap___aeabi_d2uiz
                0x1000363c       0x10 CMakeFiles/tocando-com-buzzers.dir/C_/Users/Elias/.pico-sdk/sdk/2.1.1/src/rp2_common/pico_double/double_aeabi_rp2040.S.obj
                0x1000363c                double2uint
                0x1000363c                __wrap___aeabi_d2uiz
                0x1000363c                double2uint_z
 .text.__wrap___aeabi_d2f
                0x1000364c       0x10 CMakeFiles/tocando-com-buzzers.dir/C_/Users/Elias/.pico-sdk/sdk/2.1.1/src/rp2_common/pico_double/double_aeabi_rp2040.S.obj
                0x1000364c                __wrap___aeabi_d2f
 .text.missing_double_func_shim
                0x1000365c        0xc CMakeFiles/tocando-com-buzzers.dir/C_/Users/Elias/.pico-sdk/sdk/2.1.1/src/rp2_common/pico_double/double_init_rom_rp2040.c.obj
 .text.__aeabi_double_init
                0x10003668       0xa0 CMakeFiles/tocando-com-buzzers.dir/C_/Users/Elias/.pico-sdk/sdk/2.1.1/src/rp2_common/pico_double/double_init_rom_rp2040.c.obj
                0x10003668                __aeabi_double_init
 .text.double_table_shim_on_use_helper
                0x10003708       0x2c CMakeFiles/tocando-com-buzzers.dir/C_/Users/Elias/.pico-sdk/sdk/2.1.1/src/rp2_common/pico_double/double_v1_rom_shim_rp2040.S.obj
                0x10003708                double_table_shim_on_use_helper
 .text.__aeabi_lmul
                0x10003734       0x32 CMakeFiles/tocando-com-buzzers.dir/C_/Users/Elias/.pico-sdk/sdk/2.1.1/src/rp2_common/pico_int64_ops/pico_int64_ops_aeabi.S.obj
                0x10003734                __wrap___aeabi_lmul
 *fill*         0x10003766        0x2 
 .text.__wrap___aeabi_farithmetic
                0x10003768       0x48 CMakeFiles/tocando-com-buzzers.dir/C_/Users/Elias/.pico-sdk/sdk/2.1.1/src/rp2_common/pico_float/float_aeabi_rp2040.S.obj
                0x10003768                __wrap___aeabi_frsub
                0x1000376e                __wrap___aeabi_fsub
                0x10003774                __wrap___aeabi_fadd
                0x1000377a                __wrap___aeabi_fdiv
                0x100037a2                __wrap___aeabi_fmul
 .text.__wrap___aeabi_ui2f
                0x100037b0        0xa CMakeFiles/tocando-com-buzzers.dir/C_/Users/Elias/.pico-sdk/sdk/2.1.1/src/rp2_common/pico_float/float_aeabi_rp2040.S.obj
                0x100037b0                __wrap___aeabi_ui2f
                0x100037b0                uint2float
 *fill*         0x100037ba        0x2 
 .text.__wrap___aeabi_i2f
                0x100037bc       0x44 CMakeFiles/tocando-com-buzzers.dir/C_/Users/Elias/.pico-sdk/sdk/2.1.1/src/rp2_common/pico_float/float_aeabi_rp2040.S.obj
                0x100037bc                __wrap___aeabi_i2f
                0x100037bc                int2float
 .text.__wrap___aeabi_f2uiz
                0x10003800        0xc CMakeFiles/tocando-com-buzzers.dir/C_/Users/Elias/.pico-sdk/sdk/2.1.1/src/rp2_common/pico_float/float_aeabi_rp2040.S.obj
                0x10003800                float2uint_z
                0x10003800                __wrap___aeabi_f2uiz
                0x10003800                float2uint
 .text.missing_float_func_shim
                0x1000380c        0xc CMakeFiles/tocando-com-buzzers.dir/C_/Users/Elias/.pico-sdk/sdk/2.1.1/src/rp2_common/pico_float/float_init_rom_rp2040.c.obj
 .text.__aeabi_float_init
                0x10003818       0x5c CMakeFiles/tocando-com-buzzers.dir/C_/Users/Elias/.pico-sdk/sdk/2.1.1/src/rp2_common/pico_float/float_init_rom_rp2040.c.obj
                0x10003818                __aeabi_float_init
 .text          0x10003874       0x10 CMakeFiles/tocando-com-buzzers.dir/C_/Users/Elias/.pico-sdk/sdk/2.1.1/src/rp2_common/pico_mem_ops/mem_ops_aeabi.S.obj
                0x10003874                __aeabi_mem_init
 .text.memset   0x10003884        0xc CMakeFiles/tocando-com-buzzers.dir/C_/Users/Elias/.pico-sdk/sdk/2.1.1/src/rp2_common/pico_mem_ops/mem_ops_aeabi.S.obj
                0x10003884                __wrap_memset
 .text.memcpy   0x10003890        0xc CMakeFiles/tocando-com-buzzers.dir/C_/Users/Elias/.pico-sdk/sdk/2.1.1/src/rp2_common/pico_mem_ops/mem_ops_aeabi.S.obj
                0x10003890                __wrap_memcpy
                0x10003890                __wrap___aeabi_memcpy
 .text._out_null
                0x1000389c        0x4 CMakeFiles/tocando-com-buzzers.dir/C_/Users/Elias/.pico-sdk/sdk/2.1.1/src/rp2_common/pico_printf/printf.c.obj
 .text._out_rev
                0x100038a0       0xac CMakeFiles/tocando-com-buzzers.dir/C_/Users/Elias/.pico-sdk/sdk/2.1.1/src/rp2_common/pico_printf/printf.c.obj
 .text._ntoa_format
                0x1000394c      0x1cc CMakeFiles/tocando-com-buzzers.dir/C_/Users/Elias/.pico-sdk/sdk/2.1.1/src/rp2_common/pico_printf/printf.c.obj
 .text._out_char
                0x10003b18       0x10 CMakeFiles/tocando-com-buzzers.dir/C_/Users/Elias/.pico-sdk/sdk/2.1.1/src/rp2_common/pico_printf/printf.c.obj
 .text._out_fct
                0x10003b28       0x10 CMakeFiles/tocando-com-buzzers.dir/C_/Users/Elias/.pico-sdk/sdk/2.1.1/src/rp2_common/pico_printf/printf.c.obj
 .text._ftoa    0x10003b38      0x4a8 CMakeFiles/tocando-com-buzzers.dir/C_/Users/Elias/.pico-sdk/sdk/2.1.1/src/rp2_common/pico_printf/printf.c.obj
 .text._etoa    0x10003fe0      0x57c CMakeFiles/tocando-com-buzzers.dir/C_/Users/Elias/.pico-sdk/sdk/2.1.1/src/rp2_common/pico_printf/printf.c.obj
 .text._vsnprintf
                0x1000455c      0xbe0 CMakeFiles/tocando-com-buzzers.dir/C_/Users/Elias/.pico-sdk/sdk/2.1.1/src/rp2_common/pico_printf/printf.c.obj
 .text.vfctprintf
                0x1000513c       0x24 CMakeFiles/tocando-com-buzzers.dir/C_/Users/Elias/.pico-sdk/sdk/2.1.1/src/rp2_common/pico_printf/printf.c.obj
                0x1000513c                vfctprintf
 .text.weak_raw_vprintf
                0x10005160       0x30 CMakeFiles/tocando-com-buzzers.dir/C_/Users/Elias/.pico-sdk/sdk/2.1.1/src/rp2_common/pico_printf/printf.c.obj
                0x10005160                weak_raw_vprintf
 .text._exit    0x10005190        0x4 CMakeFiles/tocando-com-buzzers.dir/C_/Users/Elias/.pico-sdk/sdk/2.1.1/src/rp2_common/pico_clib_interface/newlib_interface.c.obj
                0x10005190                _exit
 .text.exit     0x10005194        0x8 CMakeFiles/tocando-com-buzzers.dir/C_/Users/Elias/.pico-sdk/sdk/2.1.1/src/rp2_common/pico_clib_interface/newlib_interface.c.obj
                0x10005194                exit
 .text.runtime_init
                0x1000519c       0x2c CMakeFiles/tocando-com-buzzers.dir/C_/Users/Elias/.pico-sdk/sdk/2.1.1/src/rp2_common/pico_clib_interface/newlib_interface.c.obj
                0x1000519c                runtime_init
 .text.stdio_out_chars_no_crlf
                0x100051c8       0x10 CMakeFiles/tocando-com-buzzers.dir/C_/Users/Elias/.pico-sdk/sdk/2.1.1/src/rp2_common/pico_stdio/stdio.c.obj
 .text.stdio_out_chars_crlf
                0x100051d8       0xb0 CMakeFiles/tocando-com-buzzers.dir/C_/Users/Elias/.pico-sdk/sdk/2.1.1/src/rp2_common/pico_stdio/stdio.c.obj
 .text.stdio_buffered_printer
                0x10005288       0x64 CMakeFiles/tocando-com-buzzers.dir/C_/Users/Elias/.pico-sdk/sdk/2.1.1/src/rp2_common/pico_stdio/stdio.c.obj
 .text.stdio_put_string
                0x100052ec       0xfc CMakeFiles/tocando-com-buzzers.dir/C_/Users/Elias/.pico-sdk/sdk/2.1.1/src/rp2_common/pico_stdio/stdio.c.obj
                0x100052ec                stdio_put_string
 .text.stdio_set_driver_enabled
                0x100053e8       0x30 CMakeFiles/tocando-com-buzzers.dir/C_/Users/Elias/.pico-sdk/sdk/2.1.1/src/rp2_common/pico_stdio/stdio.c.obj
                0x100053e8                stdio_set_driver_enabled
 .text.stdio_init_all
                0x10005418       0x10 CMakeFiles/tocando-com-buzzers.dir/C_/Users/Elias/.pico-sdk/sdk/2.1.1/src/rp2_common/pico_stdio/stdio.c.obj
                0x10005418                stdio_init_all
 .text.__wrap_putchar
                0x10005428       0x94 CMakeFiles/tocando-com-buzzers.dir/C_/Users/Elias/.pico-sdk/sdk/2.1.1/src/rp2_common/pico_stdio/stdio.c.obj
                0x10005428                __wrap_putchar
                0x10005428                stdio_putchar
 .text.__wrap_puts
                0x100054bc       0x3c CMakeFiles/tocando-com-buzzers.dir/C_/Users/Elias/.pico-sdk/sdk/2.1.1/src/rp2_common/pico_stdio/stdio.c.obj
                0x100054bc                stdio_puts
                0x100054bc                __wrap_puts
 .text.__wrap_vprintf
                0x100054f8       0xcc CMakeFiles/tocando-com-buzzers.dir/C_/Users/Elias/.pico-sdk/sdk/2.1.1/src/rp2_common/pico_stdio/stdio.c.obj
                0x100054f8                stdio_vprintf
                0x100054f8                __wrap_vprintf
 .text.__wrap_printf
                0x100055c4       0x18 CMakeFiles/tocando-com-buzzers.dir/C_/Users/Elias/.pico-sdk/sdk/2.1.1/src/rp2_common/pico_stdio/stdio.c.obj
                0x100055c4                __wrap_printf
                0x100055c4                stdio_printf
 .text.stdio_uart_out_chars
                0x100055dc       0x4c CMakeFiles/tocando-com-buzzers.dir/C_/Users/Elias/.pico-sdk/sdk/2.1.1/src/rp2_common/pico_stdio_uart/stdio_uart.c.obj
 .text.stdio_uart_in_chars
                0x10005628       0x90 CMakeFiles/tocando-com-buzzers.dir/C_/Users/Elias/.pico-sdk/sdk/2.1.1/src/rp2_common/pico_stdio_uart/stdio_uart.c.obj
                0x10005628                stdio_uart_in_chars
 .text.on_uart_rx
                0x100056b8       0x28 CMakeFiles/tocando-com-buzzers.dir/C_/Users/Elias/.pico-sdk/sdk/2.1.1/src/rp2_common/pico_stdio_uart/stdio_uart.c.obj
 .text.stdio_uart_out_flush
                0x100056e0       0x14 CMakeFiles/tocando-com-buzzers.dir/C_/Users/Elias/.pico-sdk/sdk/2.1.1/src/rp2_common/pico_stdio_uart/stdio_uart.c.obj
 .text.stdio_uart_set_chars_available_callback
                0x100056f4       0x84 CMakeFiles/tocando-com-buzzers.dir/C_/Users/Elias/.pico-sdk/sdk/2.1.1/src/rp2_common/pico_stdio_uart/stdio_uart.c.obj
 .text.stdio_uart_init
                0x10005778       0x50 CMakeFiles/tocando-com-buzzers.dir/C_/Users/Elias/.pico-sdk/sdk/2.1.1/src/rp2_common/pico_stdio_uart/stdio_uart.c.obj
                0x10005778                stdio_uart_init
 .text.resetd_init
                0x100057c8        0x4 CMakeFiles/tocando-com-buzzers.dir/C_/Users/Elias/.pico-sdk/sdk/2.1.1/src/rp2_common/pico_stdio_usb/reset_interface.c.obj
 .text.resetd_reset
                0x100057cc        0xc CMakeFiles/tocando-com-buzzers.dir/C_/Users/Elias/.pico-sdk/sdk/2.1.1/src/rp2_common/pico_stdio_usb/reset_interface.c.obj
 .text.resetd_open
                0x100057d8       0x28 CMakeFiles/tocando-com-buzzers.dir/C_/Users/Elias/.pico-sdk/sdk/2.1.1/src/rp2_common/pico_stdio_usb/reset_interface.c.obj
 .text.resetd_xfer_cb
                0x10005800        0x4 CMakeFiles/tocando-com-buzzers.dir/C_/Users/Elias/.pico-sdk/sdk/2.1.1/src/rp2_common/pico_stdio_usb/reset_interface.c.obj
 .text.resetd_control_xfer_cb
                0x10005804       0x54 CMakeFiles/tocando-com-buzzers.dir/C_/Users/Elias/.pico-sdk/sdk/2.1.1/src/rp2_common/pico_stdio_usb/reset_interface.c.obj
 .text.tud_descriptor_bos_cb
                0x10005858        0x8 CMakeFiles/tocando-com-buzzers.dir/C_/Users/Elias/.pico-sdk/sdk/2.1.1/src/rp2_common/pico_stdio_usb/reset_interface.c.obj
                0x10005858                tud_descriptor_bos_cb
 .text.tud_vendor_control_xfer_cb
                0x10005860       0x34 CMakeFiles/tocando-com-buzzers.dir/C_/Users/Elias/.pico-sdk/sdk/2.1.1/src/rp2_common/pico_stdio_usb/reset_interface.c.obj
                0x10005860                tud_vendor_control_xfer_cb
 .text.usbd_app_driver_get_cb
                0x10005894        0xc CMakeFiles/tocando-com-buzzers.dir/C_/Users/Elias/.pico-sdk/sdk/2.1.1/src/rp2_common/pico_stdio_usb/reset_interface.c.obj
                0x10005894                usbd_app_driver_get_cb
 .text.tud_cdc_line_coding_cb
                0x100058a0       0x2c CMakeFiles/tocando-com-buzzers.dir/C_/Users/Elias/.pico-sdk/sdk/2.1.1/src/rp2_common/pico_stdio_usb/reset_interface.c.obj
                0x100058a0                tud_cdc_line_coding_cb
 .text.stdio_usb_set_chars_available_callback
                0x100058cc       0x14 CMakeFiles/tocando-com-buzzers.dir/C_/Users/Elias/.pico-sdk/sdk/2.1.1/src/rp2_common/pico_stdio_usb/stdio_usb.c.obj
                0x100058cc                stdio_usb_set_chars_available_callback
 .text.usb_irq  0x100058e0       0x10 CMakeFiles/tocando-com-buzzers.dir/C_/Users/Elias/.pico-sdk/sdk/2.1.1/src/rp2_common/pico_stdio_usb/stdio_usb.c.obj
 .text.timer_task
                0x100058f0       0x64 CMakeFiles/tocando-com-buzzers.dir/C_/Users/Elias/.pico-sdk/sdk/2.1.1/src/rp2_common/pico_stdio_usb/stdio_usb.c.obj
 .text.stdio_usb_in_chars
                0x10005954       0x8c CMakeFiles/tocando-com-buzzers.dir/C_/Users/Elias/.pico-sdk/sdk/2.1.1/src/rp2_common/pico_stdio_usb/stdio_usb.c.obj
                0x10005954                stdio_usb_in_chars
 .text.stdio_usb_out_flush
                0x100059e0       0x4c CMakeFiles/tocando-com-buzzers.dir/C_/Users/Elias/.pico-sdk/sdk/2.1.1/src/rp2_common/pico_stdio_usb/stdio_usb.c.obj
 .text.stdio_usb_out_chars
                0x10005a2c      0x100 CMakeFiles/tocando-com-buzzers.dir/C_/Users/Elias/.pico-sdk/sdk/2.1.1/src/rp2_common/pico_stdio_usb/stdio_usb.c.obj
 .text.low_priority_worker_irq
                0x10005b2c       0xc8 CMakeFiles/tocando-com-buzzers.dir/C_/Users/Elias/.pico-sdk/sdk/2.1.1/src/rp2_common/pico_stdio_usb/stdio_usb.c.obj
 .text.stdio_usb_init
                0x10005bf4       0xe8 CMakeFiles/tocando-com-buzzers.dir/C_/Users/Elias/.pico-sdk/sdk/2.1.1/src/rp2_common/pico_stdio_usb/stdio_usb.c.obj
                0x10005bf4                stdio_usb_init
 .text.tud_descriptor_device_cb
                0x10005cdc        0x8 CMakeFiles/tocando-com-buzzers.dir/C_/Users/Elias/.pico-sdk/sdk/2.1.1/src/rp2_common/pico_stdio_usb/stdio_usb_descriptors.c.obj
                0x10005cdc                tud_descriptor_device_cb
 .text.tud_descriptor_configuration_cb
                0x10005ce4        0x8 CMakeFiles/tocando-com-buzzers.dir/C_/Users/Elias/.pico-sdk/sdk/2.1.1/src/rp2_common/pico_stdio_usb/stdio_usb_descriptors.c.obj
                0x10005ce4                tud_descriptor_configuration_cb
 .text.tud_descriptor_string_cb
                0x10005cec       0x78 CMakeFiles/tocando-com-buzzers.dir/C_/Users/Elias/.pico-sdk/sdk/2.1.1/src/rp2_common/pico_stdio_usb/stdio_usb_descriptors.c.obj
                0x10005cec                tud_descriptor_string_cb
 .text.startup._retrieve_unique_id_on_boot
                0x10005d64       0x10 CMakeFiles/tocando-com-buzzers.dir/C_/Users/Elias/.pico-sdk/sdk/2.1.1/src/rp2_common/pico_unique_id/unique_id.c.obj
 .text.pico_get_unique_board_id_string
                0x10005d74      0x1a8 CMakeFiles/tocando-com-buzzers.dir/C_/Users/Elias/.pico-sdk/sdk/2.1.1/src/rp2_common/pico_unique_id/unique_id.c.obj
                0x10005d74                pico_get_unique_board_id_string
 .text.flash_get_unique_id
                0x10005f1c       0x3c CMakeFiles/tocando-com-buzzers.dir/C_/Users/Elias/.pico-sdk/sdk/2.1.1/src/rp2_common/hardware_flash/flash.c.obj
                0x10005f1c                flash_get_unique_id
 .text.dcd_init
                0x10005f58       0x90 CMakeFiles/tocando-com-buzzers.dir/C_/Users/Elias/.pico-sdk/sdk/2.1.1/lib/tinyusb/src/portable/raspberrypi/rp2040/dcd_rp2040.c.obj
                0x10005f58                dcd_init
 .text.dcd_int_enable
                0x10005fe8        0xc CMakeFiles/tocando-com-buzzers.dir/C_/Users/Elias/.pico-sdk/sdk/2.1.1/lib/tinyusb/src/portable/raspberrypi/rp2040/dcd_rp2040.c.obj
                0x10005fe8                dcd_int_enable
 .text.dcd_set_address
                0x10005ff4       0x14 CMakeFiles/tocando-com-buzzers.dir/C_/Users/Elias/.pico-sdk/sdk/2.1.1/lib/tinyusb/src/portable/raspberrypi/rp2040/dcd_rp2040.c.obj
                0x10005ff4                dcd_set_address
 .text.dcd_sof_enable
                0x10006008       0x1c CMakeFiles/tocando-com-buzzers.dir/C_/Users/Elias/.pico-sdk/sdk/2.1.1/lib/tinyusb/src/portable/raspberrypi/rp2040/dcd_rp2040.c.obj
                0x10006008                dcd_sof_enable
 .text.dcd_edpt0_status_complete
                0x10006024       0x1c CMakeFiles/tocando-com-buzzers.dir/C_/Users/Elias/.pico-sdk/sdk/2.1.1/lib/tinyusb/src/portable/raspberrypi/rp2040/dcd_rp2040.c.obj
                0x10006024                dcd_edpt0_status_complete
 .text.dcd_edpt_open
                0x10006040      0x114 CMakeFiles/tocando-com-buzzers.dir/C_/Users/Elias/.pico-sdk/sdk/2.1.1/lib/tinyusb/src/portable/raspberrypi/rp2040/dcd_rp2040.c.obj
                0x10006040                dcd_edpt_open
 .text.dcd_edpt_close_all
                0x10006154        0x8 CMakeFiles/tocando-com-buzzers.dir/C_/Users/Elias/.pico-sdk/sdk/2.1.1/lib/tinyusb/src/portable/raspberrypi/rp2040/dcd_rp2040.c.obj
                0x10006154                dcd_edpt_close_all
 .text.dcd_edpt_xfer
                0x1000615c       0x24 CMakeFiles/tocando-com-buzzers.dir/C_/Users/Elias/.pico-sdk/sdk/2.1.1/lib/tinyusb/src/portable/raspberrypi/rp2040/dcd_rp2040.c.obj
                0x1000615c                dcd_edpt_xfer
 .text.dcd_edpt_stall
                0x10006180       0x3c CMakeFiles/tocando-com-buzzers.dir/C_/Users/Elias/.pico-sdk/sdk/2.1.1/lib/tinyusb/src/portable/raspberrypi/rp2040/dcd_rp2040.c.obj
                0x10006180                dcd_edpt_stall
 .text.dcd_edpt_clear_stall
                0x100061bc       0x30 CMakeFiles/tocando-com-buzzers.dir/C_/Users/Elias/.pico-sdk/sdk/2.1.1/lib/tinyusb/src/portable/raspberrypi/rp2040/dcd_rp2040.c.obj
                0x100061bc                dcd_edpt_clear_stall
 .text.rp2040_usb_init
                0x100061ec       0x40 CMakeFiles/tocando-com-buzzers.dir/C_/Users/Elias/.pico-sdk/sdk/2.1.1/lib/tinyusb/src/portable/raspberrypi/rp2040/rp2040_usb.c.obj
                0x100061ec                rp2040_usb_init
 .text.hw_endpoint_xfer_start
                0x1000622c       0x40 CMakeFiles/tocando-com-buzzers.dir/C_/Users/Elias/.pico-sdk/sdk/2.1.1/lib/tinyusb/src/portable/raspberrypi/rp2040/rp2040_usb.c.obj
                0x1000622c                hw_endpoint_xfer_start
 .text.tud_event_hook_cb
                0x1000626c        0x4 CMakeFiles/tocando-com-buzzers.dir/C_/Users/Elias/.pico-sdk/sdk/2.1.1/lib/tinyusb/src/device/usbd.c.obj
                0x1000626c                tud_event_hook_cb
 .text.tud_sof_cb
                0x10006270        0x4 CMakeFiles/tocando-com-buzzers.dir/C_/Users/Elias/.pico-sdk/sdk/2.1.1/lib/tinyusb/src/device/usbd.c.obj
                0x10006270                tud_sof_cb
 .text.tud_descriptor_device_qualifier_cb
                0x10006274        0x4 CMakeFiles/tocando-com-buzzers.dir/C_/Users/Elias/.pico-sdk/sdk/2.1.1/lib/tinyusb/src/device/usbd.c.obj
                0x10006274                tud_descriptor_device_qualifier_cb
 .text.tud_descriptor_other_speed_configuration_cb
                0x10006278        0x4 CMakeFiles/tocando-com-buzzers.dir/C_/Users/Elias/.pico-sdk/sdk/2.1.1/lib/tinyusb/src/device/usbd.c.obj
                0x10006278                tud_descriptor_other_speed_configuration_cb
 .text.tud_mount_cb
                0x1000627c        0x4 CMakeFiles/tocando-com-buzzers.dir/C_/Users/Elias/.pico-sdk/sdk/2.1.1/lib/tinyusb/src/device/usbd.c.obj
                0x1000627c                tud_mount_cb
 .text.tud_umount_cb
                0x10006280        0x4 CMakeFiles/tocando-com-buzzers.dir/C_/Users/Elias/.pico-sdk/sdk/2.1.1/lib/tinyusb/src/device/usbd.c.obj
                0x10006280                tud_umount_cb
 .text.tud_suspend_cb
                0x10006284        0x4 CMakeFiles/tocando-com-buzzers.dir/C_/Users/Elias/.pico-sdk/sdk/2.1.1/lib/tinyusb/src/device/usbd.c.obj
                0x10006284                tud_suspend_cb
 .text.tud_resume_cb
                0x10006288        0x4 CMakeFiles/tocando-com-buzzers.dir/C_/Users/Elias/.pico-sdk/sdk/2.1.1/lib/tinyusb/src/device/usbd.c.obj
                0x10006288                tud_resume_cb
 .text.tud_mounted
                0x1000628c       0x10 CMakeFiles/tocando-com-buzzers.dir/C_/Users/Elias/.pico-sdk/sdk/2.1.1/lib/tinyusb/src/device/usbd.c.obj
                0x1000628c                tud_mounted
 .text.tud_suspended
                0x1000629c       0x10 CMakeFiles/tocando-com-buzzers.dir/C_/Users/Elias/.pico-sdk/sdk/2.1.1/lib/tinyusb/src/device/usbd.c.obj
                0x1000629c                tud_suspended
 .text.tud_rhport_init
                0x100062ac       0xf4 CMakeFiles/tocando-com-buzzers.dir/C_/Users/Elias/.pico-sdk/sdk/2.1.1/lib/tinyusb/src/device/usbd.c.obj
                0x100062ac                tud_rhport_init
 .text.tud_task_ext
                0x100063a0      0x800 CMakeFiles/tocando-com-buzzers.dir/C_/Users/Elias/.pico-sdk/sdk/2.1.1/lib/tinyusb/src/device/usbd.c.obj
                0x100063a0                tud_task_ext
 .text.usbd_open_edpt_pair
                0x10006ba0       0x9c CMakeFiles/tocando-com-buzzers.dir/C_/Users/Elias/.pico-sdk/sdk/2.1.1/lib/tinyusb/src/device/usbd.c.obj
                0x10006ba0                usbd_open_edpt_pair
 .text.usbd_edpt_open
                0x10006c3c       0x34 CMakeFiles/tocando-com-buzzers.dir/C_/Users/Elias/.pico-sdk/sdk/2.1.1/lib/tinyusb/src/device/usbd.c.obj
                0x10006c3c                usbd_edpt_open
 .text.usbd_edpt_claim
                0x10006c70       0x28 CMakeFiles/tocando-com-buzzers.dir/C_/Users/Elias/.pico-sdk/sdk/2.1.1/lib/tinyusb/src/device/usbd.c.obj
                0x10006c70                usbd_edpt_claim
 .text.usbd_edpt_release
                0x10006c98       0x28 CMakeFiles/tocando-com-buzzers.dir/C_/Users/Elias/.pico-sdk/sdk/2.1.1/lib/tinyusb/src/device/usbd.c.obj
                0x10006c98                usbd_edpt_release
 .text.usbd_edpt_xfer
                0x10006cc0       0x4c CMakeFiles/tocando-com-buzzers.dir/C_/Users/Elias/.pico-sdk/sdk/2.1.1/lib/tinyusb/src/device/usbd.c.obj
                0x10006cc0                usbd_edpt_xfer
 .text.tud_control_status
                0x10006d0c       0x2c CMakeFiles/tocando-com-buzzers.dir/C_/Users/Elias/.pico-sdk/sdk/2.1.1/lib/tinyusb/src/device/usbd_control.c.obj
                0x10006d0c                tud_control_status
 .text.tud_control_xfer
                0x10006d38       0xa8 CMakeFiles/tocando-com-buzzers.dir/C_/Users/Elias/.pico-sdk/sdk/2.1.1/lib/tinyusb/src/device/usbd_control.c.obj
                0x10006d38                tud_control_xfer
 .text.usbd_control_reset
                0x10006de0       0x14 CMakeFiles/tocando-com-buzzers.dir/C_/Users/Elias/.pico-sdk/sdk/2.1.1/lib/tinyusb/src/device/usbd_control.c.obj
                0x10006de0                usbd_control_reset
 .text.usbd_control_set_complete_callback
                0x10006df4        0xc CMakeFiles/tocando-com-buzzers.dir/C_/Users/Elias/.pico-sdk/sdk/2.1.1/lib/tinyusb/src/device/usbd_control.c.obj
                0x10006df4                usbd_control_set_complete_callback
 .text.usbd_control_set_request
                0x10006e00       0x1c CMakeFiles/tocando-com-buzzers.dir/C_/Users/Elias/.pico-sdk/sdk/2.1.1/lib/tinyusb/src/device/usbd_control.c.obj
                0x10006e00                usbd_control_set_request
 .text.usbd_control_xfer_cb
                0x10006e1c       0xec CMakeFiles/tocando-com-buzzers.dir/C_/Users/Elias/.pico-sdk/sdk/2.1.1/lib/tinyusb/src/device/usbd_control.c.obj
                0x10006e1c                usbd_control_xfer_cb
 .text._prep_out_transaction.isra.0
                0x10006f08       0x6c CMakeFiles/tocando-com-buzzers.dir/C_/Users/Elias/.pico-sdk/sdk/2.1.1/lib/tinyusb/src/class/cdc/cdc_device.c.obj
 .text.tud_cdc_n_connected
                0x10006f74       0x2c CMakeFiles/tocando-com-buzzers.dir/C_/Users/Elias/.pico-sdk/sdk/2.1.1/lib/tinyusb/src/class/cdc/cdc_device.c.obj
                0x10006f74                tud_cdc_n_connected
 .text.tud_cdc_n_available
                0x10006fa0       0x14 CMakeFiles/tocando-com-buzzers.dir/C_/Users/Elias/.pico-sdk/sdk/2.1.1/lib/tinyusb/src/class/cdc/cdc_device.c.obj
                0x10006fa0                tud_cdc_n_available
 .text.tud_cdc_n_read
                0x10006fb4       0x88 CMakeFiles/tocando-com-buzzers.dir/C_/Users/Elias/.pico-sdk/sdk/2.1.1/lib/tinyusb/src/class/cdc/cdc_device.c.obj
                0x10006fb4                tud_cdc_n_read
 .text.tud_cdc_n_write_flush
                0x1000703c       0x74 CMakeFiles/tocando-com-buzzers.dir/C_/Users/Elias/.pico-sdk/sdk/2.1.1/lib/tinyusb/src/class/cdc/cdc_device.c.obj
                0x1000703c                tud_cdc_n_write_flush
 .text.tud_cdc_n_write
                0x100070b0       0x40 CMakeFiles/tocando-com-buzzers.dir/C_/Users/Elias/.pico-sdk/sdk/2.1.1/lib/tinyusb/src/class/cdc/cdc_device.c.obj
                0x100070b0                tud_cdc_n_write
 .text.tud_cdc_n_write_available
                0x100070f0       0x14 CMakeFiles/tocando-com-buzzers.dir/C_/Users/Elias/.pico-sdk/sdk/2.1.1/lib/tinyusb/src/class/cdc/cdc_device.c.obj
                0x100070f0                tud_cdc_n_write_available
 .text.cdcd_init
                0x10007104       0x70 CMakeFiles/tocando-com-buzzers.dir/C_/Users/Elias/.pico-sdk/sdk/2.1.1/lib/tinyusb/src/class/cdc/cdc_device.c.obj
                0x10007104                cdcd_init
 .text.cdcd_deinit
                0x10007174       0x30 CMakeFiles/tocando-com-buzzers.dir/C_/Users/Elias/.pico-sdk/sdk/2.1.1/lib/tinyusb/src/class/cdc/cdc_device.c.obj
                0x10007174                cdcd_deinit
 .text.cdcd_reset
                0x100071a4       0x4c CMakeFiles/tocando-com-buzzers.dir/C_/Users/Elias/.pico-sdk/sdk/2.1.1/lib/tinyusb/src/class/cdc/cdc_device.c.obj
                0x100071a4                cdcd_reset
 .text.cdcd_open
                0x100071f0       0xa4 CMakeFiles/tocando-com-buzzers.dir/C_/Users/Elias/.pico-sdk/sdk/2.1.1/lib/tinyusb/src/class/cdc/cdc_device.c.obj
                0x100071f0                cdcd_open
 .text.cdcd_control_xfer_cb
                0x10007294       0xe8 CMakeFiles/tocando-com-buzzers.dir/C_/Users/Elias/.pico-sdk/sdk/2.1.1/lib/tinyusb/src/class/cdc/cdc_device.c.obj
                0x10007294                cdcd_control_xfer_cb
 .text.cdcd_xfer_cb
                0x1000737c      0x100 CMakeFiles/tocando-com-buzzers.dir/C_/Users/Elias/.pico-sdk/sdk/2.1.1/lib/tinyusb/src/class/cdc/cdc_device.c.obj
                0x1000737c                cdcd_xfer_cb
 .text.vendord_init
                0x1000747c       0x5c CMakeFiles/tocando-com-buzzers.dir/C_/Users/Elias/.pico-sdk/sdk/2.1.1/lib/tinyusb/src/class/vendor/vendor_device.c.obj
                0x1000747c                vendord_init
 .text.vendord_deinit
                0x100074d8       0x1c CMakeFiles/tocando-com-buzzers.dir/C_/Users/Elias/.pico-sdk/sdk/2.1.1/lib/tinyusb/src/class/vendor/vendor_device.c.obj
                0x100074d8                vendord_deinit
 .text.vendord_reset
                0x100074f4       0x28 CMakeFiles/tocando-com-buzzers.dir/C_/Users/Elias/.pico-sdk/sdk/2.1.1/lib/tinyusb/src/class/vendor/vendor_device.c.obj
                0x100074f4                vendord_reset
 .text.vendord_open
                0x1000751c      0x120 CMakeFiles/tocando-com-buzzers.dir/C_/Users/Elias/.pico-sdk/sdk/2.1.1/lib/tinyusb/src/class/vendor/vendor_device.c.obj
                0x1000751c                vendord_open
 .text.vendord_xfer_cb
                0x1000763c       0x9c CMakeFiles/tocando-com-buzzers.dir/C_/Users/Elias/.pico-sdk/sdk/2.1.1/lib/tinyusb/src/class/vendor/vendor_device.c.obj
                0x1000763c                vendord_xfer_cb
 .text.tusb_rhport_init
                0x100076d8       0x4c CMakeFiles/tocando-com-buzzers.dir/C_/Users/Elias/.pico-sdk/sdk/2.1.1/lib/tinyusb/src/tusb.c.obj
                0x100076d8                tusb_rhport_init
 .text.tu_edpt_claim
                0x10007724       0x50 CMakeFiles/tocando-com-buzzers.dir/C_/Users/Elias/.pico-sdk/sdk/2.1.1/lib/tinyusb/src/tusb.c.obj
                0x10007724                tu_edpt_claim
 .text.tu_edpt_release
                0x10007774       0x38 CMakeFiles/tocando-com-buzzers.dir/C_/Users/Elias/.pico-sdk/sdk/2.1.1/lib/tinyusb/src/tusb.c.obj
                0x10007774                tu_edpt_release
 .text.tu_edpt_validate
                0x100077ac       0x7c CMakeFiles/tocando-com-buzzers.dir/C_/Users/Elias/.pico-sdk/sdk/2.1.1/lib/tinyusb/src/tusb.c.obj
                0x100077ac                tu_edpt_validate
 .text.tu_edpt_bind_driver
                0x10007828       0x34 CMakeFiles/tocando-com-buzzers.dir/C_/Users/Elias/.pico-sdk/sdk/2.1.1/lib/tinyusb/src/tusb.c.obj
                0x10007828                tu_edpt_bind_driver
 .text.tu_edpt_stream_init
                0x1000785c       0x6c CMakeFiles/tocando-com-buzzers.dir/C_/Users/Elias/.pico-sdk/sdk/2.1.1/lib/tinyusb/src/tusb.c.obj
                0x1000785c                tu_edpt_stream_init
 .text.tu_edpt_stream_deinit
                0x100078c8        0x4 CMakeFiles/tocando-com-buzzers.dir/C_/Users/Elias/.pico-sdk/sdk/2.1.1/lib/tinyusb/src/tusb.c.obj
                0x100078c8                tu_edpt_stream_deinit
 .text.tu_edpt_stream_write_zlp_if_needed
                0x100078cc       0x68 CMakeFiles/tocando-com-buzzers.dir/C_/Users/Elias/.pico-sdk/sdk/2.1.1/lib/tinyusb/src/tusb.c.obj
                0x100078cc                tu_edpt_stream_write_zlp_if_needed
 .text.tu_edpt_stream_write_xfer
                0x10007934       0x68 CMakeFiles/tocando-com-buzzers.dir/C_/Users/Elias/.pico-sdk/sdk/2.1.1/lib/tinyusb/src/tusb.c.obj
                0x10007934                tu_edpt_stream_write_xfer
 .text.tu_edpt_stream_read_xfer
                0x1000799c       0xd8 CMakeFiles/tocando-com-buzzers.dir/C_/Users/Elias/.pico-sdk/sdk/2.1.1/lib/tinyusb/src/tusb.c.obj
                0x1000799c                tu_edpt_stream_read_xfer
 .text.tu_fifo_config
                0x10007a74       0x6c CMakeFiles/tocando-com-buzzers.dir/C_/Users/Elias/.pico-sdk/sdk/2.1.1/lib/tinyusb/src/common/tusb_fifo.c.obj
                0x10007a74                tu_fifo_config
 .text.tu_fifo_count
                0x10007ae0       0x2c CMakeFiles/tocando-com-buzzers.dir/C_/Users/Elias/.pico-sdk/sdk/2.1.1/lib/tinyusb/src/common/tusb_fifo.c.obj
                0x10007ae0                tu_fifo_count
 .text.tu_fifo_empty
                0x10007b0c       0x10 CMakeFiles/tocando-com-buzzers.dir/C_/Users/Elias/.pico-sdk/sdk/2.1.1/lib/tinyusb/src/common/tusb_fifo.c.obj
                0x10007b0c                tu_fifo_empty
 .text.tu_fifo_remaining
                0x10007b1c       0x2c CMakeFiles/tocando-com-buzzers.dir/C_/Users/Elias/.pico-sdk/sdk/2.1.1/lib/tinyusb/src/common/tusb_fifo.c.obj
                0x10007b1c                tu_fifo_remaining
 .text.tu_fifo_read
                0x10007b48       0x9c CMakeFiles/tocando-com-buzzers.dir/C_/Users/Elias/.pico-sdk/sdk/2.1.1/lib/tinyusb/src/common/tusb_fifo.c.obj
                0x10007b48                tu_fifo_read
 .text.tu_fifo_read_n
                0x10007be4       0xe8 CMakeFiles/tocando-com-buzzers.dir/C_/Users/Elias/.pico-sdk/sdk/2.1.1/lib/tinyusb/src/common/tusb_fifo.c.obj
                0x10007be4                tu_fifo_read_n
 .text.tu_fifo_write
                0x10007ccc       0xa4 CMakeFiles/tocando-com-buzzers.dir/C_/Users/Elias/.pico-sdk/sdk/2.1.1/lib/tinyusb/src/common/tusb_fifo.c.obj
                0x10007ccc                tu_fifo_write
 .text.tu_fifo_write_n
                0x10007d70      0x178 CMakeFiles/tocando-com-buzzers.dir/C_/Users/Elias/.pico-sdk/sdk/2.1.1/lib/tinyusb/src/common/tusb_fifo.c.obj
                0x10007d70                tu_fifo_write_n
 .text.tu_fifo_clear
                0x10007ee8       0x40 CMakeFiles/tocando-com-buzzers.dir/C_/Users/Elias/.pico-sdk/sdk/2.1.1/lib/tinyusb/src/common/tusb_fifo.c.obj
                0x10007ee8                tu_fifo_clear
 .text.tu_fifo_set_overwritable
                0x10007f28       0x48 CMakeFiles/tocando-com-buzzers.dir/C_/Users/Elias/.pico-sdk/sdk/2.1.1/lib/tinyusb/src/common/tusb_fifo.c.obj
                0x10007f28                tu_fifo_set_overwritable
 .text.adc_init
                0x10007f70       0x38 CMakeFiles/tocando-com-buzzers.dir/C_/Users/Elias/.pico-sdk/sdk/2.1.1/src/rp2_common/hardware_adc/adc.c.obj
                0x10007f70                adc_init
 .text.pio_claim_unused_sm
                0x10007fa8       0x38 CMakeFiles/tocando-com-buzzers.dir/C_/Users/Elias/.pico-sdk/sdk/2.1.1/src/rp2_common/hardware_pio/pio.c.obj
                0x10007fa8                pio_claim_unused_sm
 .text.pio_add_program
                0x10007fe0       0xf8 CMakeFiles/tocando-com-buzzers.dir/C_/Users/Elias/.pico-sdk/sdk/2.1.1/src/rp2_common/hardware_pio/pio.c.obj
                0x10007fe0                pio_add_program
 .text.pio_sm_set_consecutive_pindirs
                0x100080d8       0xb4 CMakeFiles/tocando-com-buzzers.dir/C_/Users/Elias/.pico-sdk/sdk/2.1.1/src/rp2_common/hardware_pio/pio.c.obj
                0x100080d8                pio_sm_set_consecutive_pindirs
 .text.pio_sm_init
                0x1000818c       0x9c CMakeFiles/tocando-com-buzzers.dir/C_/Users/Elias/.pico-sdk/sdk/2.1.1/src/rp2_common/hardware_pio/pio.c.obj
                0x1000818c                pio_sm_init
 .text.strlen   0x10008228       0x5c C:/Users/Elias/.pico-sdk/toolchain/14_2_Rel1/bin/../lib/gcc/arm-none-eabi/14.2.1/thumb/v6-m/nofp\libg.a(libc_a-strlen-stub.o)
                0x10008228                strlen
 *(.fini)
 .fini          0x10008284        0x4 C:/Users/Elias/.pico-sdk/toolchain/14_2_Rel1/bin/../lib/gcc/arm-none-eabi/14.2.1/thumb/v6-m/nofp/crti.o
                0x10008284                _fini
 .fini.__stub   0x10008288       0xc0 linker stubs
 *crtbegin.o(.ctors)
 *crtbegin?.o(.ctors)
 *(EXCLUDE_FILE(*crtend.o *crtend?.o) .ctors)
 *(SORT_BY_NAME(.ctors.*))
 *(.ctors)
 *crtbegin.o(.dtors)
 *crtbegin?.o(.dtors)
 *(EXCLUDE_FILE(*crtend.o *crtend?.o) .dtors)
 *(SORT_BY_NAME(.dtors.*))
 *(.dtors)
                0x10008348                        . = ALIGN (0x4)
                0x10008348                        PROVIDE (__preinit_array_start = .)
 *(SORT_BY_NAME(.preinit_array.*))
 .preinit_array.00100
                0x10008348        0x4 CMakeFiles/tocando-com-buzzers.dir/C_/Users/Elias/.pico-sdk/sdk/2.1.1/src/rp2_common/pico_runtime_init/runtime_init.c.obj
                0x10008348                __pre_init_runtime_init_early_resets
 .preinit_array.00101
                0x1000834c        0x4 CMakeFiles/tocando-com-buzzers.dir/C_/Users/Elias/.pico-sdk/sdk/2.1.1/src/rp2_common/pico_runtime_init/runtime_init.c.obj
                0x1000834c                __pre_init_runtime_init_usb_power_down
 .preinit_array.00275
                0x10008350        0x4 CMakeFiles/tocando-com-buzzers.dir/C_/Users/Elias/.pico-sdk/sdk/2.1.1/src/rp2_common/pico_bit_ops/bit_ops_aeabi.S.obj
 .preinit_array.00300
                0x10008354        0x4 CMakeFiles/tocando-com-buzzers.dir/C_/Users/Elias/.pico-sdk/sdk/2.1.1/src/rp2_common/pico_mem_ops/mem_ops_aeabi.S.obj
 .preinit_array.00350
                0x10008358        0x4 CMakeFiles/tocando-com-buzzers.dir/C_/Users/Elias/.pico-sdk/sdk/2.1.1/src/rp2_common/pico_double/double_aeabi_rp2040.S.obj
 .preinit_array.00350
                0x1000835c        0x4 CMakeFiles/tocando-com-buzzers.dir/C_/Users/Elias/.pico-sdk/sdk/2.1.1/src/rp2_common/pico_float/float_aeabi_rp2040.S.obj
 .preinit_array.00500
                0x10008360        0x4 CMakeFiles/tocando-com-buzzers.dir/C_/Users/Elias/.pico-sdk/sdk/2.1.1/src/rp2_common/pico_runtime_init/runtime_init.c.obj
                0x10008360                __pre_init_runtime_init_clocks
 .preinit_array.00600
                0x10008364        0x4 CMakeFiles/tocando-com-buzzers.dir/C_/Users/Elias/.pico-sdk/sdk/2.1.1/src/rp2_common/pico_runtime_init/runtime_init.c.obj
                0x10008364                __pre_init_runtime_init_post_clock_resets
 .preinit_array.00700
                0x10008368        0x4 CMakeFiles/tocando-com-buzzers.dir/C_/Users/Elias/.pico-sdk/sdk/2.1.1/src/rp2_common/pico_runtime_init/runtime_init.c.obj
                0x10008368                __pre_init_runtime_init_rp2040_gpio_ie_disable
 .preinit_array.01000
                0x1000836c        0x4 CMakeFiles/tocando-com-buzzers.dir/C_/Users/Elias/.pico-sdk/sdk/2.1.1/src/rp2_common/pico_runtime_init/runtime_init.c.obj
                0x1000836c                __pre_init_runtime_init_spin_locks_reset
 .preinit_array.01100
                0x10008370        0x4 CMakeFiles/tocando-com-buzzers.dir/C_/Users/Elias/.pico-sdk/sdk/2.1.1/src/common/pico_sync/mutex.c.obj
                0x10008370                __pre_init_runtime_init_mutex
 .preinit_array.10080
                0x10008374        0x4 CMakeFiles/tocando-com-buzzers.dir/C_/Users/Elias/.pico-sdk/sdk/2.1.1/src/rp2_common/pico_runtime_init/runtime_init.c.obj
                0x10008374                __pre_init_runtime_init_install_ram_vector_table
 .preinit_array.11000
                0x10008378        0x4 CMakeFiles/tocando-com-buzzers.dir/C_/Users/Elias/.pico-sdk/sdk/2.1.1/src/common/pico_time/time.c.obj
                0x10008378                __pre_init_runtime_init_default_alarm_pool
 .preinit_array.YYYYY
                0x1000837c        0x4 CMakeFiles/tocando-com-buzzers.dir/C_/Users/Elias/.pico-sdk/sdk/2.1.1/src/rp2_common/pico_runtime/runtime.c.obj
                0x1000837c                __pre_init_first_per_core_initializer
 .preinit_array.ZZZZZ.01200
                0x10008380        0x4 CMakeFiles/tocando-com-buzzers.dir/C_/Users/Elias/.pico-sdk/sdk/2.1.1/src/rp2_common/hardware_irq/irq.c.obj
                0x10008380                __pre_init_runtime_init_per_core_irq_priorities
 *(.preinit_array)
                0x10008384                        PROVIDE (__preinit_array_end = .)
                0x10008384                        . = ALIGN (0x4)
                0x10008384                        PROVIDE (__init_array_start = .)
 *(SORT_BY_NAME(.init_array.*))
 *(.init_array)
 .init_array    0x10008384        0x4 C:/Users/Elias/.pico-sdk/toolchain/14_2_Rel1/bin/../lib/gcc/arm-none-eabi/14.2.1/thumb/v6-m/nofp/crtbegin.o
 .init_array    0x10008388        0x4 CMakeFiles/tocando-com-buzzers.dir/C_/Users/Elias/.pico-sdk/sdk/2.1.1/src/rp2_common/pico_unique_id/unique_id.c.obj
                0x1000838c                        PROVIDE (__init_array_end = .)
                0x1000838c                        . = ALIGN (0x4)
                [!provide]                        PROVIDE (__fini_array_start = .)
 *(SORT_BY_NAME(.fini_array.*))
 *(.fini_array)
                [!provide]                        PROVIDE (__fini_array_end = .)
 *(.eh_frame*)
 .eh_frame      0x1000838c        0x0 C:/Users/Elias/.pico-sdk/toolchain/14_2_Rel1/bin/../lib/gcc/arm-none-eabi/14.2.1/thumb/v6-m/nofp/crtbegin.o
                0x1000838c                        . = ALIGN (0x4)

.glue_7         0x1000838c        0x0
 .glue_7        0x1000838c        0x0 linker stubs

.glue_7t        0x1000838c        0x0
 .glue_7t       0x1000838c        0x0 linker stubs

.vfp11_veneer   0x1000838c        0x0
 .vfp11_veneer  0x1000838c        0x0 linker stubs

.v4_bx          0x1000838c        0x0
 .v4_bx         0x1000838c        0x0 linker stubs

.iplt           0x1000838c        0x0
 .iplt          0x1000838c        0x0 C:/Users/Elias/.pico-sdk/toolchain/14_2_Rel1/bin/../lib/gcc/arm-none-eabi/14.2.1/thumb/v6-m/nofp/crtbegin.o

.rodata         0x10008390      0xb18
 *(EXCLUDE_FILE(*libm.a: *libc.a:*lib_a-mem*.o *libgcc.a:) .rodata*)
 .rodata.main.str1.4
                0x10008390      0x2c4 CMakeFiles/tocando-com-buzzers.dir/src/main.c.obj
                                 0x23 (size before relaxing)
 *fill*         0x10008654        0x4 
 .rodata.led_color.0
                0x10008658       0x18 CMakeFiles/tocando-com-buzzers.dir/src/main.c.obj
 .rodata.btn_callback.str1.4
                0x10008670       0x85 CMakeFiles/tocando-com-buzzers.dir/src/timers_callback.c.obj
 .rodata.btn_callback
                0x10008670       0x24 CMakeFiles/tocando-com-buzzers.dir/src/timers_callback.c.obj
 .rodata.song_of_storms_sequence
                0x10008694       0x18 CMakeFiles/tocando-com-buzzers.dir/src/ocarina.c.obj
                0x10008694                song_of_storms_sequence
 .rodata.times_off_st
                0x100086ac       0x20 CMakeFiles/tocando-com-buzzers.dir/src/songs/song_of_storms.c.obj
                0x100086ac                times_off_st
 .rodata.times_on_st
                0x100086cc       0x20 CMakeFiles/tocando-com-buzzers.dir/src/songs/song_of_storms.c.obj
                0x100086cc                times_on_st
 .rodata.times_off_sofs
                0x100086ec       0xac CMakeFiles/tocando-com-buzzers.dir/src/songs/song_of_storms.c.obj
                0x100086ec                times_off_sofs
 .rodata.times_on_sofs
                0x10008798       0xac CMakeFiles/tocando-com-buzzers.dir/src/songs/song_of_storms.c.obj
                0x10008798                times_on_sofs
 .rodata.secret_tune
                0x10008844       0x20 CMakeFiles/tocando-com-buzzers.dir/src/songs/song_of_storms.c.obj
                0x10008844                secret_tune
 .rodata.song_of_storms
                0x10008864       0xac CMakeFiles/tocando-com-buzzers.dir/src/songs/song_of_storms.c.obj
                0x10008864                song_of_storms
 .rodata.notas  0x10008910       0x90 CMakeFiles/tocando-com-buzzers.dir/src/songs/song_of_storms.c.obj
                0x10008910                notas
 .rodata.main_program
                0x100089a0        0x8 CMakeFiles/tocando-com-buzzers.dir/src/main_pio.c.obj
                0x100089a0                main_program
 .rodata.main_program_instructions
                0x100089a8        0xe CMakeFiles/tocando-com-buzzers.dir/src/main_pio.c.obj
 .rodata.init_system.str1.4
                0x100089b6       0x37 CMakeFiles/tocando-com-buzzers.dir/src/led_functions.c.obj
 *fill*         0x100089b6        0x2 
 .rodata.display_joystick_frame
                0x100089b8       0x24 CMakeFiles/tocando-com-buzzers.dir/src/led_functions.c.obj
 .rodata.panic.str1.4
                0x100089dc       0x12 CMakeFiles/tocando-com-buzzers.dir/C_/Users/Elias/.pico-sdk/sdk/2.1.1/src/rp2_common/pico_platform_panic/panic.c.obj
 .rodata.spin_lock_claim_unused.str1.4
                0x100089dc       0x1b CMakeFiles/tocando-com-buzzers.dir/C_/Users/Elias/.pico-sdk/sdk/2.1.1/src/rp2_common/hardware_sync/sync.c.obj
 .rodata.user_irq_claim_unused.str1.4
                0x100089dc       0x1b CMakeFiles/tocando-com-buzzers.dir/C_/Users/Elias/.pico-sdk/sdk/2.1.1/src/rp2_common/hardware_irq/irq.c.obj
 .rodata.timer_hardware_alarm_claim.str1.4
                0x100089dc       0x22 CMakeFiles/tocando-com-buzzers.dir/C_/Users/Elias/.pico-sdk/sdk/2.1.1/src/rp2_common/hardware_timer/timer.c.obj
 .rodata.hard_assertion_failure.str1.4
                0x100089dc        0xc CMakeFiles/tocando-com-buzzers.dir/C_/Users/Elias/.pico-sdk/sdk/2.1.1/src/rp2_common/pico_runtime/runtime.c.obj
 .rodata.missing_double_func_shim.str1.4
                0x100089dc       0x18 CMakeFiles/tocando-com-buzzers.dir/C_/Users/Elias/.pico-sdk/sdk/2.1.1/src/rp2_common/pico_double/double_init_rom_rp2040.c.obj
 .rodata.missing_float_func_shim.str1.4
                0x100089dc        0x1 CMakeFiles/tocando-com-buzzers.dir/C_/Users/Elias/.pico-sdk/sdk/2.1.1/src/rp2_common/pico_float/float_init_rom_rp2040.c.obj
 .rodata.str1.4
                0x100089dc       0x4c CMakeFiles/tocando-com-buzzers.dir/C_/Users/Elias/.pico-sdk/sdk/2.1.1/src/rp2_common/pico_standard_binary_info/standard_binary_info.c.obj
 .rodata.__bi_84
                0x100089dc        0xc CMakeFiles/tocando-com-buzzers.dir/C_/Users/Elias/.pico-sdk/sdk/2.1.1/src/rp2_common/pico_standard_binary_info/standard_binary_info.c.obj
 .rodata.__bi_78
                0x100089e8        0xc CMakeFiles/tocando-com-buzzers.dir/C_/Users/Elias/.pico-sdk/sdk/2.1.1/src/rp2_common/pico_standard_binary_info/standard_binary_info.c.obj
 .rodata.__bi_60
                0x100089f4        0xc CMakeFiles/tocando-com-buzzers.dir/C_/Users/Elias/.pico-sdk/sdk/2.1.1/src/rp2_common/pico_standard_binary_info/standard_binary_info.c.obj
 .rodata.__bi_54
                0x10008a00        0xc CMakeFiles/tocando-com-buzzers.dir/C_/Users/Elias/.pico-sdk/sdk/2.1.1/src/rp2_common/pico_standard_binary_info/standard_binary_info.c.obj
 .rodata.__bi_48
                0x10008a0c        0xc CMakeFiles/tocando-com-buzzers.dir/C_/Users/Elias/.pico-sdk/sdk/2.1.1/src/rp2_common/pico_standard_binary_info/standard_binary_info.c.obj
 .rodata.__bi_42
                0x10008a18        0xc CMakeFiles/tocando-com-buzzers.dir/C_/Users/Elias/.pico-sdk/sdk/2.1.1/src/rp2_common/pico_standard_binary_info/standard_binary_info.c.obj
 .rodata.__bi_34
                0x10008a24        0xc CMakeFiles/tocando-com-buzzers.dir/C_/Users/Elias/.pico-sdk/sdk/2.1.1/src/rp2_common/pico_standard_binary_info/standard_binary_info.c.obj
 .rodata.__bi_26
                0x10008a30        0xc CMakeFiles/tocando-com-buzzers.dir/C_/Users/Elias/.pico-sdk/sdk/2.1.1/src/rp2_common/pico_standard_binary_info/standard_binary_info.c.obj
 .rodata._ftoa.str1.4
                0x10008a3c       0x15 CMakeFiles/tocando-com-buzzers.dir/C_/Users/Elias/.pico-sdk/sdk/2.1.1/src/rp2_common/pico_printf/printf.c.obj
 .rodata._vsnprintf
                0x10008a3c      0x19c CMakeFiles/tocando-com-buzzers.dir/C_/Users/Elias/.pico-sdk/sdk/2.1.1/src/rp2_common/pico_printf/printf.c.obj
 .rodata.pow10.0
                0x10008bd8       0x50 CMakeFiles/tocando-com-buzzers.dir/C_/Users/Elias/.pico-sdk/sdk/2.1.1/src/rp2_common/pico_printf/printf.c.obj
 .rodata.crlf_str.0
                0x10008c28        0x2 CMakeFiles/tocando-com-buzzers.dir/C_/Users/Elias/.pico-sdk/sdk/2.1.1/src/rp2_common/pico_stdio/stdio.c.obj
 .rodata.str1.4
                0x10008c2a       0x2c CMakeFiles/tocando-com-buzzers.dir/C_/Users/Elias/.pico-sdk/sdk/2.1.1/src/rp2_common/pico_stdio_uart/stdio_uart.c.obj
 *fill*         0x10008c2a        0x2 
 .rodata.__bi_45.4
                0x10008c2c        0xc CMakeFiles/tocando-com-buzzers.dir/C_/Users/Elias/.pico-sdk/sdk/2.1.1/src/rp2_common/pico_stdio_uart/stdio_uart.c.obj
 .rodata.__bi_49.5
                0x10008c38        0x8 CMakeFiles/tocando-com-buzzers.dir/C_/Users/Elias/.pico-sdk/sdk/2.1.1/src/rp2_common/pico_stdio_uart/stdio_uart.c.obj
 .rodata.__bi_50.6
                0x10008c40        0x8 CMakeFiles/tocando-com-buzzers.dir/C_/Users/Elias/.pico-sdk/sdk/2.1.1/src/rp2_common/pico_stdio_uart/stdio_uart.c.obj
 .rodata._resetd_driver
                0x10008c48       0x20 CMakeFiles/tocando-com-buzzers.dir/C_/Users/Elias/.pico-sdk/sdk/2.1.1/src/rp2_common/pico_stdio_usb/reset_interface.c.obj
 .rodata.desc_ms_os_20
                0x10008c68       0xa6 CMakeFiles/tocando-com-buzzers.dir/C_/Users/Elias/.pico-sdk/sdk/2.1.1/src/rp2_common/pico_stdio_usb/reset_interface.c.obj
 *fill*         0x10008d0e        0x2 
 .rodata.desc_bos
                0x10008d10       0x21 CMakeFiles/tocando-com-buzzers.dir/C_/Users/Elias/.pico-sdk/sdk/2.1.1/src/rp2_common/pico_stdio_usb/reset_interface.c.obj
                0x10008d10                desc_bos
 .rodata.str1.4
                0x10008d31       0x13 CMakeFiles/tocando-com-buzzers.dir/C_/Users/Elias/.pico-sdk/sdk/2.1.1/src/rp2_common/pico_stdio_usb/stdio_usb.c.obj
 *fill*         0x10008d31        0x3 
 .rodata.__bi_197.0
                0x10008d34        0xc CMakeFiles/tocando-com-buzzers.dir/C_/Users/Elias/.pico-sdk/sdk/2.1.1/src/rp2_common/pico_stdio_usb/stdio_usb.c.obj
 .rodata.str1.4
                0x10008d40       0x2a CMakeFiles/tocando-com-buzzers.dir/C_/Users/Elias/.pico-sdk/sdk/2.1.1/src/rp2_common/pico_stdio_usb/stdio_usb_descriptors.c.obj
 .rodata.usbd_desc_str
                0x10008d40       0x18 CMakeFiles/tocando-com-buzzers.dir/C_/Users/Elias/.pico-sdk/sdk/2.1.1/src/rp2_common/pico_stdio_usb/stdio_usb_descriptors.c.obj
 .rodata.usbd_desc_cfg
                0x10008d58       0x54 CMakeFiles/tocando-com-buzzers.dir/C_/Users/Elias/.pico-sdk/sdk/2.1.1/src/rp2_common/pico_stdio_usb/stdio_usb_descriptors.c.obj
 .rodata.usbd_desc_device
                0x10008dac       0x12 CMakeFiles/tocando-com-buzzers.dir/C_/Users/Elias/.pico-sdk/sdk/2.1.1/src/rp2_common/pico_stdio_usb/stdio_usb_descriptors.c.obj
 .rodata.str1.4
                0x10008dbe       0x14 CMakeFiles/tocando-com-buzzers.dir/C_/Users/Elias/.pico-sdk/sdk/2.1.1/lib/tinyusb/src/portable/raspberrypi/rp2040/dcd_rp2040.c.obj
 .rodata.str1.4
                0x10008dbe       0x48 CMakeFiles/tocando-com-buzzers.dir/C_/Users/Elias/.pico-sdk/sdk/2.1.1/lib/tinyusb/src/portable/raspberrypi/rp2040/rp2040_usb.c.obj
 *fill*         0x10008dbe        0x2 
 .rodata.tud_task_ext
                0x10008dc0       0x8c CMakeFiles/tocando-com-buzzers.dir/C_/Users/Elias/.pico-sdk/sdk/2.1.1/lib/tinyusb/src/device/usbd.c.obj
 .rodata        0x10008e4c       0x1c CMakeFiles/tocando-com-buzzers.dir/C_/Users/Elias/.pico-sdk/sdk/2.1.1/lib/tinyusb/src/device/usbd.c.obj
 .rodata._usbd_driver
                0x10008e68       0x40 CMakeFiles/tocando-com-buzzers.dir/C_/Users/Elias/.pico-sdk/sdk/2.1.1/lib/tinyusb/src/device/usbd.c.obj
 .rodata.pio_claim_unused_sm.str1.4
                0x10008ea8       0x24 CMakeFiles/tocando-com-buzzers.dir/C_/Users/Elias/.pico-sdk/sdk/2.1.1/src/rp2_common/hardware_pio/pio.c.obj
                0x10008ecc                        . = ALIGN (0x4)
 *(SORT_BY_ALIGNMENT(SORT_BY_NAME(.flashdata*)))
                0x10008ecc                        . = ALIGN (0x4)

.ARM.extab
 *(.ARM.extab* .gnu.linkonce.armextab.*)
                0x10008ea8                        __exidx_start = .

.ARM.exidx
 *(.ARM.exidx* .gnu.linkonce.armexidx.*)
                0x10008ea8                        __exidx_end = .
                0x10008ecc                        . = ALIGN (0x4)
                0x10008ea8                        __binary_info_start = .

.binary_info    0x10008ea8       0x30
 *(.binary_info.keep.*)
 .binary_info.keep.__bi_ptr84
                0x10008ea8        0x4 CMakeFiles/tocando-com-buzzers.dir/C_/Users/Elias/.pico-sdk/sdk/2.1.1/src/rp2_common/pico_standard_binary_info/standard_binary_info.c.obj
 .binary_info.keep.__bi_ptr78
                0x10008eac        0x4 CMakeFiles/tocando-com-buzzers.dir/C_/Users/Elias/.pico-sdk/sdk/2.1.1/src/rp2_common/pico_standard_binary_info/standard_binary_info.c.obj
 .binary_info.keep.__bi_ptr60
                0x10008eb0        0x4 CMakeFiles/tocando-com-buzzers.dir/C_/Users/Elias/.pico-sdk/sdk/2.1.1/src/rp2_common/pico_standard_binary_info/standard_binary_info.c.obj
 .binary_info.keep.__bi_ptr54
                0x10008eb4        0x4 CMakeFiles/tocando-com-buzzers.dir/C_/Users/Elias/.pico-sdk/sdk/2.1.1/src/rp2_common/pico_standard_binary_info/standard_binary_info.c.obj
 .binary_info.keep.__bi_ptr48
                0x10008eb8        0x4 CMakeFiles/tocando-com-buzzers.dir/C_/Users/Elias/.pico-sdk/sdk/2.1.1/src/rp2_common/pico_standard_binary_info/standard_binary_info.c.obj
 .binary_info.keep.__bi_ptr42
                0x10008ebc        0x4 CMakeFiles/tocando-com-buzzers.dir/C_/Users/Elias/.pico-sdk/sdk/2.1.1/src/rp2_common/pico_standard_binary_info/standard_binary_info.c.obj
 .binary_info.keep.__bi_ptr34
                0x10008ec0        0x4 CMakeFiles/tocando-com-buzzers.dir/C_/Users/Elias/.pico-sdk/sdk/2.1.1/src/rp2_common/pico_standard_binary_info/standard_binary_info.c.obj
 .binary_info.keep.__bi_ptr26
                0x10008ec4        0x4 CMakeFiles/tocando-com-buzzers.dir/C_/Users/Elias/.pico-sdk/sdk/2.1.1/src/rp2_common/pico_standard_binary_info/standard_binary_info.c.obj
 *(.binary_info.*)
 .binary_info.__bi_ptr50
                0x10008ec8        0x4 CMakeFiles/tocando-com-buzzers.dir/C_/Users/Elias/.pico-sdk/sdk/2.1.1/src/rp2_common/pico_stdio_uart/stdio_uart.c.obj
 .binary_info.__bi_ptr49
                0x10008ecc        0x4 CMakeFiles/tocando-com-buzzers.dir/C_/Users/Elias/.pico-sdk/sdk/2.1.1/src/rp2_common/pico_stdio_uart/stdio_uart.c.obj
 .binary_info.__bi_ptr45
                0x10008ed0        0x4 CMakeFiles/tocando-com-buzzers.dir/C_/Users/Elias/.pico-sdk/sdk/2.1.1/src/rp2_common/pico_stdio_uart/stdio_uart.c.obj
 .binary_info.__bi_ptr197
                0x10008ed4        0x4 CMakeFiles/tocando-com-buzzers.dir/C_/Users/Elias/.pico-sdk/sdk/2.1.1/src/rp2_common/pico_stdio_usb/stdio_usb.c.obj
                0x10008ed8                        __binary_info_end = .

.rel.dyn        0x10008ed8        0x0
 .rel.iplt      0x10008ed8        0x0 C:/Users/Elias/.pico-sdk/toolchain/14_2_Rel1/bin/../lib/gcc/arm-none-eabi/14.2.1/thumb/v6-m/nofp/crtbegin.o
                0x10008ed8                        . = ALIGN (0x4)

.ram_vector_table
                0x20000000       0xc0
 *(.ram_vector_table)
 .ram_vector_table
                0x20000000       0xc0 CMakeFiles/tocando-com-buzzers.dir/C_/Users/Elias/.pico-sdk/sdk/2.1.1/src/rp2_common/pico_runtime_init/runtime_init.c.obj
                0x20000000                ram_vector_table

.uninitialized_data
                0x200000c0        0x0
                0x200000c0                        . = ALIGN (0x4)
 *(.uninitialized_data*)

.data           0x200000c0     0x1b98 load address 0x10008ed8
                0x200000c0                        __data_start__ = .
 *(vtable)
 *(.time_critical*)
 .time_critical.mutex_try_enter
                0x200000c0       0x40 CMakeFiles/tocando-com-buzzers.dir/C_/Users/Elias/.pico-sdk/sdk/2.1.1/src/common/pico_sync/mutex.c.obj
                0x200000c0                mutex_try_enter
 .time_critical.mutex_try_enter_block_until
                0x20000100       0x98 CMakeFiles/tocando-com-buzzers.dir/C_/Users/Elias/.pico-sdk/sdk/2.1.1/src/common/pico_sync/mutex.c.obj
                0x20000100                mutex_try_enter_block_until
 .time_critical.mutex_enter_timeout_ms
                0x20000198       0x8c CMakeFiles/tocando-com-buzzers.dir/C_/Users/Elias/.pico-sdk/sdk/2.1.1/src/common/pico_sync/mutex.c.obj
                0x20000198                mutex_enter_timeout_ms
 .time_critical.mutex_exit
                0x20000224       0x28 CMakeFiles/tocando-com-buzzers.dir/C_/Users/Elias/.pico-sdk/sdk/2.1.1/src/common/pico_sync/mutex.c.obj
                0x20000224                mutex_exit
 .time_critical.flash_init_boot2_copyout
                0x2000024c       0x30 CMakeFiles/tocando-com-buzzers.dir/C_/Users/Elias/.pico-sdk/sdk/2.1.1/src/rp2_common/hardware_flash/flash.c.obj
 .time_critical.flash_enable_xip_via_boot2
                0x2000027c        0xc CMakeFiles/tocando-com-buzzers.dir/C_/Users/Elias/.pico-sdk/sdk/2.1.1/src/rp2_common/hardware_flash/flash.c.obj
 .time_critical.flash_cs_force
                0x20000288       0x38 CMakeFiles/tocando-com-buzzers.dir/C_/Users/Elias/.pico-sdk/sdk/2.1.1/src/rp2_common/hardware_flash/flash.c.obj
 .time_critical.flash_do_cmd
                0x200002c0      0x130 CMakeFiles/tocando-com-buzzers.dir/C_/Users/Elias/.pico-sdk/sdk/2.1.1/src/rp2_common/hardware_flash/flash.c.obj
                0x200002c0                flash_do_cmd
 .time_critical.reset_non_control_endpoints
                0x200003f0       0x68 CMakeFiles/tocando-com-buzzers.dir/C_/Users/Elias/.pico-sdk/sdk/2.1.1/lib/tinyusb/src/portable/raspberrypi/rp2040/dcd_rp2040.c.obj
 .time_critical.hw_handle_buff_status
                0x20000458       0xa0 CMakeFiles/tocando-com-buzzers.dir/C_/Users/Elias/.pico-sdk/sdk/2.1.1/lib/tinyusb/src/portable/raspberrypi/rp2040/dcd_rp2040.c.obj
 .time_critical.dcd_rp2040_irq
                0x200004f8      0x548 CMakeFiles/tocando-com-buzzers.dir/C_/Users/Elias/.pico-sdk/sdk/2.1.1/lib/tinyusb/src/portable/raspberrypi/rp2040/dcd_rp2040.c.obj
 .time_critical.prepare_ep_buffer
                0x20000a40       0xc8 CMakeFiles/tocando-com-buzzers.dir/C_/Users/Elias/.pico-sdk/sdk/2.1.1/lib/tinyusb/src/portable/raspberrypi/rp2040/rp2040_usb.c.obj
 .time_critical.sync_ep_buffer
                0x20000b08       0x9c CMakeFiles/tocando-com-buzzers.dir/C_/Users/Elias/.pico-sdk/sdk/2.1.1/lib/tinyusb/src/portable/raspberrypi/rp2040/rp2040_usb.c.obj
 .time_critical._hw_endpoint_xfer_sync
                0x20000ba4       0x28 CMakeFiles/tocando-com-buzzers.dir/C_/Users/Elias/.pico-sdk/sdk/2.1.1/lib/tinyusb/src/portable/raspberrypi/rp2040/rp2040_usb.c.obj
 .time_critical.e15_is_bulkin_ep
                0x20000bcc       0x28 CMakeFiles/tocando-com-buzzers.dir/C_/Users/Elias/.pico-sdk/sdk/2.1.1/lib/tinyusb/src/portable/raspberrypi/rp2040/rp2040_usb.c.obj
 .time_critical.e15_is_critical_frame_period
                0x20000bf4       0x34 CMakeFiles/tocando-com-buzzers.dir/C_/Users/Elias/.pico-sdk/sdk/2.1.1/lib/tinyusb/src/portable/raspberrypi/rp2040/rp2040_usb.c.obj
 .time_critical.hw_endpoint_reset_transfer
                0x20000c28        0xc CMakeFiles/tocando-com-buzzers.dir/C_/Users/Elias/.pico-sdk/sdk/2.1.1/lib/tinyusb/src/portable/raspberrypi/rp2040/rp2040_usb.c.obj
                0x20000c28                hw_endpoint_reset_transfer
 .time_critical._hw_endpoint_buffer_control_update32
                0x20000c34       0x50 CMakeFiles/tocando-com-buzzers.dir/C_/Users/Elias/.pico-sdk/sdk/2.1.1/lib/tinyusb/src/portable/raspberrypi/rp2040/rp2040_usb.c.obj
                0x20000c34                _hw_endpoint_buffer_control_update32
 .time_critical.hw_endpoint_start_next_buffer
                0x20000c84       0x68 CMakeFiles/tocando-com-buzzers.dir/C_/Users/Elias/.pico-sdk/sdk/2.1.1/lib/tinyusb/src/portable/raspberrypi/rp2040/rp2040_usb.c.obj
                0x20000c84                hw_endpoint_start_next_buffer
 .time_critical.hw_endpoint_xfer_continue
                0x20000cec       0x40 CMakeFiles/tocando-com-buzzers.dir/C_/Users/Elias/.pico-sdk/sdk/2.1.1/lib/tinyusb/src/portable/raspberrypi/rp2040/rp2040_usb.c.obj
                0x20000cec                hw_endpoint_xfer_continue
 .time_critical.tinyusb
                0x20000d2c      0x1e4 CMakeFiles/tocando-com-buzzers.dir/C_/Users/Elias/.pico-sdk/sdk/2.1.1/lib/tinyusb/src/device/usbd.c.obj
                0x20000d2c                dcd_event_handler
 *(.text*)
 .text          0x20000f10        0x4 C:/Users/Elias/.pico-sdk/toolchain/14_2_Rel1/bin/../lib/gcc/arm-none-eabi/14.2.1/thumb/v6-m/nofp\libgcc.a(_dvmd_tls.o)
                0x20000f10                __aeabi_idiv0
                0x20000f10                __aeabi_ldiv0
 *fill*         0x20000f14        0x4 
 .text.__stub   0x20000f18       0x80 linker stubs
                0x20000f98                        . = ALIGN (0x4)
 *(.rodata*)
                0x20000f98                        . = ALIGN (0x4)
 *(.data*)
 .data.current_note_index
                0x20000f98        0x4 CMakeFiles/tocando-com-buzzers.dir/src/timers_callback.c.obj
                0x20000f98                current_note_index
 *fill*         0x20000f9c        0x4 
 .data.player_buffer
                0x20000fa0       0x20 CMakeFiles/tocando-com-buzzers.dir/src/ocarina.c.obj
                0x20000fa0                player_buffer
 .data.note_15  0x20000fc0       0xc8 CMakeFiles/tocando-com-buzzers.dir/src/drivers/frames_5x5.c.obj
                0x20000fc0                note_15
 .data.note_14  0x20001088       0xc8 CMakeFiles/tocando-com-buzzers.dir/src/drivers/frames_5x5.c.obj
                0x20001088                note_14
 .data.note_13  0x20001150       0xc8 CMakeFiles/tocando-com-buzzers.dir/src/drivers/frames_5x5.c.obj
                0x20001150                note_13
 .data.note_12  0x20001218       0xc8 CMakeFiles/tocando-com-buzzers.dir/src/drivers/frames_5x5.c.obj
                0x20001218                note_12
 .data.note_11  0x200012e0       0xc8 CMakeFiles/tocando-com-buzzers.dir/src/drivers/frames_5x5.c.obj
                0x200012e0                note_11
 .data.note_10  0x200013a8       0xc8 CMakeFiles/tocando-com-buzzers.dir/src/drivers/frames_5x5.c.obj
                0x200013a8                note_10
 .data.note_09  0x20001470       0xc8 CMakeFiles/tocando-com-buzzers.dir/src/drivers/frames_5x5.c.obj
                0x20001470                note_09
 .data.note_08  0x20001538       0xc8 CMakeFiles/tocando-com-buzzers.dir/src/drivers/frames_5x5.c.obj
                0x20001538                note_08
 .data.note_07  0x20001600       0xc8 CMakeFiles/tocando-com-buzzers.dir/src/drivers/frames_5x5.c.obj
                0x20001600                note_07
 .data.note_06  0x200016c8       0xc8 CMakeFiles/tocando-com-buzzers.dir/src/drivers/frames_5x5.c.obj
                0x200016c8                note_06
 .data.note_05  0x20001790       0xc8 CMakeFiles/tocando-com-buzzers.dir/src/drivers/frames_5x5.c.obj
                0x20001790                note_05
 .data.note_04  0x20001858       0xc8 CMakeFiles/tocando-com-buzzers.dir/src/drivers/frames_5x5.c.obj
                0x20001858                note_04
 .data.note_03  0x20001920       0xc8 CMakeFiles/tocando-com-buzzers.dir/src/drivers/frames_5x5.c.obj
                0x20001920                note_03
 .data.note_02  0x200019e8       0xc8 CMakeFiles/tocando-com-buzzers.dir/src/drivers/frames_5x5.c.obj
                0x200019e8                note_02
 .data.note_01  0x20001ab0       0xc8 CMakeFiles/tocando-com-buzzers.dir/src/drivers/frames_5x5.c.obj
                0x20001ab0                note_01
 .data.striped_spin_lock_num
                0x20001b78        0x1 CMakeFiles/tocando-com-buzzers.dir/C_/Users/Elias/.pico-sdk/sdk/2.1.1/src/rp2_common/hardware_sync/sync.c.obj
 *fill*         0x20001b79        0x3 
 .data          0x20001b7c       0x48 CMakeFiles/tocando-com-buzzers.dir/C_/Users/Elias/.pico-sdk/sdk/2.1.1/src/rp2_common/hardware_irq/irq_handler_chain.S.obj
                0x20001b7c                irq_handler_chain_slots
                0x20001bac                irq_handler_chain_first_slot
                0x20001bb6                irq_handler_chain_remove_tail
 .data.default_alarm_pool
                0x20001bc4       0x18 CMakeFiles/tocando-com-buzzers.dir/C_/Users/Elias/.pico-sdk/sdk/2.1.1/src/common/pico_time/time.c.obj
 *fill*         0x20001bdc        0x4 
 .data.aeabi_bits_funcs
                0x20001be0       0x10 CMakeFiles/tocando-com-buzzers.dir/C_/Users/Elias/.pico-sdk/sdk/2.1.1/src/rp2_common/pico_bit_ops/bit_ops_aeabi.S.obj
                0x20001be0                aeabi_bits_funcs
                0x20001bf0                aeabi_bits_funcs_end
 .data.aeabi_mem_funcs
                0x20001bf0       0x10 CMakeFiles/tocando-com-buzzers.dir/C_/Users/Elias/.pico-sdk/sdk/2.1.1/src/rp2_common/pico_mem_ops/mem_ops_aeabi.S.obj
                0x20001bf0                aeabi_mem_funcs
                0x20001c00                aeabi_mem_funcs_end
 .data.stdio_uart
                0x20001c00       0x18 CMakeFiles/tocando-com-buzzers.dir/C_/Users/Elias/.pico-sdk/sdk/2.1.1/src/rp2_common/pico_stdio_uart/stdio_uart.c.obj
                0x20001c00                stdio_uart
 .data.stdio_usb
                0x20001c18       0x18 CMakeFiles/tocando-com-buzzers.dir/C_/Users/Elias/.pico-sdk/sdk/2.1.1/src/rp2_common/pico_stdio_usb/stdio_usb.c.obj
                0x20001c18                stdio_usb
 .data._usbd_qdef
                0x20001c30       0x1c CMakeFiles/tocando-com-buzzers.dir/C_/Users/Elias/.pico-sdk/sdk/2.1.1/lib/tinyusb/src/device/usbd.c.obj
                0x20001c30                _usbd_qdef
 .data._usbd_rhport
                0x20001c4c        0x1 CMakeFiles/tocando-com-buzzers.dir/C_/Users/Elias/.pico-sdk/sdk/2.1.1/lib/tinyusb/src/device/usbd.c.obj
                0x20001c50                        . = ALIGN (0x4)
 *fill*         0x20001c4d        0x3 
 *(.after_data.*)
                0x20001c50                        . = ALIGN (0x4)
                0x20001c50                        PROVIDE (__mutex_array_start = .)
 *(SORT_BY_NAME(.mutex_array.*))
 *(.mutex_array)
 .mutex_array   0x20001c50        0x8 CMakeFiles/tocando-com-buzzers.dir/C_/Users/Elias/.pico-sdk/sdk/2.1.1/src/rp2_common/pico_stdio/stdio.c.obj
                0x20001c58                        PROVIDE (__mutex_array_end = .)
                0x20001c58                        . = ALIGN (0x4)
 *(.jcr)
                0x20001c58                        . = ALIGN (0x4)

.tm_clone_table
                0x20001c58        0x0 load address 0x1000aa70
 .tm_clone_table
                0x20001c58        0x0 C:/Users/Elias/.pico-sdk/toolchain/14_2_Rel1/bin/../lib/gcc/arm-none-eabi/14.2.1/thumb/v6-m/nofp/crtbegin.o
 .tm_clone_table
                0x20001c58        0x0 C:/Users/Elias/.pico-sdk/toolchain/14_2_Rel1/bin/../lib/gcc/arm-none-eabi/14.2.1/thumb/v6-m/nofp/crtend.o

.igot.plt       0x20001c58        0x0 load address 0x1000aa70
 .igot.plt      0x20001c58        0x0 C:/Users/Elias/.pico-sdk/toolchain/14_2_Rel1/bin/../lib/gcc/arm-none-eabi/14.2.1/thumb/v6-m/nofp/crtbegin.o

.tdata          0x20001c58        0x0 load address 0x1000aa70
                0x20001c58                        . = ALIGN (0x4)
 *(.tdata .tdata.* .gnu.linkonce.td.*)
                0x20001c58                        __tdata_end = .
                0x20001c58                        PROVIDE (__data_end__ = .)
                0x10008ed8                        __etext = LOADADDR (.data)
