Archive member included to satisfy reference by file (symbol)

C:/Users/Elias/.pico-sdk/toolchain/14_2_Rel1/bin/../lib/gcc/arm-none-eabi/14.2.1/thumb/v6-m/nofp\libgcc.a(_dvmd_tls.o)
                              CMakeFiles/tocando-com-buzzers.dir/C_/Users/Elias/.pico-sdk/sdk/2.1.1/src/rp2_common/pico_divider/divider_hardware.S.obj (__aeabi_idiv0)
C:/Users/Elias/.pico-sdk/toolchain/14_2_Rel1/bin/../lib/gcc/arm-none-eabi/14.2.1/thumb/v6-m/nofp\libg.a(libc_a-calloc.o)
                              CMakeFiles/tocando-com-buzzers.dir/C_/Users/Elias/.pico-sdk/sdk/2.1.1/src/rp2_common/pico_malloc/malloc.c.obj (calloc)
C:/Users/Elias/.pico-sdk/toolchain/14_2_Rel1/bin/../lib/gcc/arm-none-eabi/14.2.1/thumb/v6-m/nofp\libg.a(libc_a-callocr.o)
                              C:/Users/Elias/.pico-sdk/toolchain/14_2_Rel1/bin/../lib/gcc/arm-none-eabi/14.2.1/thumb/v6-m/nofp\libg.a(libc_a-calloc.o) (_calloc_r)
C:/Users/Elias/.pico-sdk/toolchain/14_2_Rel1/bin/../lib/gcc/arm-none-eabi/14.2.1/thumb/v6-m/nofp\libg.a(libc_a-malloc.o)
                              CMakeFiles/tocando-com-buzzers.dir/C_/Users/Elias/.pico-sdk/sdk/2.1.1/src/rp2_common/pico_malloc/malloc.c.obj (malloc)
C:/Users/Elias/.pico-sdk/toolchain/14_2_Rel1/bin/../lib/gcc/arm-none-eabi/14.2.1/thumb/v6-m/nofp\libg.a(libc_a-mallocr.o)
                              C:/Users/Elias/.pico-sdk/toolchain/14_2_Rel1/bin/../lib/gcc/arm-none-eabi/14.2.1/thumb/v6-m/nofp\libg.a(libc_a-callocr.o) (_malloc_r)
C:/Users/Elias/.pico-sdk/toolchain/14_2_Rel1/bin/../lib/gcc/arm-none-eabi/14.2.1/thumb/v6-m/nofp\libg.a(libc_a-mlock.o)
                              C:/Users/Elias/.pico-sdk/toolchain/14_2_Rel1/bin/../lib/gcc/arm-none-eabi/14.2.1/thumb/v6-m/nofp\libg.a(libc_a-mallocr.o) (__malloc_lock)
C:/Users/Elias/.pico-sdk/toolchain/14_2_Rel1/bin/../lib/gcc/arm-none-eabi/14.2.1/thumb/v6-m/nofp\libg.a(libc_a-realloc.o)
                              CMakeFiles/tocando-com-buzzers.dir/C_/Users/Elias/.pico-sdk/sdk/2.1.1/src/rp2_common/pico_malloc/malloc.c.obj (realloc)
C:/Users/Elias/.pico-sdk/toolchain/14_2_Rel1/bin/../lib/gcc/arm-none-eabi/14.2.1/thumb/v6-m/nofp\libg.a(libc_a-reallocr.o)
                              C:/Users/Elias/.pico-sdk/toolchain/14_2_Rel1/bin/../lib/gcc/arm-none-eabi/14.2.1/thumb/v6-m/nofp\libg.a(libc_a-realloc.o) (_realloc_r)
C:/Users/Elias/.pico-sdk/toolchain/14_2_Rel1/bin/../lib/gcc/arm-none-eabi/14.2.1/thumb/v6-m/nofp\libg.a(libc_a-memcmp.o)
                              CMakeFiles/tocando-com-buzzers.dir/C_/Users/Elias/.pico-sdk/sdk/2.1.1/src/rp2_common/pico_atomic/atomic.c.obj (memcmp)
C:/Users/Elias/.pico-sdk/toolchain/14_2_Rel1/bin/../lib/gcc/arm-none-eabi/14.2.1/thumb/v6-m/nofp\libg.a(libc_a-memmove.o)
                              C:/Users/Elias/.pico-sdk/toolchain/14_2_Rel1/bin/../lib/gcc/arm-none-eabi/14.2.1/thumb/v6-m/nofp\libg.a(libc_a-reallocr.o) (memmove)
C:/Users/Elias/.pico-sdk/toolchain/14_2_Rel1/bin/../lib/gcc/arm-none-eabi/14.2.1/thumb/v6-m/nofp\libg.a(libc_a-lcltime_r.o)
                              CMakeFiles/tocando-com-buzzers.dir/C_/Users/Elias/.pico-sdk/sdk/2.1.1/src/common/pico_util/datetime.c.obj (localtime_r)
C:/Users/Elias/.pico-sdk/toolchain/14_2_Rel1/bin/../lib/gcc/arm-none-eabi/14.2.1/thumb/v6-m/nofp\libg.a(libc_a-mktime.o)
                              CMakeFiles/tocando-com-buzzers.dir/C_/Users/Elias/.pico-sdk/sdk/2.1.1/src/common/pico_util/datetime.c.obj (mktime)
C:/Users/Elias/.pico-sdk/toolchain/14_2_Rel1/bin/../lib/gcc/arm-none-eabi/14.2.1/thumb/v6-m/nofp\libg.a(libc_a-month_lengths.o)
                              C:/Users/Elias/.pico-sdk/toolchain/14_2_Rel1/bin/../lib/gcc/arm-none-eabi/14.2.1/thumb/v6-m/nofp\libg.a(libc_a-lcltime_r.o) (__month_lengths)
C:/Users/Elias/.pico-sdk/toolchain/14_2_Rel1/bin/../lib/gcc/arm-none-eabi/14.2.1/thumb/v6-m/nofp\libg.a(libc_a-tzcalc_limits.o)
                              C:/Users/Elias/.pico-sdk/toolchain/14_2_Rel1/bin/../lib/gcc/arm-none-eabi/14.2.1/thumb/v6-m/nofp\libg.a(libc_a-lcltime_r.o) (__tzcalc_limits)
C:/Users/Elias/.pico-sdk/toolchain/14_2_Rel1/bin/../lib/gcc/arm-none-eabi/14.2.1/thumb/v6-m/nofp\libg.a(libc_a-tzlock.o)
                              C:/Users/Elias/.pico-sdk/toolchain/14_2_Rel1/bin/../lib/gcc/arm-none-eabi/14.2.1/thumb/v6-m/nofp\libg.a(libc_a-lcltime_r.o) (__tz_lock)
C:/Users/Elias/.pico-sdk/toolchain/14_2_Rel1/bin/../lib/gcc/arm-none-eabi/14.2.1/thumb/v6-m/nofp\libg.a(libc_a-tzset.o)
                              C:/Users/Elias/.pico-sdk/toolchain/14_2_Rel1/bin/../lib/gcc/arm-none-eabi/14.2.1/thumb/v6-m/nofp\libg.a(libc_a-lcltime_r.o) (_tzset_unlocked)
C:/Users/Elias/.pico-sdk/toolchain/14_2_Rel1/bin/../lib/gcc/arm-none-eabi/14.2.1/thumb/v6-m/nofp\libg.a(libc_a-tzset_r.o)
                              C:/Users/Elias/.pico-sdk/toolchain/14_2_Rel1/bin/../lib/gcc/arm-none-eabi/14.2.1/thumb/v6-m/nofp\libg.a(libc_a-tzset.o) (_tzset_unlocked_r)
C:/Users/Elias/.pico-sdk/toolchain/14_2_Rel1/bin/../lib/gcc/arm-none-eabi/14.2.1/thumb/v6-m/nofp\libg.a(libc_a-tzvars.o)
[...]
Memory Configuration

Name             Origin             Length             Attributes
FLASH            0x10000000         0x00200000         xr
RAM              0x20000000         0x00040000         xrw
SCRATCH_X        0x20040000         0x00001000         xrw
SCRATCH_Y        0x20041000         0x00001000         xrw
*default*        0x00000000         0xffffffff

Linker script and memory map

LOAD C:/Users/Elias/.pico-sdk/toolchain/14_2_Rel1/bin/../lib/gcc/arm-none-eabi/14.2.1/thumb/v6-m/nofp/crti.o
LOAD C:/Users/Elias/.pico-sdk/toolchain/14_2_Rel1/bin/../lib/gcc/arm-none-eabi/14.2.1/thumb/v6-m/nofp/crtbegin.o
LOAD C:/Users/Elias/.pico-sdk/toolchain/14_2_Rel1/bin/../lib/gcc/arm-none-eabi/14.2.1/thumb/v6-m/nofp/crt0.o

.flash_begin    0x10000000        0x0
                0x10000000                        __flash_binary_start = .

.boot2          0x10000000      0x100
                0x10000000                        __boot2_start__ = .
 *(.boot2)
 .boot2         0x10000000      0x100 pico-sdk/src/rp2040/boot_stage2/CMakeFiles/bs2_default_library.dir/./bs2_default_padded_checksummed.S.obj
                0x10000100                        __boot2_end__ = .
                0x00000001                        ASSERT (((__boot2_end__ - __boot2_start__) == 0x100), ERROR: Pico second stage bootloader must be 256 bytes in size)

.text           0x10000100     0x7114
                0x10000100                        __logical_binary_start = .
 *(.vectors)
 .vectors       0x10000100       0xd4 CMakeFiles/tocando-com-buzzers.dir/C_/Users/Elias/.pico-sdk/sdk/2.1.1/src/rp2_common/pico_crt0/crt0.S.obj
                0x10000100                __VECTOR_TABLE
                0x10000100                __vectors
                0x100001c0                isr_invalid
                0x100001c0                __default_isrs_start
                0x100001c2                isr_nmi
                0x100001c4                isr_hardfault
                0x100001c6                isr_svcall
                0x100001c8                isr_pendsv
                0x100001ca                isr_systick
                0x100001cc                isr_irq23
                0x100001cc                isr_irq18
                0x100001cc                isr_irq11
                0x100001cc                isr_irq28
                0x100001cc                isr_irq19
                0x100001cc                isr_irq0
                0x100001cc                isr_irq6
                0x100001cc                isr_irq5
                0x100001cc                isr_irq12
                0x100001cc                isr_irq22
                0x100001cc                isr_irq31
                0x100001cc                isr_irq17
                0x100001cc                isr_irq27
                0x100001cc                isr_irq30
                0x100001cc                isr_irq2
                0x100001cc                isr_irq10
                0x100001cc                isr_irq8
                0x100001cc                isr_irq24
                0x100001cc                isr_irq1
                0x100001cc                isr_irq7
                0x100001cc                isr_irq21
                0x100001cc                isr_irq20
                0x100001cc                isr_irq15
                0x100001cc                isr_irq25
                0x100001cc                isr_irq13
                0x100001cc                __unhandled_user_irq
                0x100001cc                isr_irq4
                0x100001cc                isr_irq16
                0x100001cc                isr_irq29
                0x100001cc                isr_irq26
                0x100001cc                __default_isrs_end
                0x100001cc                isr_irq3
                0x100001cc                isr_irq14
                0x100001cc                isr_irq9
                0x100001d2                unhandled_user_irq_num_in_r0
 *(.binary_info_header)
 .binary_info_header
                0x100001d4       0x14 CMakeFiles/tocando-com-buzzers.dir/C_/Users/Elias/.pico-sdk/sdk/2.1.1/src/rp2_common/pico_crt0/crt0.S.obj
                0x100001e8                        __binary_info_header_end = .
 *(.embedded_block)
                0x100001e8                        __embedded_block_end = .
 *(.reset)
 .reset         0x100001e8       0x9c CMakeFiles/tocando-com-buzzers.dir/C_/Users/Elias/.pico-sdk/sdk/2.1.1/src/rp2_common/pico_crt0/crt0.S.obj
                0x100001e8                _entry_point
 *(.init)
 .init          0x10000284        0x4 C:/Users/Elias/.pico-sdk/toolchain/14_2_Rel1/bin/../lib/gcc/arm-none-eabi/14.2.1/thumb/v6-m/nofp/crti.o
                0x10000284                _init
 *(EXCLUDE_FILE(*libm.a: *libc.a:*lib_a-mem*.o *libgcc.a:) .text*)
 .text.register_tm_clones
                0x10000288       0x28 C:/Users/Elias/.pico-sdk/toolchain/14_2_Rel1/bin/../lib/gcc/arm-none-eabi/14.2.1/thumb/v6-m/nofp/crtbegin.o
 .text.frame_dummy
                0x100002b0       0x24 C:/Users/Elias/.pico-sdk/toolchain/14_2_Rel1/bin/../lib/gcc/arm-none-eabi/14.2.1/thumb/v6-m/nofp/crtbegin.o
 .text.startup.main
                0x100002d4      0x1ac CMakeFiles/tocando-com-buzzers.dir/src/main.c.obj
                0x100002d4                main
 .text.btn_callback
                0x10000480       0x94 CMakeFiles/tocando-com-buzzers.dir/src/timers_callback.c.obj
                0x10000480                btn_callback
 .text.gpio_pin_init
                0x10000514       0x30 CMakeFiles/tocando-com-buzzers.dir/src/timers_callback.c.obj
                0x10000514                gpio_pin_init
 .text.pwm_init_buzzer
                0x10000544       0x70 CMakeFiles/tocando-com-buzzers.dir/src/ocarina.c.obj
                0x10000544                pwm_init_buzzer
 .text.gpio_default_irq_handler
                0x100005b4      0x2c8 CMakeFiles/tocando-com-buzzers.dir/C_/Users/Elias/.pico-sdk/sdk/2.1.1/src/rp2_common/hardware_gpio/gpio.c.obj
 .text.gpio_set_function
                0x1000087c       0x34 CMakeFiles/tocando-com-buzzers.dir/C_/Users/Elias/.pico-sdk/sdk/2.1.1/src/rp2_common/hardware_gpio/gpio.c.obj
                0x1000087c                gpio_set_function
 .text.gpio_set_pulls
                0x100008b0       0x28 CMakeFiles/tocando-com-buzzers.dir/C_/Users/Elias/.pico-sdk/sdk/2.1.1/src/rp2_common/hardware_gpio/gpio.c.obj
                0x100008b0                gpio_set_pulls
 .text.gpio_set_irq_enabled_with_callback
                0x100008d8       0xd0 CMakeFiles/tocando-com-buzzers.dir/C_/Users/Elias/.pico-sdk/sdk/2.1.1/src/rp2_common/hardware_gpio/gpio.c.obj
                0x100008d8                gpio_set_irq_enabled_with_callback
 .text.gpio_init
                0x100009a8       0x40 CMakeFiles/tocando-com-buzzers.dir/C_/Users/Elias/.pico-sdk/sdk/2.1.1/src/rp2_common/hardware_gpio/gpio.c.obj
                0x100009a8                gpio_init
 .text.rp2040_chip_version
                0x100009e8        0xc CMakeFiles/tocando-com-buzzers.dir/C_/Users/Elias/.pico-sdk/sdk/2.1.1/src/rp2040/pico_platform/platform.c.obj
                0x100009e8                rp2040_chip_version
 .text.panic    0x100009f4       0x30 CMakeFiles/tocando-com-buzzers.dir/C_/Users/Elias/.pico-sdk/sdk/2.1.1/src/rp2_common/pico_platform_panic/panic.c.obj
                0x100009f4                panic
 .text.hw_claim_or_assert
                0x10000a24       0x44 CMakeFiles/tocando-com-buzzers.dir/C_/Users/Elias/.pico-sdk/sdk/2.1.1/src/common/hardware_claim/claim.c.obj
                0x10000a24                hw_claim_or_assert
 .text.hw_claim_unused_from_range
                0x10000a68       0x88 CMakeFiles/tocando-com-buzzers.dir/C_/Users/Elias/.pico-sdk/sdk/2.1.1/src/common/hardware_claim/claim.c.obj
                0x10000a68                hw_claim_unused_from_range
 .text.next_striped_spin_lock_num
                0x10000af0       0x18 CMakeFiles/tocando-com-buzzers.dir/C_/Users/Elias/.pico-sdk/sdk/2.1.1/src/rp2_common/hardware_sync/sync.c.obj
                0x10000af0                next_striped_spin_lock_num
 .text.spin_lock_claim_unused
                0x10000b08       0x24 CMakeFiles/tocando-com-buzzers.dir/C_/Users/Elias/.pico-sdk/sdk/2.1.1/src/rp2_common/hardware_sync/sync.c.obj
                0x10000b08                spin_lock_claim_unused
 .text.spin_locks_reset
                0x10000b2c       0x1c CMakeFiles/tocando-com-buzzers.dir/C_/Users/Elias/.pico-sdk/sdk/2.1.1/src/rp2_common/hardware_sync_spin_lock/sync_spin_lock.c.obj
                0x10000b2c                spin_locks_reset
 .text.runtime_init_per_core_irq_priorities
                0x10000b48       0x24 CMakeFiles/tocando-com-buzzers.dir/C_/Users/Elias/.pico-sdk/sdk/2.1.1/src/rp2_common/hardware_irq/irq.c.obj
                0x10000b48                runtime_init_per_core_irq_priorities
 .text.irq_set_enabled
                0x10000b6c       0x24 CMakeFiles/tocando-com-buzzers.dir/C_/Users/Elias/.pico-sdk/sdk/2.1.1/src/rp2_common/hardware_irq/irq.c.obj
                0x10000b6c                irq_set_enabled
 .text.irq_is_enabled
                0x10000b90       0x18 CMakeFiles/tocando-com-buzzers.dir/C_/Users/Elias/.pico-sdk/sdk/2.1.1/src/rp2_common/hardware_irq/irq.c.obj
                0x10000b90                irq_is_enabled
 .text.irq_set_pending
                0x10000ba8       0x10 CMakeFiles/tocando-com-buzzers.dir/C_/Users/Elias/.pico-sdk/sdk/2.1.1/src/rp2_common/hardware_irq/irq.c.obj
                0x10000ba8                irq_set_pending
 .text.irq_has_shared_handler
                0x10000bb8       0x24 CMakeFiles/tocando-com-buzzers.dir/C_/Users/Elias/.pico-sdk/sdk/2.1.1/src/rp2_common/hardware_irq/irq.c.obj
                0x10000bb8                irq_has_shared_handler
 .text.irq_set_exclusive_handler
                0x10000bdc       0x54 CMakeFiles/tocando-com-buzzers.dir/C_/Users/Elias/.pico-sdk/sdk/2.1.1/src/rp2_common/hardware_irq/irq.c.obj
                0x10000bdc                irq_set_exclusive_handler
 .text.irq_add_shared_handler
                0x10000c30      0x1f4 CMakeFiles/tocando-com-buzzers.dir/C_/Users/Elias/.pico-sdk/sdk/2.1.1/src/rp2_common/hardware_irq/irq.c.obj
                0x10000c30                irq_add_shared_handler
 .text.irq_remove_handler
                0x10000e24      0x1d4 CMakeFiles/tocando-com-buzzers.dir/C_/Users/Elias/.pico-sdk/sdk/2.1.1/src/rp2_common/hardware_irq/irq.c.obj
                0x10000e24                irq_remove_handler
 .text.irq_add_tail_to_free_list
                0x10000ff8       0xb4 CMakeFiles/tocando-com-buzzers.dir/C_/Users/Elias/.pico-sdk/sdk/2.1.1/src/rp2_common/hardware_irq/irq.c.obj
                0x10000ff8                irq_add_tail_to_free_list
 .text.user_irq_claim_unused
                0x100010ac       0x2c CMakeFiles/tocando-com-buzzers.dir/C_/Users/Elias/.pico-sdk/sdk/2.1.1/src/rp2_common/hardware_irq/irq.c.obj
                0x100010ac                user_irq_claim_unused
 .text.lock_init
                0x100010d8       0x10 CMakeFiles/tocando-com-buzzers.dir/C_/Users/Elias/.pico-sdk/sdk/2.1.1/src/common/pico_sync/lock_core.c.obj
                0x100010d8                lock_init
 .text.runtime_init_mutex
                0x100010e8       0x50 CMakeFiles/tocando-com-buzzers.dir/C_/Users/Elias/.pico-sdk/sdk/2.1.1/src/common/pico_sync/mutex.c.obj
                0x100010e8                runtime_init_mutex
 .text.mutex_init
                0x10001138       0x1c CMakeFiles/tocando-com-buzzers.dir/C_/Users/Elias/.pico-sdk/sdk/2.1.1/src/common/pico_sync/mutex.c.obj
                0x10001138                mutex_init
 .text.critical_section_init
                0x10001154       0x1c CMakeFiles/tocando-com-buzzers.dir/C_/Users/Elias/.pico-sdk/sdk/2.1.1/src/common/pico_sync/critical_section.c.obj
                0x10001154                critical_section_init
 .text.critical_section_init_with_lock_num
                0x10001170       0x14 CMakeFiles/tocando-com-buzzers.dir/C_/Users/Elias/.pico-sdk/sdk/2.1.1/src/common/pico_sync/critical_section.c.obj
                0x10001170                critical_section_init_with_lock_num
 .text.sleep_until_callback
                0x10001184       0x30 CMakeFiles/tocando-com-buzzers.dir/C_/Users/Elias/.pico-sdk/sdk/2.1.1/src/common/pico_time/time.c.obj
 .text.alarm_pool_irq_handler
                0x100011b4      0x300 CMakeFiles/tocando-com-buzzers.dir/C_/Users/Elias/.pico-sdk/sdk/2.1.1/src/common/pico_time/time.c.obj
 .text.runtime_init_default_alarm_pool
                0x100014b4       0xdc CMakeFiles/tocando-com-buzzers.dir/C_/Users/Elias/.pico-sdk/sdk/2.1.1/src/common/pico_time/time.c.obj
                0x100014b4                runtime_init_default_alarm_pool
 .text.alarm_pool_get_default
                0x10001590        0x8 CMakeFiles/tocando-com-buzzers.dir/C_/Users/Elias/.pico-sdk/sdk/2.1.1/src/common/pico_time/time.c.obj
                0x10001590                alarm_pool_get_default
 .text.alarm_pool_add_alarm_at
                0x10001598       0xd0 CMakeFiles/tocando-com-buzzers.dir/C_/Users/Elias/.pico-sdk/sdk/2.1.1/src/common/pico_time/time.c.obj
                0x10001598                alarm_pool_add_alarm_at
 .text.alarm_pool_add_alarm_at_force_in_context
                0x10001668       0xb0 CMakeFiles/tocando-com-buzzers.dir/C_/Users/Elias/.pico-sdk/sdk/2.1.1/src/common/pico_time/time.c.obj
                0x10001668                alarm_pool_add_alarm_at_force_in_context
 .text.alarm_pool_cancel_alarm
                0x10001718       0x74 CMakeFiles/tocando-com-buzzers.dir/C_/Users/Elias/.pico-sdk/sdk/2.1.1/src/common/pico_time/time.c.obj
                0x10001718                alarm_pool_cancel_alarm
 .text.alarm_pool_core_num
                0x1000178c        0x4 CMakeFiles/tocando-com-buzzers.dir/C_/Users/Elias/.pico-sdk/sdk/2.1.1/src/common/pico_time/time.c.obj
                0x1000178c                alarm_pool_core_num
 .text.sleep_us
                0x10001790       0xec CMakeFiles/tocando-com-buzzers.dir/C_/Users/Elias/.pico-sdk/sdk/2.1.1/src/common/pico_time/time.c.obj
                0x10001790                sleep_us
 .text.best_effort_wfe_or_timeout
                0x1000187c      0x10c CMakeFiles/tocando-com-buzzers.dir/C_/Users/Elias/.pico-sdk/sdk/2.1.1/src/common/pico_time/time.c.obj
                0x1000187c                best_effort_wfe_or_timeout
 .text.timer_hardware_alarm_claim
                0x10001988       0x14 CMakeFiles/tocando-com-buzzers.dir/C_/Users/Elias/.pico-sdk/sdk/2.1.1/src/rp2_common/hardware_timer/timer.c.obj
                0x10001988                timer_hardware_alarm_claim
 .text.timer_time_us_64
                0x1000199c       0x10 CMakeFiles/tocando-com-buzzers.dir/C_/Users/Elias/.pico-sdk/sdk/2.1.1/src/rp2_common/hardware_timer/timer.c.obj
                0x1000199c                timer_time_us_64
 .text.time_us_64
                0x100019ac       0x14 CMakeFiles/tocando-com-buzzers.dir/C_/Users/Elias/.pico-sdk/sdk/2.1.1/src/rp2_common/hardware_timer/timer.c.obj
                0x100019ac                time_us_64
 .text.busy_wait_us
                0x100019c0       0x68 CMakeFiles/tocando-com-buzzers.dir/C_/Users/Elias/.pico-sdk/sdk/2.1.1/src/rp2_common/hardware_timer/timer.c.obj
                0x100019c0                busy_wait_us
 .text.busy_wait_until
                0x10001a28       0x20 CMakeFiles/tocando-com-buzzers.dir/C_/Users/Elias/.pico-sdk/sdk/2.1.1/src/rp2_common/hardware_timer/timer.c.obj
                0x10001a28                busy_wait_until
 .text.uart_init
                0x10001a48      0x120 CMakeFiles/tocando-com-buzzers.dir/C_/Users/Elias/.pico-sdk/sdk/2.1.1/src/rp2_common/hardware_uart/uart.c.obj
                0x10001a48                uart_init
 .text.clock_configure_int_divider
                0x10001b68       0xf4 CMakeFiles/tocando-com-buzzers.dir/C_/Users/Elias/.pico-sdk/sdk/2.1.1/src/rp2_common/hardware_clocks/clocks.c.obj
                0x10001b68                clock_configure_int_divider
 .text.clock_configure_undivided
                0x10001c5c       0xe8 CMakeFiles/tocando-com-buzzers.dir/C_/Users/Elias/.pico-sdk/sdk/2.1.1/src/rp2_common/hardware_clocks/clocks.c.obj
                0x10001c5c                clock_configure_undivided
 .text.clock_get_hz
                0x10001d44        0xc CMakeFiles/tocando-com-buzzers.dir/C_/Users/Elias/.pico-sdk/sdk/2.1.1/src/rp2_common/hardware_clocks/clocks.c.obj
                0x10001d44                clock_get_hz
 .text.pll_init
                0x10001d50       0xa4 CMakeFiles/tocando-com-buzzers.dir/C_/Users/Elias/.pico-sdk/sdk/2.1.1/src/rp2_common/hardware_pll/pll.c.obj
                0x10001d50                pll_init
 .text.watchdog_reboot
                0x10001df4       0x9c CMakeFiles/tocando-com-buzzers.dir/C_/Users/Elias/.pico-sdk/sdk/2.1.1/src/rp2_common/hardware_watchdog/watchdog.c.obj
                0x10001df4                watchdog_reboot
 .text.tick_start
                0x10001e90       0x10 CMakeFiles/tocando-com-buzzers.dir/C_/Users/Elias/.pico-sdk/sdk/2.1.1/src/rp2_common/hardware_ticks/ticks.c.obj
                0x10001e90                tick_start
 .text.rom_func_lookup
                0x10001ea0       0x10 CMakeFiles/tocando-com-buzzers.dir/C_/Users/Elias/.pico-sdk/sdk/2.1.1/src/rp2_common/pico_bootrom/bootrom.c.obj
                0x10001ea0                rom_func_lookup
 .text.rom_data_lookup
                0x10001eb0       0x10 CMakeFiles/tocando-com-buzzers.dir/C_/Users/Elias/.pico-sdk/sdk/2.1.1/src/rp2_common/pico_bootrom/bootrom.c.obj
                0x10001eb0                rom_data_lookup
 .text.rom_funcs_lookup
                0x10001ec0       0x44 CMakeFiles/tocando-com-buzzers.dir/C_/Users/Elias/.pico-sdk/sdk/2.1.1/src/rp2_common/pico_bootrom/bootrom.c.obj
                0x10001ec0                rom_funcs_lookup
 .text.rom_reset_usb_boot
                0x10001f04       0x1c CMakeFiles/tocando-com-buzzers.dir/C_/Users/Elias/.pico-sdk/sdk/2.1.1/src/rp2_common/pico_bootrom/bootrom.c.obj
                0x10001f04                rom_reset_usb_boot
 .text.rom_reset_usb_boot_extra
                0x10001f20       0x24 CMakeFiles/tocando-com-buzzers.dir/C_/Users/Elias/.pico-sdk/sdk/2.1.1/src/rp2_common/pico_bootrom/bootrom.c.obj
                0x10001f20                rom_reset_usb_boot_extra
 .text.xosc_init
                0x10001f44       0x28 CMakeFiles/tocando-com-buzzers.dir/C_/Users/Elias/.pico-sdk/sdk/2.1.1/src/rp2_common/hardware_xosc/xosc.c.obj
                0x10001f44                xosc_init
 .text.first_per_core_initializer
                0x10001f6c        0x4 CMakeFiles/tocando-com-buzzers.dir/C_/Users/Elias/.pico-sdk/sdk/2.1.1/src/rp2_common/pico_runtime/runtime.c.obj
 .text.hard_assertion_failure
                0x10001f70        0xc CMakeFiles/tocando-com-buzzers.dir/C_/Users/Elias/.pico-sdk/sdk/2.1.1/src/rp2_common/pico_runtime/runtime.c.obj
                0x10001f70                hard_assertion_failure
 .text.runtime_run_initializers
                0x10001f7c       0x28 CMakeFiles/tocando-com-buzzers.dir/C_/Users/Elias/.pico-sdk/sdk/2.1.1/src/rp2_common/pico_runtime/runtime.c.obj
                0x10001f7c                runtime_run_initializers
 .text.runtime_init_early_resets
                0x10001fa4       0x2c CMakeFiles/tocando-com-buzzers.dir/C_/Users/Elias/.pico-sdk/sdk/2.1.1/src/rp2_common/pico_runtime_init/runtime_init.c.obj
                0x10001fa4                runtime_init_early_resets
 .text.runtime_init_usb_power_down
                0x10001fd0       0x1c CMakeFiles/tocando-com-buzzers.dir/C_/Users/Elias/.pico-sdk/sdk/2.1.1/src/rp2_common/pico_runtime_init/runtime_init.c.obj
                0x10001fd0                runtime_init_usb_power_down
 .text.runtime_init_post_clock_resets
                0x10001fec       0x20 CMakeFiles/tocando-com-buzzers.dir/C_/Users/Elias/.pico-sdk/sdk/2.1.1/src/rp2_common/pico_runtime_init/runtime_init.c.obj
                0x10001fec                runtime_init_post_clock_resets
 .text.runtime_init_rp2040_gpio_ie_disable
                0x1000200c       0x14 CMakeFiles/tocando-com-buzzers.dir/C_/Users/Elias/.pico-sdk/sdk/2.1.1/src/rp2_common/pico_runtime_init/runtime_init.c.obj
                0x1000200c                runtime_init_rp2040_gpio_ie_disable
 .text.runtime_init_spin_locks_reset
                0x10002020        0x8 CMakeFiles/tocando-com-buzzers.dir/C_/Users/Elias/.pico-sdk/sdk/2.1.1/src/rp2_common/pico_runtime_init/runtime_init.c.obj
                0x10002020                runtime_init_spin_locks_reset
 .text.runtime_init_install_ram_vector_table
                0x10002028       0x1c CMakeFiles/tocando-com-buzzers.dir/C_/Users/Elias/.pico-sdk/sdk/2.1.1/src/rp2_common/pico_runtime_init/runtime_init.c.obj
                0x10002028                runtime_init_install_ram_vector_table
 .text.runtime_init_clocks
                0x10002044       0xd8 CMakeFiles/tocando-com-buzzers.dir/C_/Users/Elias/.pico-sdk/sdk/2.1.1/src/rp2_common/pico_runtime_init/runtime_init_clocks.c.obj
                0x10002044                runtime_init_clocks
 .text          0x1000211c       0x10 CMakeFiles/tocando-com-buzzers.dir/C_/Users/Elias/.pico-sdk/sdk/2.1.1/src/rp2_common/pico_bit_ops/bit_ops_aeabi.S.obj
 .text.__wrap___aeabi_idiv
                0x1000212c       0x50 CMakeFiles/tocando-com-buzzers.dir/C_/Users/Elias/.pico-sdk/sdk/2.1.1/src/rp2_common/pico_divider/divider_hardware.S.obj
                0x1000212c                __wrap___aeabi_idivmod
                0x1000212c                divmod_s32s32
                0x1000212c                div_s32s32
                0x1000212c                __wrap___aeabi_idiv
                0x10002134                divmod_s32s32_unsafe
                0x10002160                divmod_s32s32_savestate
 .text.__wrap___aeabi_uidiv
                0x1000217c       0x4c CMakeFiles/tocando-com-buzzers.dir/C_/Users/Elias/.pico-sdk/sdk/2.1.1/src/rp2_common/pico_divider/divider_hardware.S.obj
                0x1000217c                __wrap___aeabi_uidiv
                0x1000217c                __wrap___aeabi_uidivmod
                0x1000217c                div_u32u32
                0x1000217c                divmod_u32u32
                0x10002184                divmod_u32u32_unsafe
                0x100021ac                divmod_u32u32_savestate
 .text.__wrap___aeabi_ldiv
                0x100021c8      0x424 CMakeFiles/tocando-com-buzzers.dir/C_/Users/Elias/.pico-sdk/sdk/2.1.1/src/rp2_common/pico_divider/divider_hardware.S.obj
                0x100021c8                div_s64s64
                0x100021c8                divmod_s64s64
                0x100021c8                __wrap___aeabi_ldivmod
                0x100021f8                divmod_u64u64
                0x100021f8                div_u64u64
                0x100021f8                __wrap___aeabi_uldivmod
                0x10002208                divmod_u64u64_savestate
                0x10002228                divmod_s64s64_unsafe
                0x100022b0                divmod_u64u64_unsafe
 .text.__wrap___aeabi_darithmetic
                0x100025ec       0x60 CMakeFiles/tocando-com-buzzers.dir/C_/Users/Elias/.pico-sdk/sdk/2.1.1/src/rp2_common/pico_double/double_aeabi_rp2040.S.obj
                0x100025ec                __wrap___aeabi_drsub
                0x100025f2                __wrap___aeabi_dsub
                0x100025fc                __wrap___aeabi_dadd
                0x10002606                __wrap___aeabi_ddiv
                0x1000263a                __wrap___aeabi_dmul
 .text.__wrap___aeabi_cdcmple
                0x1000264c       0x6c CMakeFiles/tocando-com-buzzers.dir/C_/Users/Elias/.pico-sdk/sdk/2.1.1/src/rp2_common/pico_double/double_aeabi_rp2040.S.obj
                0x1000264c                __wrap___aeabi_cdrcmple
                0x1000265c                __wrap___aeabi_cdcmpeq
                0x1000265c                __wrap___aeabi_cdcmple
 .text.__wrap___aeabi_dcmplt
                0x100026b8        0xc CMakeFiles/tocando-com-buzzers.dir/C_/Users/Elias/.pico-sdk/sdk/2.1.1/src/rp2_common/pico_double/double_aeabi_rp2040.S.obj
                0x100026b8                __wrap___aeabi_dcmplt
 .text.__wrap___aeabi_dcmple
                0x100026c4       0x10 CMakeFiles/tocando-com-buzzers.dir/C_/Users/Elias/.pico-sdk/sdk/2.1.1/src/rp2_common/pico_double/double_aeabi_rp2040.S.obj
                0x100026c4                __wrap___aeabi_dcmple
 .text.__wrap___aeabi_dcmpge
                0x100026d4       0x10 CMakeFiles/tocando-com-buzzers.dir/C_/Users/Elias/.pico-sdk/sdk/2.1.1/src/rp2_common/pico_double/double_aeabi_rp2040.S.obj
                0x100026d4                __wrap___aeabi_dcmpge
 .text.__wrap___aeabi_dcmpgt
                0x100026e4        0xa CMakeFiles/tocando-com-buzzers.dir/C_/Users/Elias/.pico-sdk/sdk/2.1.1/src/rp2_common/pico_double/double_aeabi_rp2040.S.obj
                0x100026e4                __wrap___aeabi_dcmpgt
 .text.__wrap___aeabi_dcmpun
                0x100026ee       0x18 CMakeFiles/tocando-com-buzzers.dir/C_/Users/Elias/.pico-sdk/sdk/2.1.1/src/rp2_common/pico_double/double_aeabi_rp2040.S.obj
                0x100026ee                __wrap___aeabi_dcmpun
 *fill*         0x10002706        0x2 
 .text.__wrap___aeabi_i2d
                0x10002708       0x38 CMakeFiles/tocando-com-buzzers.dir/C_/Users/Elias/.pico-sdk/sdk/2.1.1/src/rp2_common/pico_double/double_aeabi_rp2040.S.obj
                0x10002708                uint2double
                0x10002708                __wrap___aeabi_ui2d
                0x10002710                int2double
                0x10002710                __wrap___aeabi_i2d
 .text.__wrap___aeabi_d2iz
                0x10002740       0x48 CMakeFiles/tocando-com-buzzers.dir/C_/Users/Elias/.pico-sdk/sdk/2.1.1/src/rp2_common/pico_double/double_aeabi_rp2040.S.obj
                0x10002740                double2int_z
                0x10002740                __wrap___aeabi_d2iz
 .text.__wrap___aeabi_d2uiz
                0x10002788       0x10 CMakeFiles/tocando-com-buzzers.dir/C_/Users/Elias/.pico-sdk/sdk/2.1.1/src/rp2_common/pico_double/double_aeabi_rp2040.S.obj
                0x10002788                double2uint
                0x10002788                __wrap___aeabi_d2uiz
                0x10002788                double2uint_z
 .text.missing_double_func_shim
                0x10002798        0xc CMakeFiles/tocando-com-buzzers.dir/C_/Users/Elias/.pico-sdk/sdk/2.1.1/src/rp2_common/pico_double/double_init_rom_rp2040.c.obj
 .text.__aeabi_double_init
                0x100027a4       0xa0 CMakeFiles/tocando-com-buzzers.dir/C_/Users/Elias/.pico-sdk/sdk/2.1.1/src/rp2_common/pico_double/double_init_rom_rp2040.c.obj
                0x100027a4                __aeabi_double_init
 .text.double_table_shim_on_use_helper
                0x10002844       0x2c CMakeFiles/tocando-com-buzzers.dir/C_/Users/Elias/.pico-sdk/sdk/2.1.1/src/rp2_common/pico_double/double_v1_rom_shim_rp2040.S.obj
                0x10002844                double_table_shim_on_use_helper
 .text.__aeabi_lmul
                0x10002870       0x32 CMakeFiles/tocando-com-buzzers.dir/C_/Users/Elias/.pico-sdk/sdk/2.1.1/src/rp2_common/pico_int64_ops/pico_int64_ops_aeabi.S.obj
                0x10002870                __wrap___aeabi_lmul
 *fill*         0x100028a2        0x2 
 .text.__wrap___aeabi_farithmetic
                0x100028a4       0x48 CMakeFiles/tocando-com-buzzers.dir/C_/Users/Elias/.pico-sdk/sdk/2.1.1/src/rp2_common/pico_float/float_aeabi_rp2040.S.obj
                0x100028a4                __wrap___aeabi_frsub
                0x100028aa                __wrap___aeabi_fsub
                0x100028b0                __wrap___aeabi_fadd
                0x100028b6                __wrap___aeabi_fdiv
                0x100028de                __wrap___aeabi_fmul
 .text.__wrap___aeabi_ui2f
                0x100028ec        0xa CMakeFiles/tocando-com-buzzers.dir/C_/Users/Elias/.pico-sdk/sdk/2.1.1/src/rp2_common/pico_float/float_aeabi_rp2040.S.obj
                0x100028ec                __wrap___aeabi_ui2f
                0x100028ec                uint2float
 *fill*         0x100028f6        0x2 
 .text.__wrap___aeabi_i2f
                0x100028f8       0x44 CMakeFiles/tocando-com-buzzers.dir/C_/Users/Elias/.pico-sdk/sdk/2.1.1/src/rp2_common/pico_float/float_aeabi_rp2040.S.obj
                0x100028f8                __wrap___aeabi_i2f
                0x100028f8                int2float
 .text.__wrap___aeabi_f2uiz
                0x1000293c        0xc CMakeFiles/tocando-com-buzzers.dir/C_/Users/Elias/.pico-sdk/sdk/2.1.1/src/rp2_common/pico_float/float_aeabi_rp2040.S.obj
                0x1000293c                float2uint_z
                0x1000293c                __wrap___aeabi_f2uiz
                0x1000293c                float2uint
 .text.missing_float_func_shim
                0x10002948        0xc CMakeFiles/tocando-com-buzzers.dir/C_/Users/Elias/.pico-sdk/sdk/2.1.1/src/rp2_common/pico_float/float_init_rom_rp2040.c.obj
 .text.__aeabi_float_init
                0x10002954       0x5c CMakeFiles/tocando-com-buzzers.dir/C_/Users/Elias/.pico-sdk/sdk/2.1.1/src/rp2_common/pico_float/float_init_rom_rp2040.c.obj
                0x10002954                __aeabi_float_init
 .text          0x100029b0       0x10 CMakeFiles/tocando-com-buzzers.dir/C_/Users/Elias/.pico-sdk/sdk/2.1.1/src/rp2_common/pico_mem_ops/mem_ops_aeabi.S.obj
                0x100029b0                __aeabi_mem_init
 .text.memset   0x100029c0        0xc CMakeFiles/tocando-com-buzzers.dir/C_/Users/Elias/.pico-sdk/sdk/2.1.1/src/rp2_common/pico_mem_ops/mem_ops_aeabi.S.obj
                0x100029c0                __wrap_memset
 .text.memcpy   0x100029cc        0xc CMakeFiles/tocando-com-buzzers.dir/C_/Users/Elias/.pico-sdk/sdk/2.1.1/src/rp2_common/pico_mem_ops/mem_ops_aeabi.S.obj
                0x100029cc                __wrap_memcpy
                0x100029cc                __wrap___aeabi_memcpy
 .text._out_null
                0x100029d8        0x4 CMakeFiles/tocando-com-buzzers.dir/C_/Users/Elias/.pico-sdk/sdk/2.1.1/src/rp2_common/pico_printf/printf.c.obj
 .text._out_rev
                0x100029dc       0xac CMakeFiles/tocando-com-buzzers.dir/C_/Users/Elias/.pico-sdk/sdk/2.1.1/src/rp2_common/pico_printf/printf.c.obj
 .text._ntoa_format
                0x10002a88      0x1cc CMakeFiles/tocando-com-buzzers.dir/C_/Users/Elias/.pico-sdk/sdk/2.1.1/src/rp2_common/pico_printf/printf.c.obj
 .text._out_char
                0x10002c54       0x10 CMakeFiles/tocando-com-buzzers.dir/C_/Users/Elias/.pico-sdk/sdk/2.1.1/src/rp2_common/pico_printf/printf.c.obj
 .text._out_fct
                0x10002c64       0x10 CMakeFiles/tocando-com-buzzers.dir/C_/Users/Elias/.pico-sdk/sdk/2.1.1/src/rp2_common/pico_printf/printf.c.obj
 .text._ftoa    0x10002c74      0x4a8 CMakeFiles/tocando-com-buzzers.dir/C_/Users/Elias/.pico-sdk/sdk/2.1.1/src/rp2_common/pico_printf/printf.c.obj
 .text._etoa    0x1000311c      0x57c CMakeFiles/tocando-com-buzzers.dir/C_/Users/Elias/.pico-sdk/sdk/2.1.1/src/rp2_common/pico_printf/printf.c.obj
 .text._vsnprintf
                0x10003698      0xbe0 CMakeFiles/tocando-com-buzzers.dir/C_/Users/Elias/.pico-sdk/sdk/2.1.1/src/rp2_common/pico_printf/printf.c.obj
 .text.vfctprintf
                0x10004278       0x24 CMakeFiles/tocando-com-buzzers.dir/C_/Users/Elias/.pico-sdk/sdk/2.1.1/src/rp2_common/pico_printf/printf.c.obj
                0x10004278                vfctprintf
 .text.weak_raw_vprintf
                0x1000429c       0x30 CMakeFiles/tocando-com-buzzers.dir/C_/Users/Elias/.pico-sdk/sdk/2.1.1/src/rp2_common/pico_printf/printf.c.obj
                0x1000429c                weak_raw_vprintf
 .text._exit    0x100042cc        0x4 CMakeFiles/tocando-com-buzzers.dir/C_/Users/Elias/.pico-sdk/sdk/2.1.1/src/rp2_common/pico_clib_interface/newlib_interface.c.obj
                0x100042cc                _exit
 .text.exit     0x100042d0        0x8 CMakeFiles/tocando-com-buzzers.dir/C_/Users/Elias/.pico-sdk/sdk/2.1.1/src/rp2_common/pico_clib_interface/newlib_interface.c.obj
                0x100042d0                exit
 .text.runtime_init
                0x100042d8       0x2c CMakeFiles/tocando-com-buzzers.dir/C_/Users/Elias/.pico-sdk/sdk/2.1.1/src/rp2_common/pico_clib_interface/newlib_interface.c.obj
                0x100042d8                runtime_init
 .text.stdio_out_chars_no_crlf
                0x10004304       0x10 CMakeFiles/tocando-com-buzzers.dir/C_/Users/Elias/.pico-sdk/sdk/2.1.1/src/rp2_common/pico_stdio/stdio.c.obj
 .text.stdio_out_chars_crlf
                0x10004314       0xb0 CMakeFiles/tocando-com-buzzers.dir/C_/Users/Elias/.pico-sdk/sdk/2.1.1/src/rp2_common/pico_stdio/stdio.c.obj
 .text.stdio_buffered_printer
                0x100043c4       0x64 CMakeFiles/tocando-com-buzzers.dir/C_/Users/Elias/.pico-sdk/sdk/2.1.1/src/rp2_common/pico_stdio/stdio.c.obj
 .text.stdio_put_string
                0x10004428       0xfc CMakeFiles/tocando-com-buzzers.dir/C_/Users/Elias/.pico-sdk/sdk/2.1.1/src/rp2_common/pico_stdio/stdio.c.obj
                0x10004428                stdio_put_string
 .text.stdio_set_driver_enabled
                0x10004524       0x30 CMakeFiles/tocando-com-buzzers.dir/C_/Users/Elias/.pico-sdk/sdk/2.1.1/src/rp2_common/pico_stdio/stdio.c.obj
                0x10004524                stdio_set_driver_enabled
 .text.stdio_init_all
                0x10004554       0x10 CMakeFiles/tocando-com-buzzers.dir/C_/Users/Elias/.pico-sdk/sdk/2.1.1/src/rp2_common/pico_stdio/stdio.c.obj
                0x10004554                stdio_init_all
 .text.__wrap_putchar
                0x10004564       0x94 CMakeFiles/tocando-com-buzzers.dir/C_/Users/Elias/.pico-sdk/sdk/2.1.1/src/rp2_common/pico_stdio/stdio.c.obj
                0x10004564                __wrap_putchar
                0x10004564                stdio_putchar
 .text.__wrap_puts
                0x100045f8       0x3c CMakeFiles/tocando-com-buzzers.dir/C_/Users/Elias/.pico-sdk/sdk/2.1.1/src/rp2_common/pico_stdio/stdio.c.obj
                0x100045f8                stdio_puts
                0x100045f8                __wrap_puts
 .text.__wrap_vprintf
                0x10004634       0xcc CMakeFiles/tocando-com-buzzers.dir/C_/Users/Elias/.pico-sdk/sdk/2.1.1/src/rp2_common/pico_stdio/stdio.c.obj
                0x10004634                stdio_vprintf
                0x10004634                __wrap_vprintf
 .text.__wrap_printf
                0x10004700       0x18 CMakeFiles/tocando-com-buzzers.dir/C_/Users/Elias/.pico-sdk/sdk/2.1.1/src/rp2_common/pico_stdio/stdio.c.obj
                0x10004700                __wrap_printf
                0x10004700                stdio_printf
 .text.stdio_uart_out_chars
                0x10004718       0x4c CMakeFiles/tocando-com-buzzers.dir/C_/Users/Elias/.pico-sdk/sdk/2.1.1/src/rp2_common/pico_stdio_uart/stdio_uart.c.obj
 .text.stdio_uart_in_chars
                0x10004764       0x90 CMakeFiles/tocando-com-buzzers.dir/C_/Users/Elias/.pico-sdk/sdk/2.1.1/src/rp2_common/pico_stdio_uart/stdio_uart.c.obj
                0x10004764                stdio_uart_in_chars
 .text.on_uart_rx
                0x100047f4       0x28 CMakeFiles/tocando-com-buzzers.dir/C_/Users/Elias/.pico-sdk/sdk/2.1.1/src/rp2_common/pico_stdio_uart/stdio_uart.c.obj
 .text.stdio_uart_out_flush
                0x1000481c       0x14 CMakeFiles/tocando-com-buzzers.dir/C_/Users/Elias/.pico-sdk/sdk/2.1.1/src/rp2_common/pico_stdio_uart/stdio_uart.c.obj
 .text.stdio_uart_set_chars_available_callback
                0x10004830       0x84 CMakeFiles/tocando-com-buzzers.dir/C_/Users/Elias/.pico-sdk/sdk/2.1.1/src/rp2_common/pico_stdio_uart/stdio_uart.c.obj
 .text.stdio_uart_init
                0x100048b4       0x50 CMakeFiles/tocando-com-buzzers.dir/C_/Users/Elias/.pico-sdk/sdk/2.1.1/src/rp2_common/pico_stdio_uart/stdio_uart.c.obj
                0x100048b4                stdio_uart_init
 .text.resetd_init
                0x10004904        0x4 CMakeFiles/tocando-com-buzzers.dir/C_/Users/Elias/.pico-sdk/sdk/2.1.1/src/rp2_common/pico_stdio_usb/reset_interface.c.obj
 .text.resetd_reset
                0x10004908        0xc CMakeFiles/tocando-com-buzzers.dir/C_/Users/Elias/.pico-sdk/sdk/2.1.1/src/rp2_common/pico_stdio_usb/reset_interface.c.obj
 .text.resetd_open
                0x10004914       0x28 CMakeFiles/tocando-com-buzzers.dir/C_/Users/Elias/.pico-sdk/sdk/2.1.1/src/rp2_common/pico_stdio_usb/reset_interface.c.obj
 .text.resetd_xfer_cb
                0x1000493c        0x4 CMakeFiles/tocando-com-buzzers.dir/C_/Users/Elias/.pico-sdk/sdk/2.1.1/src/rp2_common/pico_stdio_usb/reset_interface.c.obj
 .text.resetd_control_xfer_cb
                0x10004940       0x54 CMakeFiles/tocando-com-buzzers.dir/C_/Users/Elias/.pico-sdk/sdk/2.1.1/src/rp2_common/pico_stdio_usb/reset_interface.c.obj
 .text.tud_descriptor_bos_cb
                0x10004994        0x8 CMakeFiles/tocando-com-buzzers.dir/C_/Users/Elias/.pico-sdk/sdk/2.1.1/src/rp2_common/pico_stdio_usb/reset_interface.c.obj
                0x10004994                tud_descriptor_bos_cb
 .text.tud_vendor_control_xfer_cb
                0x1000499c       0x34 CMakeFiles/tocando-com-buzzers.dir/C_/Users/Elias/.pico-sdk/sdk/2.1.1/src/rp2_common/pico_stdio_usb/reset_interface.c.obj
                0x1000499c                tud_vendor_control_xfer_cb
 .text.usbd_app_driver_get_cb
                0x100049d0        0xc CMakeFiles/tocando-com-buzzers.dir/C_/Users/Elias/.pico-sdk/sdk/2.1.1/src/rp2_common/pico_stdio_usb/reset_interface.c.obj
                0x100049d0                usbd_app_driver_get_cb
 .text.tud_cdc_line_coding_cb
                0x100049dc       0x2c CMakeFiles/tocando-com-buzzers.dir/C_/Users/Elias/.pico-sdk/sdk/2.1.1/src/rp2_common/pico_stdio_usb/reset_interface.c.obj
                0x100049dc                tud_cdc_line_coding_cb
 .text.stdio_usb_set_chars_available_callback
                0x10004a08       0x14 CMakeFiles/tocando-com-buzzers.dir/C_/Users/Elias/.pico-sdk/sdk/2.1.1/src/rp2_common/pico_stdio_usb/stdio_usb.c.obj
                0x10004a08                stdio_usb_set_chars_available_callback
 .text.usb_irq  0x10004a1c       0x10 CMakeFiles/tocando-com-buzzers.dir/C_/Users/Elias/.pico-sdk/sdk/2.1.1/src/rp2_common/pico_stdio_usb/stdio_usb.c.obj
 .text.timer_task
                0x10004a2c       0x64 CMakeFiles/tocando-com-buzzers.dir/C_/Users/Elias/.pico-sdk/sdk/2.1.1/src/rp2_common/pico_stdio_usb/stdio_usb.c.obj
 .text.stdio_usb_in_chars
                0x10004a90       0x8c CMakeFiles/tocando-com-buzzers.dir/C_/Users/Elias/.pico-sdk/sdk/2.1.1/src/rp2_common/pico_stdio_usb/stdio_usb.c.obj
                0x10004a90                stdio_usb_in_chars
 .text.stdio_usb_out_flush
                0x10004b1c       0x4c CMakeFiles/tocando-com-buzzers.dir/C_/Users/Elias/.pico-sdk/sdk/2.1.1/src/rp2_common/pico_stdio_usb/stdio_usb.c.obj
 .text.stdio_usb_out_chars
                0x10004b68      0x100 CMakeFiles/tocando-com-buzzers.dir/C_/Users/Elias/.pico-sdk/sdk/2.1.1/src/rp2_common/pico_stdio_usb/stdio_usb.c.obj
 .text.low_priority_worker_irq
                0x10004c68       0xc8 CMakeFiles/tocando-com-buzzers.dir/C_/Users/Elias/.pico-sdk/sdk/2.1.1/src/rp2_common/pico_stdio_usb/stdio_usb.c.obj
 .text.stdio_usb_init
                0x10004d30       0xe8 CMakeFiles/tocando-com-buzzers.dir/C_/Users/Elias/.pico-sdk/sdk/2.1.1/src/rp2_common/pico_stdio_usb/stdio_usb.c.obj
                0x10004d30                stdio_usb_init
 .text.tud_descriptor_device_cb
                0x10004e18        0x8 CMakeFiles/tocando-com-buzzers.dir/C_/Users/Elias/.pico-sdk/sdk/2.1.1/src/rp2_common/pico_stdio_usb/stdio_usb_descriptors.c.obj
                0x10004e18                tud_descriptor_device_cb
 .text.tud_descriptor_configuration_cb
                0x10004e20        0x8 CMakeFiles/tocando-com-buzzers.dir/C_/Users/Elias/.pico-sdk/sdk/2.1.1/src/rp2_common/pico_stdio_usb/stdio_usb_descriptors.c.obj
                0x10004e20                tud_descriptor_configuration_cb
 .text.tud_descriptor_string_cb
                0x10004e28       0x78 CMakeFiles/tocando-com-buzzers.dir/C_/Users/Elias/.pico-sdk/sdk/2.1.1/src/rp2_common/pico_stdio_usb/stdio_usb_descriptors.c.obj
                0x10004e28                tud_descriptor_string_cb
 .text.startup._retrieve_unique_id_on_boot
                0x10004ea0       0x10 CMakeFiles/tocando-com-buzzers.dir/C_/Users/Elias/.pico-sdk/sdk/2.1.1/src/rp2_common/pico_unique_id/unique_id.c.obj
 .text.pico_get_unique_board_id_string
                0x10004eb0      0x1a8 CMakeFiles/tocando-com-buzzers.dir/C_/Users/Elias/.pico-sdk/sdk/2.1.1/src/rp2_common/pico_unique_id/unique_id.c.obj
                0x10004eb0                pico_get_unique_board_id_string
 .text.flash_get_unique_id
                0x10005058       0x3c CMakeFiles/tocando-com-buzzers.dir/C_/Users/Elias/.pico-sdk/sdk/2.1.1/src/rp2_common/hardware_flash/flash.c.obj
                0x10005058                flash_get_unique_id
 .text.dcd_init
                0x10005094       0x90 CMakeFiles/tocando-com-buzzers.dir/C_/Users/Elias/.pico-sdk/sdk/2.1.1/lib/tinyusb/src/portable/raspberrypi/rp2040/dcd_rp2040.c.obj
                0x10005094                dcd_init
 .text.dcd_int_enable
                0x10005124        0xc CMakeFiles/tocando-com-buzzers.dir/C_/Users/Elias/.pico-sdk/sdk/2.1.1/lib/tinyusb/src/portable/raspberrypi/rp2040/dcd_rp2040.c.obj
                0x10005124                dcd_int_enable
 .text.dcd_set_address
                0x10005130       0x14 CMakeFiles/tocando-com-buzzers.dir/C_/Users/Elias/.pico-sdk/sdk/2.1.1/lib/tinyusb/src/portable/raspberrypi/rp2040/dcd_rp2040.c.obj
                0x10005130                dcd_set_address
 .text.dcd_sof_enable
                0x10005144       0x1c CMakeFiles/tocando-com-buzzers.dir/C_/Users/Elias/.pico-sdk/sdk/2.1.1/lib/tinyusb/src/portable/raspberrypi/rp2040/dcd_rp2040.c.obj
                0x10005144                dcd_sof_enable
 .text.dcd_edpt0_status_complete
                0x10005160       0x1c CMakeFiles/tocando-com-buzzers.dir/C_/Users/Elias/.pico-sdk/sdk/2.1.1/lib/tinyusb/src/portable/raspberrypi/rp2040/dcd_rp2040.c.obj
                0x10005160                dcd_edpt0_status_complete
 .text.dcd_edpt_open
                0x1000517c      0x114 CMakeFiles/tocando-com-buzzers.dir/C_/Users/Elias/.pico-sdk/sdk/2.1.1/lib/tinyusb/src/portable/raspberrypi/rp2040/dcd_rp2040.c.obj
                0x1000517c                dcd_edpt_open
 .text.dcd_edpt_close_all
                0x10005290        0x8 CMakeFiles/tocando-com-buzzers.dir/C_/Users/Elias/.pico-sdk/sdk/2.1.1/lib/tinyusb/src/portable/raspberrypi/rp2040/dcd_rp2040.c.obj
                0x10005290                dcd_edpt_close_all
 .text.dcd_edpt_xfer
                0x10005298       0x24 CMakeFiles/tocando-com-buzzers.dir/C_/Users/Elias/.pico-sdk/sdk/2.1.1/lib/tinyusb/src/portable/raspberrypi/rp2040/dcd_rp2040.c.obj
                0x10005298                dcd_edpt_xfer
 .text.dcd_edpt_stall
                0x100052bc       0x3c CMakeFiles/tocando-com-buzzers.dir/C_/Users/Elias/.pico-sdk/sdk/2.1.1/lib/tinyusb/src/portable/raspberrypi/rp2040/dcd_rp2040.c.obj
                0x100052bc                dcd_edpt_stall
 .text.dcd_edpt_clear_stall
                0x100052f8       0x30 CMakeFiles/tocando-com-buzzers.dir/C_/Users/Elias/.pico-sdk/sdk/2.1.1/lib/tinyusb/src/portable/raspberrypi/rp2040/dcd_rp2040.c.obj
                0x100052f8                dcd_edpt_clear_stall
 .text.rp2040_usb_init
                0x10005328       0x40 CMakeFiles/tocando-com-buzzers.dir/C_/Users/Elias/.pico-sdk/sdk/2.1.1/lib/tinyusb/src/portable/raspberrypi/rp2040/rp2040_usb.c.obj
                0x10005328                rp2040_usb_init
 .text.hw_endpoint_xfer_start
                0x10005368       0x40 CMakeFiles/tocando-com-buzzers.dir/C_/Users/Elias/.pico-sdk/sdk/2.1.1/lib/tinyusb/src/portable/raspberrypi/rp2040/rp2040_usb.c.obj
                0x10005368                hw_endpoint_xfer_start
 .text.tud_event_hook_cb
                0x100053a8        0x4 CMakeFiles/tocando-com-buzzers.dir/C_/Users/Elias/.pico-sdk/sdk/2.1.1/lib/tinyusb/src/device/usbd.c.obj
                0x100053a8                tud_event_hook_cb
 .text.tud_sof_cb
                0x100053ac        0x4 CMakeFiles/tocando-com-buzzers.dir/C_/Users/Elias/.pico-sdk/sdk/2.1.1/lib/tinyusb/src/device/usbd.c.obj
                0x100053ac                tud_sof_cb
 .text.tud_descriptor_device_qualifier_cb
                0x100053b0        0x4 CMakeFiles/tocando-com-buzzers.dir/C_/Users/Elias/.pico-sdk/sdk/2.1.1/lib/tinyusb/src/device/usbd.c.obj
                0x100053b0                tud_descriptor_device_qualifier_cb
 .text.tud_descriptor_other_speed_configuration_cb
                0x100053b4        0x4 CMakeFiles/tocando-com-buzzers.dir/C_/Users/Elias/.pico-sdk/sdk/2.1.1/lib/tinyusb/src/device/usbd.c.obj
                0x100053b4                tud_descriptor_other_speed_configuration_cb
 .text.tud_mount_cb
                0x100053b8        0x4 CMakeFiles/tocando-com-buzzers.dir/C_/Users/Elias/.pico-sdk/sdk/2.1.1/lib/tinyusb/src/device/usbd.c.obj
                0x100053b8                tud_mount_cb
 .text.tud_umount_cb
                0x100053bc        0x4 CMakeFiles/tocando-com-buzzers.dir/C_/Users/Elias/.pico-sdk/sdk/2.1.1/lib/tinyusb/src/device/usbd.c.obj
                0x100053bc                tud_umount_cb
 .text.tud_suspend_cb
                0x100053c0        0x4 CMakeFiles/tocando-com-buzzers.dir/C_/Users/Elias/.pico-sdk/sdk/2.1.1/lib/tinyusb/src/device/usbd.c.obj
                0x100053c0                tud_suspend_cb
 .text.tud_resume_cb
                0x100053c4        0x4 CMakeFiles/tocando-com-buzzers.dir/C_/Users/Elias/.pico-sdk/sdk/2.1.1/lib/tinyusb/src/device/usbd.c.obj
                0x100053c4                tud_resume_cb
 .text.tud_mounted
                0x100053c8       0x10 CMakeFiles/tocando-com-buzzers.dir/C_/Users/Elias/.pico-sdk/sdk/2.1.1/lib/tinyusb/src/device/usbd.c.obj
                0x100053c8                tud_mounted
 .text.tud_suspended
                0x100053d8       0x10 CMakeFiles/tocando-com-buzzers.dir/C_/Users/Elias/.pico-sdk/sdk/2.1.1/lib/tinyusb/src/device/usbd.c.obj
                0x100053d8                tud_suspended
 .text.tud_rhport_init
                0x100053e8       0xf4 CMakeFiles/tocando-com-buzzers.dir/C_/Users/Elias/.pico-sdk/sdk/2.1.1/lib/tinyusb/src/device/usbd.c.obj
                0x100053e8                tud_rhport_init
 .text.tud_task_ext
                0x100054dc      0x800 CMakeFiles/tocando-com-buzzers.dir/C_/Users/Elias/.pico-sdk/sdk/2.1.1/lib/tinyusb/src/device/usbd.c.obj
                0x100054dc                tud_task_ext
 .text.usbd_open_edpt_pair
                0x10005cdc       0x9c CMakeFiles/tocando-com-buzzers.dir/C_/Users/Elias/.pico-sdk/sdk/2.1.1/lib/tinyusb/src/device/usbd.c.obj
                0x10005cdc                usbd_open_edpt_pair
 .text.usbd_edpt_open
                0x10005d78       0x34 CMakeFiles/tocando-com-buzzers.dir/C_/Users/Elias/.pico-sdk/sdk/2.1.1/lib/tinyusb/src/device/usbd.c.obj
                0x10005d78                usbd_edpt_open
 .text.usbd_edpt_claim
                0x10005dac       0x28 CMakeFiles/tocando-com-buzzers.dir/C_/Users/Elias/.pico-sdk/sdk/2.1.1/lib/tinyusb/src/device/usbd.c.obj
                0x10005dac                usbd_edpt_claim
 .text.usbd_edpt_release
                0x10005dd4       0x28 CMakeFiles/tocando-com-buzzers.dir/C_/Users/Elias/.pico-sdk/sdk/2.1.1/lib/tinyusb/src/device/usbd.c.obj
                0x10005dd4                usbd_edpt_release
 .text.usbd_edpt_xfer
                0x10005dfc       0x4c CMakeFiles/tocando-com-buzzers.dir/C_/Users/Elias/.pico-sdk/sdk/2.1.1/lib/tinyusb/src/device/usbd.c.obj
                0x10005dfc                usbd_edpt_xfer
 .text.tud_control_status
                0x10005e48       0x2c CMakeFiles/tocando-com-buzzers.dir/C_/Users/Elias/.pico-sdk/sdk/2.1.1/lib/tinyusb/src/device/usbd_control.c.obj
                0x10005e48                tud_control_status
 .text.tud_control_xfer
                0x10005e74       0xa8 CMakeFiles/tocando-com-buzzers.dir/C_/Users/Elias/.pico-sdk/sdk/2.1.1/lib/tinyusb/src/device/usbd_control.c.obj
                0x10005e74                tud_control_xfer
 .text.usbd_control_reset
                0x10005f1c       0x14 CMakeFiles/tocando-com-buzzers.dir/C_/Users/Elias/.pico-sdk/sdk/2.1.1/lib/tinyusb/src/device/usbd_control.c.obj
                0x10005f1c                usbd_control_reset
 .text.usbd_control_set_complete_callback
                0x10005f30        0xc CMakeFiles/tocando-com-buzzers.dir/C_/Users/Elias/.pico-sdk/sdk/2.1.1/lib/tinyusb/src/device/usbd_control.c.obj
                0x10005f30                usbd_control_set_complete_callback
 .text.usbd_control_set_request
                0x10005f3c       0x1c CMakeFiles/tocando-com-buzzers.dir/C_/Users/Elias/.pico-sdk/sdk/2.1.1/lib/tinyusb/src/device/usbd_control.c.obj
                0x10005f3c                usbd_control_set_request
 .text.usbd_control_xfer_cb
                0x10005f58       0xec CMakeFiles/tocando-com-buzzers.dir/C_/Users/Elias/.pico-sdk/sdk/2.1.1/lib/tinyusb/src/device/usbd_control.c.obj
                0x10005f58                usbd_control_xfer_cb
 .text._prep_out_transaction.isra.0
                0x10006044       0x6c CMakeFiles/tocando-com-buzzers.dir/C_/Users/Elias/.pico-sdk/sdk/2.1.1/lib/tinyusb/src/class/cdc/cdc_device.c.obj
 .text.tud_cdc_n_connected
                0x100060b0       0x2c CMakeFiles/tocando-com-buzzers.dir/C_/Users/Elias/.pico-sdk/sdk/2.1.1/lib/tinyusb/src/class/cdc/cdc_device.c.obj
                0x100060b0                tud_cdc_n_connected
 .text.tud_cdc_n_available
                0x100060dc       0x14 CMakeFiles/tocando-com-buzzers.dir/C_/Users/Elias/.pico-sdk/sdk/2.1.1/lib/tinyusb/src/class/cdc/cdc_device.c.obj
                0x100060dc                tud_cdc_n_available
 .text.tud_cdc_n_read
                0x100060f0       0x88 CMakeFiles/tocando-com-buzzers.dir/C_/Users/Elias/.pico-sdk/sdk/2.1.1/lib/tinyusb/src/class/cdc/cdc_device.c.obj
                0x100060f0                tud_cdc_n_read
 .text.tud_cdc_n_write_flush
                0x10006178       0x74 CMakeFiles/tocando-com-buzzers.dir/C_/Users/Elias/.pico-sdk/sdk/2.1.1/lib/tinyusb/src/class/cdc/cdc_device.c.obj
                0x10006178                tud_cdc_n_write_flush
 .text.tud_cdc_n_write
                0x100061ec       0x40 CMakeFiles/tocando-com-buzzers.dir/C_/Users/Elias/.pico-sdk/sdk/2.1.1/lib/tinyusb/src/class/cdc/cdc_device.c.obj
                0x100061ec                tud_cdc_n_write
 .text.tud_cdc_n_write_available
                0x1000622c       0x14 CMakeFiles/tocando-com-buzzers.dir/C_/Users/Elias/.pico-sdk/sdk/2.1.1/lib/tinyusb/src/class/cdc/cdc_device.c.obj
                0x1000622c                tud_cdc_n_write_available
 .text.cdcd_init
                0x10006240       0x70 CMakeFiles/tocando-com-buzzers.dir/C_/Users/Elias/.pico-sdk/sdk/2.1.1/lib/tinyusb/src/class/cdc/cdc_device.c.obj
                0x10006240                cdcd_init
 .text.cdcd_deinit
                0x100062b0       0x30 CMakeFiles/tocando-com-buzzers.dir/C_/Users/Elias/.pico-sdk/sdk/2.1.1/lib/tinyusb/src/class/cdc/cdc_device.c.obj
                0x100062b0                cdcd_deinit
 .text.cdcd_reset
                0x100062e0       0x4c CMakeFiles/tocando-com-buzzers.dir/C_/Users/Elias/.pico-sdk/sdk/2.1.1/lib/tinyusb/src/class/cdc/cdc_device.c.obj
                0x100062e0                cdcd_reset
 .text.cdcd_open
                0x1000632c       0xa4 CMakeFiles/tocando-com-buzzers.dir/C_/Users/Elias/.pico-sdk/sdk/2.1.1/lib/tinyusb/src/class/cdc/cdc_device.c.obj
                0x1000632c                cdcd_open
 .text.cdcd_control_xfer_cb
                0x100063d0       0xe8 CMakeFiles/tocando-com-buzzers.dir/C_/Users/Elias/.pico-sdk/sdk/2.1.1/lib/tinyusb/src/class/cdc/cdc_device.c.obj
                0x100063d0                cdcd_control_xfer_cb
 .text.cdcd_xfer_cb
                0x100064b8      0x100 CMakeFiles/tocando-com-buzzers.dir/C_/Users/Elias/.pico-sdk/sdk/2.1.1/lib/tinyusb/src/class/cdc/cdc_device.c.obj
                0x100064b8                cdcd_xfer_cb
 .text.vendord_init
                0x100065b8       0x5c CMakeFiles/tocando-com-buzzers.dir/C_/Users/Elias/.pico-sdk/sdk/2.1.1/lib/tinyusb/src/class/vendor/vendor_device.c.obj
                0x100065b8                vendord_init
 .text.vendord_deinit
                0x10006614       0x1c CMakeFiles/tocando-com-buzzers.dir/C_/Users/Elias/.pico-sdk/sdk/2.1.1/lib/tinyusb/src/class/vendor/vendor_device.c.obj
                0x10006614                vendord_deinit
 .text.vendord_reset
                0x10006630       0x28 CMakeFiles/tocando-com-buzzers.dir/C_/Users/Elias/.pico-sdk/sdk/2.1.1/lib/tinyusb/src/class/vendor/vendor_device.c.obj
                0x10006630                vendord_reset
 .text.vendord_open
                0x10006658      0x120 CMakeFiles/tocando-com-buzzers.dir/C_/Users/Elias/.pico-sdk/sdk/2.1.1/lib/tinyusb/src/class/vendor/vendor_device.c.obj
                0x10006658                vendord_open
 .text.vendord_xfer_cb
                0x10006778       0x9c CMakeFiles/tocando-com-buzzers.dir/C_/Users/Elias/.pico-sdk/sdk/2.1.1/lib/tinyusb/src/class/vendor/vendor_device.c.obj
                0x10006778                vendord_xfer_cb
 .text.tusb_rhport_init
                0x10006814       0x4c CMakeFiles/tocando-com-buzzers.dir/C_/Users/Elias/.pico-sdk/sdk/2.1.1/lib/tinyusb/src/tusb.c.obj
                0x10006814                tusb_rhport_init
 .text.tu_edpt_claim
                0x10006860       0x50 CMakeFiles/tocando-com-buzzers.dir/C_/Users/Elias/.pico-sdk/sdk/2.1.1/lib/tinyusb/src/tusb.c.obj
                0x10006860                tu_edpt_claim
 .text.tu_edpt_release
                0x100068b0       0x38 CMakeFiles/tocando-com-buzzers.dir/C_/Users/Elias/.pico-sdk/sdk/2.1.1/lib/tinyusb/src/tusb.c.obj
                0x100068b0                tu_edpt_release
 .text.tu_edpt_validate
                0x100068e8       0x7c CMakeFiles/tocando-com-buzzers.dir/C_/Users/Elias/.pico-sdk/sdk/2.1.1/lib/tinyusb/src/tusb.c.obj
                0x100068e8                tu_edpt_validate
 .text.tu_edpt_bind_driver
                0x10006964       0x34 CMakeFiles/tocando-com-buzzers.dir/C_/Users/Elias/.pico-sdk/sdk/2.1.1/lib/tinyusb/src/tusb.c.obj
                0x10006964                tu_edpt_bind_driver
 .text.tu_edpt_stream_init
                0x10006998       0x6c CMakeFiles/tocando-com-buzzers.dir/C_/Users/Elias/.pico-sdk/sdk/2.1.1/lib/tinyusb/src/tusb.c.obj
                0x10006998                tu_edpt_stream_init
 .text.tu_edpt_stream_deinit
                0x10006a04        0x4 CMakeFiles/tocando-com-buzzers.dir/C_/Users/Elias/.pico-sdk/sdk/2.1.1/lib/tinyusb/src/tusb.c.obj
                0x10006a04                tu_edpt_stream_deinit
 .text.tu_edpt_stream_write_zlp_if_needed
                0x10006a08       0x68 CMakeFiles/tocando-com-buzzers.dir/C_/Users/Elias/.pico-sdk/sdk/2.1.1/lib/tinyusb/src/tusb.c.obj
                0x10006a08                tu_edpt_stream_write_zlp_if_needed
 .text.tu_edpt_stream_write_xfer
                0x10006a70       0x68 CMakeFiles/tocando-com-buzzers.dir/C_/Users/Elias/.pico-sdk/sdk/2.1.1/lib/tinyusb/src/tusb.c.obj
                0x10006a70                tu_edpt_stream_write_xfer
 .text.tu_edpt_stream_read_xfer
                0x10006ad8       0xd8 CMakeFiles/tocando-com-buzzers.dir/C_/Users/Elias/.pico-sdk/sdk/2.1.1/lib/tinyusb/src/tusb.c.obj
                0x10006ad8                tu_edpt_stream_read_xfer
 .text.tu_fifo_config
                0x10006bb0       0x6c CMakeFiles/tocando-com-buzzers.dir/C_/Users/Elias/.pico-sdk/sdk/2.1.1/lib/tinyusb/src/common/tusb_fifo.c.obj
                0x10006bb0                tu_fifo_config
 .text.tu_fifo_count
                0x10006c1c       0x2c CMakeFiles/tocando-com-buzzers.dir/C_/Users/Elias/.pico-sdk/sdk/2.1.1/lib/tinyusb/src/common/tusb_fifo.c.obj
                0x10006c1c                tu_fifo_count
 .text.tu_fifo_empty
                0x10006c48       0x10 CMakeFiles/tocando-com-buzzers.dir/C_/Users/Elias/.pico-sdk/sdk/2.1.1/lib/tinyusb/src/common/tusb_fifo.c.obj
                0x10006c48                tu_fifo_empty
 .text.tu_fifo_remaining
                0x10006c58       0x2c CMakeFiles/tocando-com-buzzers.dir/C_/Users/Elias/.pico-sdk/sdk/2.1.1/lib/tinyusb/src/common/tusb_fifo.c.obj
                0x10006c58                tu_fifo_remaining
 .text.tu_fifo_read
                0x10006c84       0x9c CMakeFiles/tocando-com-buzzers.dir/C_/Users/Elias/.pico-sdk/sdk/2.1.1/lib/tinyusb/src/common/tusb_fifo.c.obj
                0x10006c84                tu_fifo_read
 .text.tu_fifo_read_n
                0x10006d20       0xe8 CMakeFiles/tocando-com-buzzers.dir/C_/Users/Elias/.pico-sdk/sdk/2.1.1/lib/tinyusb/src/common/tusb_fifo.c.obj
                0x10006d20                tu_fifo_read_n
 .text.tu_fifo_write
                0x10006e08       0xa4 CMakeFiles/tocando-com-buzzers.dir/C_/Users/Elias/.pico-sdk/sdk/2.1.1/lib/tinyusb/src/common/tusb_fifo.c.obj
                0x10006e08                tu_fifo_write
 .text.tu_fifo_write_n
                0x10006eac      0x178 CMakeFiles/tocando-com-buzzers.dir/C_/Users/Elias/.pico-sdk/sdk/2.1.1/lib/tinyusb/src/common/tusb_fifo.c.obj
                0x10006eac                tu_fifo_write_n
 .text.tu_fifo_clear
                0x10007024       0x40 CMakeFiles/tocando-com-buzzers.dir/C_/Users/Elias/.pico-sdk/sdk/2.1.1/lib/tinyusb/src/common/tusb_fifo.c.obj
                0x10007024                tu_fifo_clear
 .text.tu_fifo_set_overwritable
                0x10007064       0x48 CMakeFiles/tocando-com-buzzers.dir/C_/Users/Elias/.pico-sdk/sdk/2.1.1/lib/tinyusb/src/common/tusb_fifo.c.obj
                0x10007064                tu_fifo_set_overwritable
 .text.strlen   0x100070ac       0x5c C:/Users/Elias/.pico-sdk/toolchain/14_2_Rel1/bin/../lib/gcc/arm-none-eabi/14.2.1/thumb/v6-m/nofp\libg.a(libc_a-strlen-stub.o)
                0x100070ac                strlen
 *(.fini)
 .fini          0x10007108        0x4 C:/Users/Elias/.pico-sdk/toolchain/14_2_Rel1/bin/../lib/gcc/arm-none-eabi/14.2.1/thumb/v6-m/nofp/crti.o
                0x10007108                _fini
 *fill*         0x1000710c        0x4 
 .fini.__stub   0x10007110       0xc0 linker stubs
 *crtbegin.o(.ctors)
 *crtbegin?.o(.ctors)
 *(EXCLUDE_FILE(*crtend.o *crtend?.o) .ctors)
 *(SORT_BY_NAME(.ctors.*))
 *(.ctors)
 *crtbegin.o(.dtors)
 *crtbegin?.o(.dtors)
 *(EXCLUDE_FILE(*crtend.o *crtend?.o) .dtors)
 *(SORT_BY_NAME(.dtors.*))
 *(.dtors)
                0x100071d0                        . = ALIGN (0x4)
                0x100071d0                        PROVIDE (__preinit_array_start = .)
 *(SORT_BY_NAME(.preinit_array.*))
 .preinit_array.00100
                0x100071d0        0x4 CMakeFiles/tocando-com-buzzers.dir/C_/Users/Elias/.pico-sdk/sdk/2.1.1/src/rp2_common/pico_runtime_init/runtime_init.c.obj
                0x100071d0                __pre_init_runtime_init_early_resets
 .preinit_array.00101
                0x100071d4        0x4 CMakeFiles/tocando-com-buzzers.dir/C_/Users/Elias/.pico-sdk/sdk/2.1.1/src/rp2_common/pico_runtime_init/runtime_init.c.obj
                0x100071d4                __pre_init_runtime_init_usb_power_down
 .preinit_array.00275
                0x100071d8        0x4 CMakeFiles/tocando-com-buzzers.dir/C_/Users/Elias/.pico-sdk/sdk/2.1.1/src/rp2_common/pico_bit_ops/bit_ops_aeabi.S.obj
 .preinit_array.00300
                0x100071dc        0x4 CMakeFiles/tocando-com-buzzers.dir/C_/Users/Elias/.pico-sdk/sdk/2.1.1/src/rp2_common/pico_mem_ops/mem_ops_aeabi.S.obj
 .preinit_array.00350
                0x100071e0        0x4 CMakeFiles/tocando-com-buzzers.dir/C_/Users/Elias/.pico-sdk/sdk/2.1.1/src/rp2_common/pico_double/double_aeabi_rp2040.S.obj
 .preinit_array.00350
                0x100071e4        0x4 CMakeFiles/tocando-com-buzzers.dir/C_/Users/Elias/.pico-sdk/sdk/2.1.1/src/rp2_common/pico_float/float_aeabi_rp2040.S.obj
 .preinit_array.00500
                0x100071e8        0x4 CMakeFiles/tocando-com-buzzers.dir/C_/Users/Elias/.pico-sdk/sdk/2.1.1/src/rp2_common/pico_runtime_init/runtime_init.c.obj
                0x100071e8                __pre_init_runtime_init_clocks
 .preinit_array.00600
                0x100071ec        0x4 CMakeFiles/tocando-com-buzzers.dir/C_/Users/Elias/.pico-sdk/sdk/2.1.1/src/rp2_common/pico_runtime_init/runtime_init.c.obj
                0x100071ec                __pre_init_runtime_init_post_clock_resets
 .preinit_array.00700
                0x100071f0        0x4 CMakeFiles/tocando-com-buzzers.dir/C_/Users/Elias/.pico-sdk/sdk/2.1.1/src/rp2_common/pico_runtime_init/runtime_init.c.obj
                0x100071f0                __pre_init_runtime_init_rp2040_gpio_ie_disable
 .preinit_array.01000
                0x100071f4        0x4 CMakeFiles/tocando-com-buzzers.dir/C_/Users/Elias/.pico-sdk/sdk/2.1.1/src/rp2_common/pico_runtime_init/runtime_init.c.obj
                0x100071f4                __pre_init_runtime_init_spin_locks_reset
 .preinit_array.01100
                0x100071f8        0x4 CMakeFiles/tocando-com-buzzers.dir/C_/Users/Elias/.pico-sdk/sdk/2.1.1/src/common/pico_sync/mutex.c.obj
                0x100071f8                __pre_init_runtime_init_mutex
 .preinit_array.10080
                0x100071fc        0x4 CMakeFiles/tocando-com-buzzers.dir/C_/Users/Elias/.pico-sdk/sdk/2.1.1/src/rp2_common/pico_runtime_init/runtime_init.c.obj
                0x100071fc                __pre_init_runtime_init_install_ram_vector_table
 .preinit_array.11000
                0x10007200        0x4 CMakeFiles/tocando-com-buzzers.dir/C_/Users/Elias/.pico-sdk/sdk/2.1.1/src/common/pico_time/time.c.obj
                0x10007200                __pre_init_runtime_init_default_alarm_pool
 .preinit_array.YYYYY
                0x10007204        0x4 CMakeFiles/tocando-com-buzzers.dir/C_/Users/Elias/.pico-sdk/sdk/2.1.1/src/rp2_common/pico_runtime/runtime.c.obj
                0x10007204                __pre_init_first_per_core_initializer
 .preinit_array.ZZZZZ.01200
                0x10007208        0x4 CMakeFiles/tocando-com-buzzers.dir/C_/Users/Elias/.pico-sdk/sdk/2.1.1/src/rp2_common/hardware_irq/irq.c.obj
                0x10007208                __pre_init_runtime_init_per_core_irq_priorities
 *(.preinit_array)
                0x1000720c                        PROVIDE (__preinit_array_end = .)
                0x1000720c                        . = ALIGN (0x4)
                0x1000720c                        PROVIDE (__init_array_start = .)
 *(SORT_BY_NAME(.init_array.*))
 *(.init_array)
 .init_array    0x1000720c        0x4 C:/Users/Elias/.pico-sdk/toolchain/14_2_Rel1/bin/../lib/gcc/arm-none-eabi/14.2.1/thumb/v6-m/nofp/crtbegin.o
 .init_array    0x10007210        0x4 CMakeFiles/tocando-com-buzzers.dir/C_/Users/Elias/.pico-sdk/sdk/2.1.1/src/rp2_common/pico_unique_id/unique_id.c.obj
                0x10007214                        PROVIDE (__init_array_end = .)
                0x10007214                        . = ALIGN (0x4)
                [!provide]                        PROVIDE (__fini_array_start = .)
 *(SORT_BY_NAME(.fini_array.*))
 *(.fini_array)
                [!provide]                        PROVIDE (__fini_array_end = .)
 *(.eh_frame*)
 .eh_frame      0x10007214        0x0 C:/Users/Elias/.pico-sdk/toolchain/14_2_Rel1/bin/../lib/gcc/arm-none-eabi/14.2.1/thumb/v6-m/nofp/crtbegin.o
                0x10007214                        . = ALIGN (0x4)

.glue_7         0x10007214        0x0
 .glue_7        0x10007214        0x0 linker stubs

.glue_7t        0x10007214        0x0
 .glue_7t       0x10007214        0x0 linker stubs

.vfp11_veneer   0x10007214        0x0
 .vfp11_veneer  0x10007214        0x0 linker stubs

.v4_bx          0x10007214        0x0
 .v4_bx         0x10007214        0x0 linker stubs

.iplt           0x10007214        0x0
 .iplt          0x10007214        0x0 C:/Users/Elias/.pico-sdk/toolchain/14_2_Rel1/bin/../lib/gcc/arm-none-eabi/14.2.1/thumb/v6-m/nofp/crtbegin.o

.rodata         0x10007218      0x840
 *(EXCLUDE_FILE(*libm.a: *libc.a:*lib_a-mem*.o *libgcc.a:) .rodata*)
 .rodata.btn_callback.str1.4
                0x10007218      0x200 CMakeFiles/tocando-com-buzzers.dir/src/timers_callback.c.obj
                                 0x3d (size before relaxing)
 .rodata.times_off
                0x10007418       0x5c CMakeFiles/tocando-com-buzzers.dir/src/songs/song_of_storms.c.obj
                0x10007418                times_off
 .rodata.times_on
                0x10007474       0x5c CMakeFiles/tocando-com-buzzers.dir/src/songs/song_of_storms.c.obj
                0x10007474                times_on
 .rodata.musica
                0x100074d0       0x5c CMakeFiles/tocando-com-buzzers.dir/src/songs/song_of_storms.c.obj
                0x100074d0                musica
 .rodata.notas  0x1000752c       0x60 CMakeFiles/tocando-com-buzzers.dir/src/songs/song_of_storms.c.obj
                0x1000752c                notas
 .rodata.panic.str1.4
                0x1000758c       0x12 CMakeFiles/tocando-com-buzzers.dir/C_/Users/Elias/.pico-sdk/sdk/2.1.1/src/rp2_common/pico_platform_panic/panic.c.obj
 .rodata.spin_lock_claim_unused.str1.4
                0x1000758c       0x1b CMakeFiles/tocando-com-buzzers.dir/C_/Users/Elias/.pico-sdk/sdk/2.1.1/src/rp2_common/hardware_sync/sync.c.obj
 .rodata.user_irq_claim_unused.str1.4
                0x1000758c       0x1b CMakeFiles/tocando-com-buzzers.dir/C_/Users/Elias/.pico-sdk/sdk/2.1.1/src/rp2_common/hardware_irq/irq.c.obj
 .rodata.timer_hardware_alarm_claim.str1.4
                0x1000758c       0x22 CMakeFiles/tocando-com-buzzers.dir/C_/Users/Elias/.pico-sdk/sdk/2.1.1/src/rp2_common/hardware_timer/timer.c.obj
 .rodata.hard_assertion_failure.str1.4
                0x1000758c        0xc CMakeFiles/tocando-com-buzzers.dir/C_/Users/Elias/.pico-sdk/sdk/2.1.1/src/rp2_common/pico_runtime/runtime.c.obj
 .rodata.missing_double_func_shim.str1.4
                0x1000758c       0x18 CMakeFiles/tocando-com-buzzers.dir/C_/Users/Elias/.pico-sdk/sdk/2.1.1/src/rp2_common/pico_double/double_init_rom_rp2040.c.obj
 .rodata.missing_float_func_shim.str1.4
                0x1000758c        0x1 CMakeFiles/tocando-com-buzzers.dir/C_/Users/Elias/.pico-sdk/sdk/2.1.1/src/rp2_common/pico_float/float_init_rom_rp2040.c.obj
 .rodata.str1.4
                0x1000758c       0x4c CMakeFiles/tocando-com-buzzers.dir/C_/Users/Elias/.pico-sdk/sdk/2.1.1/src/rp2_common/pico_standard_binary_info/standard_binary_info.c.obj
 .rodata.__bi_84
                0x1000758c        0xc CMakeFiles/tocando-com-buzzers.dir/C_/Users/Elias/.pico-sdk/sdk/2.1.1/src/rp2_common/pico_standard_binary_info/standard_binary_info.c.obj
 .rodata.__bi_78
                0x10007598        0xc CMakeFiles/tocando-com-buzzers.dir/C_/Users/Elias/.pico-sdk/sdk/2.1.1/src/rp2_common/pico_standard_binary_info/standard_binary_info.c.obj
 .rodata.__bi_60
                0x100075a4        0xc CMakeFiles/tocando-com-buzzers.dir/C_/Users/Elias/.pico-sdk/sdk/2.1.1/src/rp2_common/pico_standard_binary_info/standard_binary_info.c.obj
 .rodata.__bi_54
                0x100075b0        0xc CMakeFiles/tocando-com-buzzers.dir/C_/Users/Elias/.pico-sdk/sdk/2.1.1/src/rp2_common/pico_standard_binary_info/standard_binary_info.c.obj
 .rodata.__bi_48
                0x100075bc        0xc CMakeFiles/tocando-com-buzzers.dir/C_/Users/Elias/.pico-sdk/sdk/2.1.1/src/rp2_common/pico_standard_binary_info/standard_binary_info.c.obj
 .rodata.__bi_42
                0x100075c8        0xc CMakeFiles/tocando-com-buzzers.dir/C_/Users/Elias/.pico-sdk/sdk/2.1.1/src/rp2_common/pico_standard_binary_info/standard_binary_info.c.obj
 .rodata.__bi_34
                0x100075d4        0xc CMakeFiles/tocando-com-buzzers.dir/C_/Users/Elias/.pico-sdk/sdk/2.1.1/src/rp2_common/pico_standard_binary_info/standard_binary_info.c.obj
 .rodata.__bi_26
                0x100075e0        0xc CMakeFiles/tocando-com-buzzers.dir/C_/Users/Elias/.pico-sdk/sdk/2.1.1/src/rp2_common/pico_standard_binary_info/standard_binary_info.c.obj
 .rodata._ftoa.str1.4
                0x100075ec       0x15 CMakeFiles/tocando-com-buzzers.dir/C_/Users/Elias/.pico-sdk/sdk/2.1.1/src/rp2_common/pico_printf/printf.c.obj
 .rodata._vsnprintf
                0x100075ec      0x19c CMakeFiles/tocando-com-buzzers.dir/C_/Users/Elias/.pico-sdk/sdk/2.1.1/src/rp2_common/pico_printf/printf.c.obj
 .rodata.pow10.0
                0x10007788       0x50 CMakeFiles/tocando-com-buzzers.dir/C_/Users/Elias/.pico-sdk/sdk/2.1.1/src/rp2_common/pico_printf/printf.c.obj
 .rodata.crlf_str.0
                0x100077d8        0x2 CMakeFiles/tocando-com-buzzers.dir/C_/Users/Elias/.pico-sdk/sdk/2.1.1/src/rp2_common/pico_stdio/stdio.c.obj
 .rodata.str1.4
                0x100077da       0x2c CMakeFiles/tocando-com-buzzers.dir/C_/Users/Elias/.pico-sdk/sdk/2.1.1/src/rp2_common/pico_stdio_uart/stdio_uart.c.obj
 *fill*         0x100077da        0x2 
 .rodata.__bi_45.4
                0x100077dc        0xc CMakeFiles/tocando-com-buzzers.dir/C_/Users/Elias/.pico-sdk/sdk/2.1.1/src/rp2_common/pico_stdio_uart/stdio_uart.c.obj
 .rodata.__bi_49.5
                0x100077e8        0x8 CMakeFiles/tocando-com-buzzers.dir/C_/Users/Elias/.pico-sdk/sdk/2.1.1/src/rp2_common/pico_stdio_uart/stdio_uart.c.obj
 .rodata.__bi_50.6
                0x100077f0        0x8 CMakeFiles/tocando-com-buzzers.dir/C_/Users/Elias/.pico-sdk/sdk/2.1.1/src/rp2_common/pico_stdio_uart/stdio_uart.c.obj
 .rodata._resetd_driver
                0x100077f8       0x20 CMakeFiles/tocando-com-buzzers.dir/C_/Users/Elias/.pico-sdk/sdk/2.1.1/src/rp2_common/pico_stdio_usb/reset_interface.c.obj
 .rodata.desc_ms_os_20
                0x10007818       0xa6 CMakeFiles/tocando-com-buzzers.dir/C_/Users/Elias/.pico-sdk/sdk/2.1.1/src/rp2_common/pico_stdio_usb/reset_interface.c.obj
 *fill*         0x100078be        0x2 
 .rodata.desc_bos
                0x100078c0       0x21 CMakeFiles/tocando-com-buzzers.dir/C_/Users/Elias/.pico-sdk/sdk/2.1.1/src/rp2_common/pico_stdio_usb/reset_interface.c.obj
                0x100078c0                desc_bos
 .rodata.str1.4
                0x100078e1       0x13 CMakeFiles/tocando-com-buzzers.dir/C_/Users/Elias/.pico-sdk/sdk/2.1.1/src/rp2_common/pico_stdio_usb/stdio_usb.c.obj
 *fill*         0x100078e1        0x3 
 .rodata.__bi_197.0
                0x100078e4        0xc CMakeFiles/tocando-com-buzzers.dir/C_/Users/Elias/.pico-sdk/sdk/2.1.1/src/rp2_common/pico_stdio_usb/stdio_usb.c.obj
 .rodata.str1.4
                0x100078f0       0x2a CMakeFiles/tocando-com-buzzers.dir/C_/Users/Elias/.pico-sdk/sdk/2.1.1/src/rp2_common/pico_stdio_usb/stdio_usb_descriptors.c.obj
 .rodata.usbd_desc_str
                0x100078f0       0x18 CMakeFiles/tocando-com-buzzers.dir/C_/Users/Elias/.pico-sdk/sdk/2.1.1/src/rp2_common/pico_stdio_usb/stdio_usb_descriptors.c.obj
 .rodata.usbd_desc_cfg
                0x10007908       0x54 CMakeFiles/tocando-com-buzzers.dir/C_/Users/Elias/.pico-sdk/sdk/2.1.1/src/rp2_common/pico_stdio_usb/stdio_usb_descriptors.c.obj
 .rodata.usbd_desc_device
                0x1000795c       0x12 CMakeFiles/tocando-com-buzzers.dir/C_/Users/Elias/.pico-sdk/sdk/2.1.1/src/rp2_common/pico_stdio_usb/stdio_usb_descriptors.c.obj
 .rodata.str1.4
                0x1000796e       0x14 CMakeFiles/tocando-com-buzzers.dir/C_/Users/Elias/.pico-sdk/sdk/2.1.1/lib/tinyusb/src/portable/raspberrypi/rp2040/dcd_rp2040.c.obj
 .rodata.str1.4
                0x1000796e       0x48 CMakeFiles/tocando-com-buzzers.dir/C_/Users/Elias/.pico-sdk/sdk/2.1.1/lib/tinyusb/src/portable/raspberrypi/rp2040/rp2040_usb.c.obj
 *fill*         0x1000796e        0x2 
 .rodata.tud_task_ext
                0x10007970       0x8c CMakeFiles/tocando-com-buzzers.dir/C_/Users/Elias/.pico-sdk/sdk/2.1.1/lib/tinyusb/src/device/usbd.c.obj
 .rodata        0x100079fc       0x1c CMakeFiles/tocando-com-buzzers.dir/C_/Users/Elias/.pico-sdk/sdk/2.1.1/lib/tinyusb/src/device/usbd.c.obj
 .rodata._usbd_driver
                0x10007a18       0x40 CMakeFiles/tocando-com-buzzers.dir/C_/Users/Elias/.pico-sdk/sdk/2.1.1/lib/tinyusb/src/device/usbd.c.obj
                0x10007a58                        . = ALIGN (0x4)
 *(SORT_BY_ALIGNMENT(SORT_BY_NAME(.flashdata*)))
                0x10007a58                        . = ALIGN (0x4)

.ARM.extab
 *(.ARM.extab* .gnu.linkonce.armextab.*)
                0x10007a58                        __exidx_start = .

.ARM.exidx
 *(.ARM.exidx* .gnu.linkonce.armexidx.*)
                0x10007a58                        __exidx_end = .
                0x10007a58                        . = ALIGN (0x4)
                0x10007a58                        __binary_info_start = .

.binary_info    0x10007a58       0x30
 *(.binary_info.keep.*)
 .binary_info.keep.__bi_ptr84
                0x10007a58        0x4 CMakeFiles/tocando-com-buzzers.dir/C_/Users/Elias/.pico-sdk/sdk/2.1.1/src/rp2_common/pico_standard_binary_info/standard_binary_info.c.obj
 .binary_info.keep.__bi_ptr78
                0x10007a5c        0x4 CMakeFiles/tocando-com-buzzers.dir/C_/Users/Elias/.pico-sdk/sdk/2.1.1/src/rp2_common/pico_standard_binary_info/standard_binary_info.c.obj
 .binary_info.keep.__bi_ptr60
                0x10007a60        0x4 CMakeFiles/tocando-com-buzzers.dir/C_/Users/Elias/.pico-sdk/sdk/2.1.1/src/rp2_common/pico_standard_binary_info/standard_binary_info.c.obj
 .binary_info.keep.__bi_ptr54
                0x10007a64        0x4 CMakeFiles/tocando-com-buzzers.dir/C_/Users/Elias/.pico-sdk/sdk/2.1.1/src/rp2_common/pico_standard_binary_info/standard_binary_info.c.obj
 .binary_info.keep.__bi_ptr48
                0x10007a68        0x4 CMakeFiles/tocando-com-buzzers.dir/C_/Users/Elias/.pico-sdk/sdk/2.1.1/src/rp2_common/pico_standard_binary_info/standard_binary_info.c.obj
 .binary_info.keep.__bi_ptr42
                0x10007a6c        0x4 CMakeFiles/tocando-com-buzzers.dir/C_/Users/Elias/.pico-sdk/sdk/2.1.1/src/rp2_common/pico_standard_binary_info/standard_binary_info.c.obj
 .binary_info.keep.__bi_ptr34
                0x10007a70        0x4 CMakeFiles/tocando-com-buzzers.dir/C_/Users/Elias/.pico-sdk/sdk/2.1.1/src/rp2_common/pico_standard_binary_info/standard_binary_info.c.obj
 .binary_info.keep.__bi_ptr26
                0x10007a74        0x4 CMakeFiles/tocando-com-buzzers.dir/C_/Users/Elias/.pico-sdk/sdk/2.1.1/src/rp2_common/pico_standard_binary_info/standard_binary_info.c.obj
 *(.binary_info.*)
 .binary_info.__bi_ptr50
                0x10007a78        0x4 CMakeFiles/tocando-com-buzzers.dir/C_/Users/Elias/.pico-sdk/sdk/2.1.1/src/rp2_common/pico_stdio_uart/stdio_uart.c.obj
 .binary_info.__bi_ptr49
                0x10007a7c        0x4 CMakeFiles/tocando-com-buzzers.dir/C_/Users/Elias/.pico-sdk/sdk/2.1.1/src/rp2_common/pico_stdio_uart/stdio_uart.c.obj
 .binary_info.__bi_ptr45
                0x10007a80        0x4 CMakeFiles/tocando-com-buzzers.dir/C_/Users/Elias/.pico-sdk/sdk/2.1.1/src/rp2_common/pico_stdio_uart/stdio_uart.c.obj
 .binary_info.__bi_ptr197
                0x10007a84        0x4 CMakeFiles/tocando-com-buzzers.dir/C_/Users/Elias/.pico-sdk/sdk/2.1.1/src/rp2_common/pico_stdio_usb/stdio_usb.c.obj
                0x10007a88                        __binary_info_end = .

.rel.dyn        0x10007a88        0x0
 .rel.iplt      0x10007a88        0x0 C:/Users/Elias/.pico-sdk/toolchain/14_2_Rel1/bin/../lib/gcc/arm-none-eabi/14.2.1/thumb/v6-m/nofp/crtbegin.o
                0x10007a88                        . = ALIGN (0x4)

.ram_vector_table
                0x20000000       0xc0
 *(.ram_vector_table)
 .ram_vector_table
                0x20000000       0xc0 CMakeFiles/tocando-com-buzzers.dir/C_/Users/Elias/.pico-sdk/sdk/2.1.1/src/rp2_common/pico_runtime_init/runtime_init.c.obj
                0x20000000                ram_vector_table

.uninitialized_data
                0x200000c0        0x0
                0x200000c0                        . = ALIGN (0x4)
 *(.uninitialized_data*)

.data           0x200000c0      0xfb8 load address 0x10007a88
                0x200000c0                        __data_start__ = .
 *(vtable)
 *(.time_critical*)
 .time_critical.mutex_try_enter
                0x200000c0       0x40 CMakeFiles/tocando-com-buzzers.dir/C_/Users/Elias/.pico-sdk/sdk/2.1.1/src/common/pico_sync/mutex.c.obj
                0x200000c0                mutex_try_enter
 .time_critical.mutex_try_enter_block_until
                0x20000100       0x98 CMakeFiles/tocando-com-buzzers.dir/C_/Users/Elias/.pico-sdk/sdk/2.1.1/src/common/pico_sync/mutex.c.obj
                0x20000100                mutex_try_enter_block_until
 .time_critical.mutex_enter_timeout_ms
                0x20000198       0x8c CMakeFiles/tocando-com-buzzers.dir/C_/Users/Elias/.pico-sdk/sdk/2.1.1/src/common/pico_sync/mutex.c.obj
                0x20000198                mutex_enter_timeout_ms
 .time_critical.mutex_exit
                0x20000224       0x28 CMakeFiles/tocando-com-buzzers.dir/C_/Users/Elias/.pico-sdk/sdk/2.1.1/src/common/pico_sync/mutex.c.obj
                0x20000224                mutex_exit
 .time_critical.flash_init_boot2_copyout
                0x2000024c       0x30 CMakeFiles/tocando-com-buzzers.dir/C_/Users/Elias/.pico-sdk/sdk/2.1.1/src/rp2_common/hardware_flash/flash.c.obj
 .time_critical.flash_enable_xip_via_boot2
                0x2000027c        0xc CMakeFiles/tocando-com-buzzers.dir/C_/Users/Elias/.pico-sdk/sdk/2.1.1/src/rp2_common/hardware_flash/flash.c.obj
 .time_critical.flash_cs_force
                0x20000288       0x38 CMakeFiles/tocando-com-buzzers.dir/C_/Users/Elias/.pico-sdk/sdk/2.1.1/src/rp2_common/hardware_flash/flash.c.obj
 .time_critical.flash_do_cmd
                0x200002c0      0x130 CMakeFiles/tocando-com-buzzers.dir/C_/Users/Elias/.pico-sdk/sdk/2.1.1/src/rp2_common/hardware_flash/flash.c.obj
                0x200002c0                flash_do_cmd
 .time_critical.reset_non_control_endpoints
                0x200003f0       0x68 CMakeFiles/tocando-com-buzzers.dir/C_/Users/Elias/.pico-sdk/sdk/2.1.1/lib/tinyusb/src/portable/raspberrypi/rp2040/dcd_rp2040.c.obj
 .time_critical.hw_handle_buff_status
                0x20000458       0xa0 CMakeFiles/tocando-com-buzzers.dir/C_/Users/Elias/.pico-sdk/sdk/2.1.1/lib/tinyusb/src/portable/raspberrypi/rp2040/dcd_rp2040.c.obj
 .time_critical.dcd_rp2040_irq
                0x200004f8      0x548 CMakeFiles/tocando-com-buzzers.dir/C_/Users/Elias/.pico-sdk/sdk/2.1.1/lib/tinyusb/src/portable/raspberrypi/rp2040/dcd_rp2040.c.obj
 .time_critical.prepare_ep_buffer
                0x20000a40       0xc8 CMakeFiles/tocando-com-buzzers.dir/C_/Users/Elias/.pico-sdk/sdk/2.1.1/lib/tinyusb/src/portable/raspberrypi/rp2040/rp2040_usb.c.obj
 .time_critical.sync_ep_buffer
                0x20000b08       0x9c CMakeFiles/tocando-com-buzzers.dir/C_/Users/Elias/.pico-sdk/sdk/2.1.1/lib/tinyusb/src/portable/raspberrypi/rp2040/rp2040_usb.c.obj
 .time_critical._hw_endpoint_xfer_sync
                0x20000ba4       0x28 CMakeFiles/tocando-com-buzzers.dir/C_/Users/Elias/.pico-sdk/sdk/2.1.1/lib/tinyusb/src/portable/raspberrypi/rp2040/rp2040_usb.c.obj
 .time_critical.e15_is_bulkin_ep
                0x20000bcc       0x28 CMakeFiles/tocando-com-buzzers.dir/C_/Users/Elias/.pico-sdk/sdk/2.1.1/lib/tinyusb/src/portable/raspberrypi/rp2040/rp2040_usb.c.obj
 .time_critical.e15_is_critical_frame_period
                0x20000bf4       0x34 CMakeFiles/tocando-com-buzzers.dir/C_/Users/Elias/.pico-sdk/sdk/2.1.1/lib/tinyusb/src/portable/raspberrypi/rp2040/rp2040_usb.c.obj
 .time_critical.hw_endpoint_reset_transfer
                0x20000c28        0xc CMakeFiles/tocando-com-buzzers.dir/C_/Users/Elias/.pico-sdk/sdk/2.1.1/lib/tinyusb/src/portable/raspberrypi/rp2040/rp2040_usb.c.obj
                0x20000c28                hw_endpoint_reset_transfer
 .time_critical._hw_endpoint_buffer_control_update32
                0x20000c34       0x50 CMakeFiles/tocando-com-buzzers.dir/C_/Users/Elias/.pico-sdk/sdk/2.1.1/lib/tinyusb/src/portable/raspberrypi/rp2040/rp2040_usb.c.obj
                0x20000c34                _hw_endpoint_buffer_control_update32
 .time_critical.hw_endpoint_start_next_buffer
                0x20000c84       0x68 CMakeFiles/tocando-com-buzzers.dir/C_/Users/Elias/.pico-sdk/sdk/2.1.1/lib/tinyusb/src/portable/raspberrypi/rp2040/rp2040_usb.c.obj
                0x20000c84                hw_endpoint_start_next_buffer
 .time_critical.hw_endpoint_xfer_continue
                0x20000cec       0x40 CMakeFiles/tocando-com-buzzers.dir/C_/Users/Elias/.pico-sdk/sdk/2.1.1/lib/tinyusb/src/portable/raspberrypi/rp2040/rp2040_usb.c.obj
                0x20000cec                hw_endpoint_xfer_continue
 .time_critical.tinyusb
                0x20000d2c      0x1e4 CMakeFiles/tocando-com-buzzers.dir/C_/Users/Elias/.pico-sdk/sdk/2.1.1/lib/tinyusb/src/device/usbd.c.obj
                0x20000d2c                dcd_event_handler
 *(.text*)
 .text          0x20000f10        0x4 C:/Users/Elias/.pico-sdk/toolchain/14_2_Rel1/bin/../lib/gcc/arm-none-eabi/14.2.1/thumb/v6-m/nofp\libgcc.a(_dvmd_tls.o)
                0x20000f10                __aeabi_idiv0
                0x20000f10                __aeabi_ldiv0
 *fill*         0x20000f14        0x4 
 .text.__stub   0x20000f18       0x80 linker stubs
                0x20000f98                        . = ALIGN (0x4)
 *(.rodata*)
                0x20000f98                        . = ALIGN (0x4)
 *(.data*)
 .data.striped_spin_lock_num
                0x20000f98        0x1 CMakeFiles/tocando-com-buzzers.dir/C_/Users/Elias/.pico-sdk/sdk/2.1.1/src/rp2_common/hardware_sync/sync.c.obj
 *fill*         0x20000f99        0x3 
 .data          0x20000f9c       0x48 CMakeFiles/tocando-com-buzzers.dir/C_/Users/Elias/.pico-sdk/sdk/2.1.1/src/rp2_common/hardware_irq/irq_handler_chain.S.obj
                0x20000f9c                irq_handler_chain_slots
                0x20000fcc                irq_handler_chain_first_slot
                0x20000fd6                irq_handler_chain_remove_tail
 .data.default_alarm_pool
                0x20000fe4       0x18 CMakeFiles/tocando-com-buzzers.dir/C_/Users/Elias/.pico-sdk/sdk/2.1.1/src/common/pico_time/time.c.obj
 *fill*         0x20000ffc        0x4 
 .data.aeabi_bits_funcs
                0x20001000       0x10 CMakeFiles/tocando-com-buzzers.dir/C_/Users/Elias/.pico-sdk/sdk/2.1.1/src/rp2_common/pico_bit_ops/bit_ops_aeabi.S.obj
                0x20001000                aeabi_bits_funcs
                0x20001010                aeabi_bits_funcs_end
 .data.aeabi_mem_funcs
                0x20001010       0x10 CMakeFiles/tocando-com-buzzers.dir/C_/Users/Elias/.pico-sdk/sdk/2.1.1/src/rp2_common/pico_mem_ops/mem_ops_aeabi.S.obj
                0x20001010                aeabi_mem_funcs
                0x20001020                aeabi_mem_funcs_end
 .data.stdio_uart
                0x20001020       0x18 CMakeFiles/tocando-com-buzzers.dir/C_/Users/Elias/.pico-sdk/sdk/2.1.1/src/rp2_common/pico_stdio_uart/stdio_uart.c.obj
                0x20001020                stdio_uart
 .data.stdio_usb
                0x20001038       0x18 CMakeFiles/tocando-com-buzzers.dir/C_/Users/Elias/.pico-sdk/sdk/2.1.1/src/rp2_common/pico_stdio_usb/stdio_usb.c.obj
                0x20001038                stdio_usb
 .data._usbd_qdef
                0x20001050       0x1c CMakeFiles/tocando-com-buzzers.dir/C_/Users/Elias/.pico-sdk/sdk/2.1.1/lib/tinyusb/src/device/usbd.c.obj
                0x20001050                _usbd_qdef
 .data._usbd_rhport
                0x2000106c        0x1 CMakeFiles/tocando-com-buzzers.dir/C_/Users/Elias/.pico-sdk/sdk/2.1.1/lib/tinyusb/src/device/usbd.c.obj
                0x20001070                        . = ALIGN (0x4)
 *fill*         0x2000106d        0x3 
 *(.after_data.*)
                0x20001070                        . = ALIGN (0x4)
                0x20001070                        PROVIDE (__mutex_array_start = .)
 *(SORT_BY_NAME(.mutex_array.*))
 *(.mutex_array)
 .mutex_array   0x20001070        0x8 CMakeFiles/tocando-com-buzzers.dir/C_/Users/Elias/.pico-sdk/sdk/2.1.1/src/rp2_common/pico_stdio/stdio.c.obj
                0x20001078                        PROVIDE (__mutex_array_end = .)
                0x20001078                        . = ALIGN (0x4)
 *(.jcr)
                0x20001078                        . = ALIGN (0x4)

.tm_clone_table
                0x20001078        0x0 load address 0x10008a40
 .tm_clone_table
                0x20001078        0x0 C:/Users/Elias/.pico-sdk/toolchain/14_2_Rel1/bin/../lib/gcc/arm-none-eabi/14.2.1/thumb/v6-m/nofp/crtbegin.o
 .tm_clone_table
                0x20001078        0x0 C:/Users/Elias/.pico-sdk/toolchain/14_2_Rel1/bin/../lib/gcc/arm-none-eabi/14.2.1/thumb/v6-m/nofp/crtend.o

.igot.plt       0x20001078        0x0 load address 0x10008a40
 .igot.plt      0x20001078        0x0 C:/Users/Elias/.pico-sdk/toolchain/14_2_Rel1/bin/../lib/gcc/arm-none-eabi/14.2.1/thumb/v6-m/nofp/crtbegin.o

.tdata          0x20001078        0x0 load address 0x10008a40
                0x20001078                        . = ALIGN (0x4)
 *(.tdata .tdata.* .gnu.linkonce.td.*)
                0x20001078                        __tdata_end = .
                0x20001078                        PROVIDE (__data_end__ = .)
                0x10007a88                        __etext = LOADADDR (.data)

.tbss           0x20001078        0x0 load address 0x10008a40
                0x20001078                        . = ALIGN (0x4)
                0x20001078                        __bss_start__ = .
                0x20001078                        __tls_base = .
 *(.tbss .tbss.* .gnu.linkonce.tb.*)
 *(.tcommon)
                0x20001078                        __tls_end = .

.bss            0x20001078      0xf28 load address 0x10008a40
                0x20001078                        . = ALIGN (0x4)
                0x20001078                        __tbss_end = .
 *(SORT_BY_ALIGNMENT(SORT_BY_NAME(.bss*)))
 .bss.default_alarm_pool_entries
                0x20001078      0x180 CMakeFiles/tocando-com-buzzers.dir/C_/Users/Elias/.pico-sdk/sdk/2.1.1/src/common/pico_time/time.c.obj
 .bss.last_avail_time.1
                0x200011f8        0x8 CMakeFiles/tocando-com-buzzers.dir/C_/Users/Elias/.pico-sdk/sdk/2.1.1/src/rp2_common/pico_stdio_usb/stdio_usb.c.obj
 .bss.sd_table  0x20001200      0x100 CMakeFiles/tocando-com-buzzers.dir/C_/Users/Elias/.pico-sdk/sdk/2.1.1/src/rp2_common/pico_double/double_init_rom_rp2040.c.obj
                0x20001200                sd_table
 .bss._app_driver
                0x20001300        0x4 CMakeFiles/tocando-com-buzzers.dir/C_/Users/Elias/.pico-sdk/sdk/2.1.1/lib/tinyusb/src/device/usbd.c.obj
 .bss._cdcd_epbuf
                0x20001304       0x80 CMakeFiles/tocando-com-buzzers.dir/C_/Users/Elias/.pico-sdk/sdk/2.1.1/lib/tinyusb/src/class/cdc/cdc_device.c.obj
 .bss._cdcd_fifo_cfg
                0x20001384        0x1 CMakeFiles/tocando-com-buzzers.dir/C_/Users/Elias/.pico-sdk/sdk/2.1.1/lib/tinyusb/src/class/cdc/cdc_device.c.obj
 *fill*         0x20001385        0x3 
 .bss._cdcd_itf
                0x20001388       0xc8 CMakeFiles/tocando-com-buzzers.dir/C_/Users/Elias/.pico-sdk/sdk/2.1.1/lib/tinyusb/src/class/cdc/cdc_device.c.obj
 .bss._ctrl_epbuf
                0x20001450       0x40 CMakeFiles/tocando-com-buzzers.dir/C_/Users/Elias/.pico-sdk/sdk/2.1.1/lib/tinyusb/src/device/usbd_control.c.obj
 .bss._ctrl_xfer
                0x20001490       0x14 CMakeFiles/tocando-com-buzzers.dir/C_/Users/Elias/.pico-sdk/sdk/2.1.1/lib/tinyusb/src/device/usbd_control.c.obj
 .bss._tusb_rhport_role
                0x200014a4        0x2 CMakeFiles/tocando-com-buzzers.dir/C_/Users/Elias/.pico-sdk/sdk/2.1.1/lib/tinyusb/src/tusb.c.obj
                0x200014a4                _tusb_rhport_role
 *fill*         0x200014a6        0x2 
 .bss._ubsd_mutexdef
                0x200014a8        0x8 CMakeFiles/tocando-com-buzzers.dir/C_/Users/Elias/.pico-sdk/sdk/2.1.1/lib/tinyusb/src/device/usbd.c.obj
 .bss._usbd_dev
                0x200014b0       0x54 CMakeFiles/tocando-com-buzzers.dir/C_/Users/Elias/.pico-sdk/sdk/2.1.1/lib/tinyusb/src/device/usbd.c.obj
 .bss._usbd_mutex
                0x20001504        0x4 CMakeFiles/tocando-com-buzzers.dir/C_/Users/Elias/.pico-sdk/sdk/2.1.1/lib/tinyusb/src/device/usbd.c.obj
 .bss._usbd_q   0x20001508        0x4 CMakeFiles/tocando-com-buzzers.dir/C_/Users/Elias/.pico-sdk/sdk/2.1.1/lib/tinyusb/src/device/usbd.c.obj
 .bss._usbd_qdef_buf
                0x2000150c       0xc0 CMakeFiles/tocando-com-buzzers.dir/C_/Users/Elias/.pico-sdk/sdk/2.1.1/lib/tinyusb/src/device/usbd.c.obj
                0x2000150c                _usbd_qdef_buf
 .bss._vendord_epbuf
                0x200015cc       0x80 CMakeFiles/tocando-com-buzzers.dir/C_/Users/Elias/.pico-sdk/sdk/2.1.1/lib/tinyusb/src/class/vendor/vendor_device.c.obj
 .bss._vendord_itf
                0x2000164c      0x24c CMakeFiles/tocando-com-buzzers.dir/C_/Users/Elias/.pico-sdk/sdk/2.1.1/lib/tinyusb/src/class/vendor/vendor_device.c.obj
 .bss.boot2_copyout
                0x20001898      0x100 CMakeFiles/tocando-com-buzzers.dir/C_/Users/Elias/.pico-sdk/sdk/2.1.1/src/rp2_common/hardware_flash/flash.c.obj
 .bss.callbacks
                0x20001998        0x8 CMakeFiles/tocando-com-buzzers.dir/C_/Users/Elias/.pico-sdk/sdk/2.1.1/src/rp2_common/hardware_gpio/gpio.c.obj
 .bss.chars_available_callback
                0x200019a0        0x4 CMakeFiles/tocando-com-buzzers.dir/C_/Users/Elias/.pico-sdk/sdk/2.1.1/src/rp2_common/pico_stdio_uart/stdio_uart.c.obj
 .bss.chars_available_callback
                0x200019a4        0x4 CMakeFiles/tocando-com-buzzers.dir/C_/Users/Elias/.pico-sdk/sdk/2.1.1/src/rp2_common/pico_stdio_usb/stdio_usb.c.obj
 .bss.chars_available_param
                0x200019a8        0x4 CMakeFiles/tocando-com-buzzers.dir/C_/Users/Elias/.pico-sdk/sdk/2.1.1/src/rp2_common/pico_stdio_uart/stdio_uart.c.obj
 .bss.chars_available_param
                0x200019ac        0x4 CMakeFiles/tocando-com-buzzers.dir/C_/Users/Elias/.pico-sdk/sdk/2.1.1/src/rp2_common/pico_stdio_usb/stdio_usb.c.obj
 .bss.claimed   0x200019b0        0x4 CMakeFiles/tocando-com-buzzers.dir/C_/Users/Elias/.pico-sdk/sdk/2.1.1/src/rp2_common/hardware_sync/sync.c.obj
 .bss.claimed   0x200019b4        0x1 CMakeFiles/tocando-com-buzzers.dir/C_/Users/Elias/.pico-sdk/sdk/2.1.1/src/rp2_common/hardware_timer/timer.c.obj
 *fill*         0x200019b5        0x3 
 .bss.configured_freq
                0x200019b8       0x28 CMakeFiles/tocando-com-buzzers.dir/C_/Users/Elias/.pico-sdk/sdk/2.1.1/src/rp2_common/hardware_clocks/clocks.c.obj
 .bss.desc_str.0
                0x200019e0       0x28 CMakeFiles/tocando-com-buzzers.dir/C_/Users/Elias/.pico-sdk/sdk/2.1.1/src/rp2_common/pico_stdio_usb/stdio_usb_descriptors.c.obj
 .bss.drivers   0x20001a08        0x4 CMakeFiles/tocando-com-buzzers.dir/C_/Users/Elias/.pico-sdk/sdk/2.1.1/src/rp2_common/pico_stdio/stdio.c.obj
 .bss.e15_last_sof
                0x20001a0c        0x4 CMakeFiles/tocando-com-buzzers.dir/C_/Users/Elias/.pico-sdk/sdk/2.1.1/lib/tinyusb/src/portable/raspberrypi/rp2040/rp2040_usb.c.obj
                0x20001a0c                e15_last_sof
 .bss.filter    0x20001a10        0x4 CMakeFiles/tocando-com-buzzers.dir/C_/Users/Elias/.pico-sdk/sdk/2.1.1/src/rp2_common/pico_stdio/stdio.c.obj
 .bss.hw_endpoints
                0x20001a14      0x400 CMakeFiles/tocando-com-buzzers.dir/C_/Users/Elias/.pico-sdk/sdk/2.1.1/lib/tinyusb/src/portable/raspberrypi/rp2040/dcd_rp2040.c.obj
 .bss.last_interruption_a
                0x20001e14        0x4 CMakeFiles/tocando-com-buzzers.dir/src/timers_callback.c.obj
 .bss.last_interruption_b
                0x20001e18        0x4 CMakeFiles/tocando-com-buzzers.dir/src/timers_callback.c.obj
 .bss.lazy_vsnprintf
                0x20001e1c        0x4 CMakeFiles/tocando-com-buzzers.dir/C_/Users/Elias/.pico-sdk/sdk/2.1.1/src/rp2_common/pico_printf/printf.c.obj
 .bss.load_value
                0x20001e20        0x4 CMakeFiles/tocando-com-buzzers.dir/C_/Users/Elias/.pico-sdk/sdk/2.1.1/src/rp2_common/hardware_watchdog/watchdog.c.obj
 .bss.next_buffer_ptr
                0x20001e24        0x4 CMakeFiles/tocando-com-buzzers.dir/C_/Users/Elias/.pico-sdk/sdk/2.1.1/lib/tinyusb/src/portable/raspberrypi/rp2040/dcd_rp2040.c.obj
 .bss.object.0  0x20001e28       0x18 C:/Users/Elias/.pico-sdk/toolchain/14_2_Rel1/bin/../lib/gcc/arm-none-eabi/14.2.1/thumb/v6-m/nofp/crtbegin.o
 .bss.one_shot_timer_crit_sec
                0x20001e40        0x8 CMakeFiles/tocando-com-buzzers.dir/C_/Users/Elias/.pico-sdk/sdk/2.1.1/src/rp2_common/pico_stdio_usb/stdio_usb.c.obj
 .bss.pools     0x20001e48       0x10 CMakeFiles/tocando-com-buzzers.dir/C_/Users/Elias/.pico-sdk/sdk/2.1.1/src/common/pico_time/time.c.obj
 .bss.raw_irq_mask
                0x20001e58        0x8 CMakeFiles/tocando-com-buzzers.dir/C_/Users/Elias/.pico-sdk/sdk/2.1.1/src/rp2_common/hardware_gpio/gpio.c.obj
 .bss.retrieved_id
                0x20001e60        0x8 CMakeFiles/tocando-com-buzzers.dir/C_/Users/Elias/.pico-sdk/sdk/2.1.1/src/rp2_common/pico_unique_id/unique_id.c.obj
 .bss.sf_clz_func
                0x20001e68        0x4 CMakeFiles/tocando-com-buzzers.dir/C_/Users/Elias/.pico-sdk/sdk/2.1.1/src/rp2_common/pico_double/double_init_rom_rp2040.c.obj
                0x20001e68                sf_clz_func
 .bss.sf_table  0x20001e6c      0x100 CMakeFiles/tocando-com-buzzers.dir/C_/Users/Elias/.pico-sdk/sdk/2.1.1/src/rp2_common/pico_float/float_init_rom_rp2040.c.obj
                0x20001e6c                sf_table
 .bss.sleep_notifier
                0x20001f6c        0x4 CMakeFiles/tocando-com-buzzers.dir/C_/Users/Elias/.pico-sdk/sdk/2.1.1/src/common/pico_time/time.c.obj
 .bss.slice_num
                0x20001f70        0x4 CMakeFiles/tocando-com-buzzers.dir/src/main.c.obj
 .bss.stdio_usb_mutex
                0x20001f74        0x8 CMakeFiles/tocando-com-buzzers.dir/C_/Users/Elias/.pico-sdk/sdk/2.1.1/src/rp2_common/pico_stdio_usb/stdio_usb.c.obj
 .bss.uart_char_to_line_feed
                0x20001f7c        0x4 CMakeFiles/tocando-com-buzzers.dir/C_/Users/Elias/.pico-sdk/sdk/2.1.1/src/rp2_common/hardware_uart/uart.c.obj
                0x20001f7c                uart_char_to_line_feed
 .bss.uart_instance
                0x20001f80        0x4 CMakeFiles/tocando-com-buzzers.dir/C_/Users/Elias/.pico-sdk/sdk/2.1.1/src/rp2_common/pico_stdio_uart/stdio_uart.c.obj
 .bss.usbd_serial_str
                0x20001f84       0x11 CMakeFiles/tocando-com-buzzers.dir/C_/Users/Elias/.pico-sdk/sdk/2.1.1/src/rp2_common/pico_stdio_usb/stdio_usb_descriptors.c.obj
 .bss._app_driver_count